Archive member included because of file (symbol)

/usr/lib/gcc/arm-none-eabi/4.8.2/../../../arm-none-eabi/lib/armv7e-m/softfp/libg.a(lib_a-atexit.o)
                              /usr/lib/gcc/arm-none-eabi/4.8.2/../../../arm-none-eabi/lib/armv7e-m/softfp/crt0.o (atexit)
/usr/lib/gcc/arm-none-eabi/4.8.2/../../../arm-none-eabi/lib/armv7e-m/softfp/libg.a(lib_a-ctype_.o)
                              parser.o (__ctype_ptr__)
/usr/lib/gcc/arm-none-eabi/4.8.2/../../../arm-none-eabi/lib/armv7e-m/softfp/libg.a(lib_a-errno.o)
                              syscall.o (__errno)
/usr/lib/gcc/arm-none-eabi/4.8.2/../../../arm-none-eabi/lib/armv7e-m/softfp/libg.a(lib_a-exit.o)
                              /usr/lib/gcc/arm-none-eabi/4.8.2/../../../arm-none-eabi/lib/armv7e-m/softfp/crt0.o (exit)
/usr/lib/gcc/arm-none-eabi/4.8.2/../../../arm-none-eabi/lib/armv7e-m/softfp/libg.a(lib_a-fini.o)
                              /usr/lib/gcc/arm-none-eabi/4.8.2/../../../arm-none-eabi/lib/armv7e-m/softfp/crt0.o (__libc_fini_array)
/usr/lib/gcc/arm-none-eabi/4.8.2/../../../arm-none-eabi/lib/armv7e-m/softfp/libg.a(lib_a-impure.o)
                              /usr/lib/gcc/arm-none-eabi/4.8.2/../../../arm-none-eabi/lib/armv7e-m/softfp/libg.a(lib_a-exit.o) (_global_impure_ptr)
/usr/lib/gcc/arm-none-eabi/4.8.2/../../../arm-none-eabi/lib/armv7e-m/softfp/libg.a(lib_a-init.o)
                              /usr/lib/gcc/arm-none-eabi/4.8.2/../../../arm-none-eabi/lib/armv7e-m/softfp/crt0.o (__libc_init_array)
/usr/lib/gcc/arm-none-eabi/4.8.2/../../../arm-none-eabi/lib/armv7e-m/softfp/libg.a(lib_a-memset.o)
                              /usr/lib/gcc/arm-none-eabi/4.8.2/../../../arm-none-eabi/lib/armv7e-m/softfp/crt0.o (memset)
/usr/lib/gcc/arm-none-eabi/4.8.2/../../../arm-none-eabi/lib/armv7e-m/softfp/libg.a(lib_a-putchar.o)
                              parser.o (putchar)
/usr/lib/gcc/arm-none-eabi/4.8.2/../../../arm-none-eabi/lib/armv7e-m/softfp/libg.a(lib_a-puts.o)
                              main.o (puts)
/usr/lib/gcc/arm-none-eabi/4.8.2/../../../arm-none-eabi/lib/armv7e-m/softfp/libg.a(lib_a-rand.o)
                              task_executive_cmd.o (rand)
/usr/lib/gcc/arm-none-eabi/4.8.2/../../../arm-none-eabi/lib/armv7e-m/softfp/libg.a(lib_a-setvbuf.o)
                              terminal.o (setvbuf)
/usr/lib/gcc/arm-none-eabi/4.8.2/../../../arm-none-eabi/lib/armv7e-m/softfp/libg.a(lib_a-strcasecmp.o)
                              parser.o (strcasecmp)
/usr/lib/gcc/arm-none-eabi/4.8.2/../../../arm-none-eabi/lib/armv7e-m/softfp/libg.a(lib_a-strcpy.o)
                              parser.o (strcpy)
/usr/lib/gcc/arm-none-eabi/4.8.2/../../../arm-none-eabi/lib/armv7e-m/softfp/libg.a(lib_a-strlen.o)
                              parser.o (strlen)
/usr/lib/gcc/arm-none-eabi/4.8.2/../../../arm-none-eabi/lib/armv7e-m/softfp/libg.a(lib_a-strtok.o)
                              parser.o (strtok)
/usr/lib/gcc/arm-none-eabi/4.8.2/../../../arm-none-eabi/lib/armv7e-m/softfp/libg.a(lib_a-strtok_r.o)
                              /usr/lib/gcc/arm-none-eabi/4.8.2/../../../arm-none-eabi/lib/armv7e-m/softfp/libg.a(lib_a-strtok.o) (__strtok_r)
/usr/lib/gcc/arm-none-eabi/4.8.2/../../../arm-none-eabi/lib/armv7e-m/softfp/libg.a(lib_a-strtol.o)
                              parser.o (strtol)
/usr/lib/gcc/arm-none-eabi/4.8.2/../../../arm-none-eabi/lib/armv7e-m/softfp/libg.a(lib_a-strtoul.o)
                              parser.o (strtoul)
/usr/lib/gcc/arm-none-eabi/4.8.2/../../../arm-none-eabi/lib/armv7e-m/softfp/libg.a(lib_a-__atexit.o)
                              /usr/lib/gcc/arm-none-eabi/4.8.2/../../../arm-none-eabi/lib/armv7e-m/softfp/libg.a(lib_a-atexit.o) (__register_exitproc)
/usr/lib/gcc/arm-none-eabi/4.8.2/../../../arm-none-eabi/lib/armv7e-m/softfp/libg.a(lib_a-__call_atexit.o)
                              /usr/lib/gcc/arm-none-eabi/4.8.2/../../../arm-none-eabi/lib/armv7e-m/softfp/libg.a(lib_a-exit.o) (__call_exitprocs)
/usr/lib/gcc/arm-none-eabi/4.8.2/../../../arm-none-eabi/lib/armv7e-m/softfp/libg.a(lib_a-fflush.o)
                              /usr/lib/gcc/arm-none-eabi/4.8.2/../../../arm-none-eabi/lib/armv7e-m/softfp/libg.a(lib_a-setvbuf.o) (_fflush_r)
/usr/lib/gcc/arm-none-eabi/4.8.2/../../../arm-none-eabi/lib/armv7e-m/softfp/libg.a(lib_a-findfp.o)
                              /usr/lib/gcc/arm-none-eabi/4.8.2/../../../arm-none-eabi/lib/armv7e-m/softfp/libg.a(lib_a-setvbuf.o) (_cleanup_r)
/usr/lib/gcc/arm-none-eabi/4.8.2/../../../arm-none-eabi/lib/armv7e-m/softfp/libg.a(lib_a-freer.o)
                              /usr/lib/gcc/arm-none-eabi/4.8.2/../../../arm-none-eabi/lib/armv7e-m/softfp/libg.a(lib_a-setvbuf.o) (_free_r)
/usr/lib/gcc/arm-none-eabi/4.8.2/../../../arm-none-eabi/lib/armv7e-m/softfp/libg.a(lib_a-fvwrite.o)
                              /usr/lib/gcc/arm-none-eabi/4.8.2/../../../arm-none-eabi/lib/armv7e-m/softfp/libg.a(lib_a-puts.o) (__sfvwrite_r)
[...]
Memory Configuration

Name             Origin             Length             Attributes
FLASH            0x0000000008000000 0x0000000000040000 xr
RAM              0x0000000020000000 0x000000000000a000 xrw
CCMRAM           0x0000000010000000 0x0000000000002000 rw
*default*        0x0000000000000000 0xffffffffffffffff

Linker script and memory map

LOAD /usr/lib/gcc/arm-none-eabi/4.8.2/armv7e-m/softfp/crti.o
LOAD /usr/lib/gcc/arm-none-eabi/4.8.2/armv7e-m/softfp/crtbegin.o
LOAD /usr/lib/gcc/arm-none-eabi/4.8.2/../../../arm-none-eabi/lib/armv7e-m/softfp/crt0.o
LOAD main.o
LOAD monitor.o
LOAD uart.o
LOAD parser.o
LOAD dump.o
LOAD syscall.o
LOAD terminal.o
LOAD decoder/decoder.o
LOAD decoder/STM32F30x_decoder.o
LOAD printf_stdarg.o
LOAD mytest.o
LOAD mycode.o
LOAD simpleTask.o
LOAD task_executive.o
LOAD task_executive_cmd.o
LOAD Drivers/CMSIS/Device/ST/STM32F3xx/Source/Templates/system_stm32f3xx.o
LOAD Drivers/STM32F3xx_HAL_Driver/Src/stm32f3xx_hal_rcc.o
LOAD Drivers/STM32F3xx_HAL_Driver/Src/stm32f3xx_hal.o
LOAD Drivers/STM32F3xx_HAL_Driver/Src/stm32f3xx_hal_cortex.o
LOAD Drivers/STM32F3xx_HAL_Driver/Src/stm32f3xx_hal_uart.o
LOAD Drivers/STM32F3xx_HAL_Driver/Src/stm32f3xx_hal_gpio.o
LOAD Drivers/STM32F3xx_HAL_Driver/Src/stm32f3xx_hal_pcd.o
LOAD Drivers/STM32F3xx_HAL_Driver/Src/stm32f3xx_hal_pcd_ex.o
LOAD Drivers/STM32F3xx_HAL_Driver/Src/stm32f3xx_hal_i2c.o
LOAD Drivers/STM32F3xx_HAL_Driver/Src/stm32f3xx_hal_spi.o
LOAD Drivers/STM32_USB_Device_Library/Core/Src/usbd_core.o
LOAD Drivers/STM32_USB_Device_Library/Core/Src/usbd_ctlreq.o
LOAD Drivers/STM32_USB_Device_Library/Core/Src/usbd_ioreq.o
LOAD Drivers/STM32_USB_Device_Library/Class/CDC/Src/usbd_cdc.o
LOAD usbd_conf.o
LOAD usbd_desc.o
LOAD usbd_cdc_interface.o
LOAD Drivers/BSP/STM32F3-Discovery/stm32f3_discovery.o
LOAD Drivers/BSP/STM32F3-Discovery/stm32f3_discovery_accelerometer.o
LOAD Drivers/BSP/STM32F3-Discovery/stm32f3_discovery_gyroscope.o
LOAD Drivers/BSP/Components/lsm303dlhc/lsm303dlhc.o
LOAD Drivers/BSP/Components/l3gd20/l3gd20.o
LOAD Drivers/CMSIS/Device/ST/STM32F3xx/Source/Templates/gcc/startup_stm32f303xc.o
START GROUP
LOAD /usr/lib/gcc/arm-none-eabi/4.8.2/armv7e-m/softfp/libgcc.a
LOAD /usr/lib/gcc/arm-none-eabi/4.8.2/../../../arm-none-eabi/lib/armv7e-m/softfp/libg.a
LOAD /usr/lib/gcc/arm-none-eabi/4.8.2/../../../arm-none-eabi/lib/armv7e-m/softfp/libc.a
END GROUP
LOAD /usr/lib/gcc/arm-none-eabi/4.8.2/armv7e-m/softfp/crtend.o
LOAD /usr/lib/gcc/arm-none-eabi/4.8.2/armv7e-m/softfp/crtn.o
                0x0000000020007fff                _estack = 0x20007fff
                0x0000000000000200                _Min_Heap_Size = 0x200
                0x0000000000000400                _Min_Stack_Size = 0x400

.isr_vector     0x0000000008000000      0x188
                0x0000000008000000                . = ALIGN (0x4)
 *(.isr_vector)
 .isr_vector    0x0000000008000000      0x188 Drivers/CMSIS/Device/ST/STM32F3xx/Source/Templates/gcc/startup_stm32f303xc.o
                0x0000000008000000                g_pfnVectors
                0x0000000008000188                . = ALIGN (0x4)

.text           0x0000000008000188     0x6f58
                0x0000000008000188                . = ALIGN (0x4)
 *(.text)
 .text          0x0000000008000188       0xc8 /usr/lib/gcc/arm-none-eabi/4.8.2/armv7e-m/softfp/crtbegin.o
 .text          0x0000000008000250       0x3c mycode.o
                0x0000000008000250                mytest
                0x0000000008000268                my_Tick
                0x000000000800027c                my_Loop
                0x0000000008000280                my_Init
 .text          0x000000000800028c      0x134 /usr/lib/gcc/arm-none-eabi/4.8.2/../../../arm-none-eabi/lib/armv7e-m/softfp/libg.a(lib_a-memcpy.o)
                0x000000000800028c                memcpy
 *(.text*)
 .text.CmdLED   0x00000000080003c0       0x5c main.o
                0x00000000080003c0                CmdLED
 .text.CmdAccel
                0x000000000800041c       0x28 main.o
                0x000000000800041c                CmdAccel
 .text.CmdGyro  0x0000000008000444       0x54 main.o
                0x0000000008000444                CmdGyro
 .text.CmdButton
                0x0000000008000498       0x2c main.o
                0x0000000008000498                CmdButton
 .text.Error_Handler
                0x00000000080004c4        0xa main.o
                0x00000000080004c4                Error_Handler
 *fill*         0x00000000080004ce        0x2 
 .text.startup.main
                0x00000000080004d0       0x90 main.o
                0x00000000080004d0                main
 .text.SysTick_Handler
                0x0000000008000560        0x4 main.o
                0x0000000008000560                SysTick_Handler
 .text.CmdW     0x0000000008000564       0x1c monitor.o
                0x0000000008000564                CmdW
 .text.CmdR     0x0000000008000580       0x20 monitor.o
                0x0000000008000580                CmdR
 .text.parse    0x00000000080005a0       0xfc parser.o
                0x00000000080005a0                parse
 .text.TaskInput
                0x000000000800069c      0x12c parser.o
                0x000000000800069c                TaskInput
 .text.fetch_uint32_arg
                0x00000000080007c8       0x28 parser.o
                0x00000000080007c8                fetch_uint32_arg
 .text.fetch_string_arg
                0x00000000080007f0       0x20 parser.o
                0x00000000080007f0                fetch_string_arg
 .text.DumpBuffer
                0x0000000008000810       0xa4 dump.o
                0x0000000008000810                DumpBuffer
 .text.CmdDump  0x00000000080008b4       0x54 dump.o
                0x00000000080008b4                CmdDump
 .text._sbrk_r  0x0000000008000908       0x34 syscall.o
                0x0000000008000908                _sbrk_r
 .text._close_r
                0x000000000800093c        0x6 syscall.o
                0x000000000800093c                _close_r
 .text._fstat_r
                0x0000000008000942        0xa syscall.o
                0x0000000008000942                _fstat_r
 .text._isatty_r
                0x000000000800094c        0x4 syscall.o
                0x000000000800094c                _isatty_r
 .text._lseek_r
                0x0000000008000950        0x4 syscall.o
                0x0000000008000950                _lseek_r
 .text.USBD_CDC_DataIn
                0x0000000008000954       0x80 terminal.o
 .text.CmdStats
                0x00000000080009d4       0x50 terminal.o
                0x00000000080009d4                CmdStats
 .text.TerminalInit
                0x0000000008000a24       0x7c terminal.o
                0x0000000008000a24                TerminalInit
 .text.TerminalRead
                0x0000000008000aa0       0x48 terminal.o
                0x0000000008000aa0                TerminalRead
 .text._read_r  0x0000000008000ae8        0xa terminal.o
                0x0000000008000ae8                _read_r
 .text.TerminalReadNonBlock
                0x0000000008000af2       0x12 terminal.o
                0x0000000008000af2                TerminalReadNonBlock
 .text.TerminalReadAnyNonBlock
                0x0000000008000b04       0x12 terminal.o
                0x0000000008000b04                TerminalReadAnyNonBlock
 *fill*         0x0000000008000b16        0x2 
 .text.TerminalOutputBufferWrite
                0x0000000008000b18       0xf0 terminal.o
                0x0000000008000b18                TerminalOutputBufferWrite
 .text._write_r
                0x0000000008000c08       0x38 terminal.o
                0x0000000008000c08                _write_r
 .text.TerminalInputBufferWrite
                0x0000000008000c40       0x74 terminal.o
                0x0000000008000c40                TerminalInputBufferWrite
 .text.USB_LP_CAN_RX0_IRQHandler
                0x0000000008000cb4        0xc terminal.o
                0x0000000008000cb4                USB_LP_CAN_RX0_IRQHandler
 .text.DecodeReadRegister
                0x0000000008000cc0       0x40 decoder/decoder.o
                0x0000000008000cc0                DecodeReadRegister
 .text.DecodeWriteRegister
                0x0000000008000d00       0x3c decoder/decoder.o
                0x0000000008000d00                DecodeWriteRegister
 .text.DecodeField
                0x0000000008000d3c       0x40 decoder/decoder.o
                0x0000000008000d3c                DecodeField
 .text.DecodeRegister
                0x0000000008000d7c       0x4c decoder/decoder.o
                0x0000000008000d7c                DecodeRegister
 .text.DecodePeripheral
                0x0000000008000dc8       0x3c decoder/decoder.o
                0x0000000008000dc8                DecodePeripheral
 .text.DecodePrintPeripherals
                0x0000000008000e04       0x50 decoder/decoder.o
                0x0000000008000e04                DecodePrintPeripherals
 .text.DecodePrintRegisters
                0x0000000008000e54       0x54 decoder/decoder.o
                0x0000000008000e54                DecodePrintRegisters
 .text.CmdDecode
                0x0000000008000ea8      0x1f8 decoder/decoder.o
                0x0000000008000ea8                CmdDecode
 .text.printchar
                0x00000000080010a0       0x28 printf_stdarg.o
 .text.prints   0x00000000080010c8       0x82 printf_stdarg.o
 .text.printi   0x000000000800114a       0x9a printf_stdarg.o
 .text.print    0x00000000080011e4      0x120 printf_stdarg.o
 .text.printf   0x0000000008001304       0x1c printf_stdarg.o
                0x0000000008001304                printf
 .text.CmdTest  0x0000000008001320       0x30 mytest.o
                0x0000000008001320                CmdTest
 .text.CmdCount
                0x0000000008001350       0x38 simpleTask.o
                0x0000000008001350                CmdCount
 .text.TaskCounter
                0x0000000008001388       0x20 simpleTask.o
                0x0000000008001388                TaskCounter
 .text.TaskInit
                0x00000000080013a8       0x24 task_executive.o
                0x00000000080013a8                TaskInit
 .text.TaskAdd  0x00000000080013cc       0x70 task_executive.o
                0x00000000080013cc                TaskAdd
 .text.TaskKill
                0x000000000800143c       0x38 task_executive.o
                0x000000000800143c                TaskKill
 .text.TaskSwitcher
                0x0000000008001474       0x74 task_executive.o
                0x0000000008001474                TaskSwitcher
 .text.TaskShell
                0x00000000080014e8       0x24 task_executive.o
 .text.TaskLedOn
                0x000000000800150c       0x3c task_executive_cmd.o
                0x000000000800150c                TaskLedOn
 .text.TaskLedOff
                0x0000000008001548       0x3c task_executive_cmd.o
                0x0000000008001548                TaskLedOff
 .text.TaskAccel
                0x0000000008001584       0x30 task_executive_cmd.o
                0x0000000008001584                TaskAccel
 .text.TaskPB   0x00000000080015b4       0x2c task_executive_cmd.o
                0x00000000080015b4                TaskPB
 .text.TaskGyro
                0x00000000080015e0       0x54 task_executive_cmd.o
                0x00000000080015e0                TaskGyro
 .text.CmdTaskKill
                0x0000000008001634       0x30 task_executive_cmd.o
                0x0000000008001634                CmdTaskKill
 .text.CmdTasks
                0x0000000008001664       0x98 task_executive_cmd.o
                0x0000000008001664                CmdTasks
 .text.CmdTaskAdd
                0x00000000080016fc       0x88 task_executive_cmd.o
                0x00000000080016fc                CmdTaskAdd
 .text.SystemInit
                0x0000000008001784       0x68 Drivers/CMSIS/Device/ST/STM32F3xx/Source/Templates/system_stm32f3xx.o
                0x0000000008001784                SystemInit
 .text.HAL_RCC_OscConfig
                0x00000000080017ec      0x644 Drivers/STM32F3xx_HAL_Driver/Src/stm32f3xx_hal_rcc.o
                0x00000000080017ec                HAL_RCC_OscConfig
 .text.HAL_RCC_ClockConfig
                0x0000000008001e30      0x2fc Drivers/STM32F3xx_HAL_Driver/Src/stm32f3xx_hal_rcc.o
                0x0000000008001e30                HAL_RCC_ClockConfig
 .text.HAL_RCC_GetSysClockFreq
                0x000000000800212c       0x6c Drivers/STM32F3xx_HAL_Driver/Src/stm32f3xx_hal_rcc.o
                0x000000000800212c                HAL_RCC_GetSysClockFreq
 .text.HAL_RCC_GetHCLKFreq
                0x0000000008002198       0x38 Drivers/STM32F3xx_HAL_Driver/Src/stm32f3xx_hal_rcc.o
                0x0000000008002198                HAL_RCC_GetHCLKFreq
 .text.HAL_MspInit
                0x00000000080021d0        0x2 Drivers/STM32F3xx_HAL_Driver/Src/stm32f3xx_hal.o
                0x00000000080021d0                HAL_MspInit
 .text.HAL_InitTick
                0x00000000080021d2       0x24 Drivers/STM32F3xx_HAL_Driver/Src/stm32f3xx_hal.o
                0x00000000080021d2                HAL_InitTick
 *fill*         0x00000000080021f6        0x2 
 .text.HAL_Init
                0x00000000080021f8       0x24 Drivers/STM32F3xx_HAL_Driver/Src/stm32f3xx_hal.o
                0x00000000080021f8                HAL_Init
 .text.HAL_IncTick
                0x000000000800221c       0x10 Drivers/STM32F3xx_HAL_Driver/Src/stm32f3xx_hal.o
                0x000000000800221c                HAL_IncTick
 .text.HAL_GetTick
                0x000000000800222c        0xc Drivers/STM32F3xx_HAL_Driver/Src/stm32f3xx_hal.o
                0x000000000800222c                HAL_GetTick
 .text.HAL_Delay
                0x0000000008002238       0x1a Drivers/STM32F3xx_HAL_Driver/Src/stm32f3xx_hal.o
                0x0000000008002238                HAL_Delay
 *fill*         0x0000000008002252        0x2 
 .text.HAL_NVIC_SetPriorityGrouping
                0x0000000008002254       0x24 Drivers/STM32F3xx_HAL_Driver/Src/stm32f3xx_hal_cortex.o
                0x0000000008002254                HAL_NVIC_SetPriorityGrouping
 .text.HAL_NVIC_SetPriority
                0x0000000008002278       0x64 Drivers/STM32F3xx_HAL_Driver/Src/stm32f3xx_hal_cortex.o
                0x0000000008002278                HAL_NVIC_SetPriority
 .text.HAL_NVIC_EnableIRQ
                0x00000000080022dc       0x18 Drivers/STM32F3xx_HAL_Driver/Src/stm32f3xx_hal_cortex.o
                0x00000000080022dc                HAL_NVIC_EnableIRQ
 .text.HAL_SYSTICK_Config
                0x00000000080022f4       0x2c Drivers/STM32F3xx_HAL_Driver/Src/stm32f3xx_hal_cortex.o
                0x00000000080022f4                HAL_SYSTICK_Config
 .text.HAL_GPIO_Init
                0x0000000008002320      0x170 Drivers/STM32F3xx_HAL_Driver/Src/stm32f3xx_hal_gpio.o
                0x0000000008002320                HAL_GPIO_Init
 .text.HAL_GPIO_ReadPin
                0x0000000008002490        0xc Drivers/STM32F3xx_HAL_Driver/Src/stm32f3xx_hal_gpio.o
                0x0000000008002490                HAL_GPIO_ReadPin
 .text.HAL_GPIO_WritePin
                0x000000000800249c        0xa Drivers/STM32F3xx_HAL_Driver/Src/stm32f3xx_hal_gpio.o
                0x000000000800249c                HAL_GPIO_WritePin
 .text.HAL_GPIO_TogglePin
                0x00000000080024a6        0x8 Drivers/STM32F3xx_HAL_Driver/Src/stm32f3xx_hal_gpio.o
                0x00000000080024a6                HAL_GPIO_TogglePin
 .text.HAL_PCD_Init
                0x00000000080024ae       0x8c Drivers/STM32F3xx_HAL_Driver/Src/stm32f3xx_hal_pcd.o
                0x00000000080024ae                HAL_PCD_Init
 .text.HAL_PCD_Start
                0x000000000800253a        0xc Drivers/STM32F3xx_HAL_Driver/Src/stm32f3xx_hal_pcd.o
                0x000000000800253a                HAL_PCD_Start
 .text.HAL_PCD_SetAddress
                0x0000000008002546       0x2c Drivers/STM32F3xx_HAL_Driver/Src/stm32f3xx_hal_pcd.o
                0x0000000008002546                HAL_PCD_SetAddress
 .text.HAL_PCD_EP_Open
                0x0000000008002572      0x346 Drivers/STM32F3xx_HAL_Driver/Src/stm32f3xx_hal_pcd.o
                0x0000000008002572                HAL_PCD_EP_Open
 .text.HAL_PCD_EP_Close
                0x00000000080028b8      0x1b6 Drivers/STM32F3xx_HAL_Driver/Src/stm32f3xx_hal_pcd.o
                0x00000000080028b8                HAL_PCD_EP_Close
 .text.HAL_PCD_EP_Receive
                0x0000000008002a6e       0xd0 Drivers/STM32F3xx_HAL_Driver/Src/stm32f3xx_hal_pcd.o
                0x0000000008002a6e                HAL_PCD_EP_Receive
 .text.HAL_PCD_EP_GetRxCount
                0x0000000008002b3e       0x10 Drivers/STM32F3xx_HAL_Driver/Src/stm32f3xx_hal_pcd.o
                0x0000000008002b3e                HAL_PCD_EP_GetRxCount
 .text.HAL_PCD_EP_Transmit
                0x0000000008002b4e      0x158 Drivers/STM32F3xx_HAL_Driver/Src/stm32f3xx_hal_pcd.o
                0x0000000008002b4e                HAL_PCD_EP_Transmit
 .text.HAL_PCD_IRQHandler
                0x0000000008002ca6      0x462 Drivers/STM32F3xx_HAL_Driver/Src/stm32f3xx_hal_pcd.o
                0x0000000008002ca6                HAL_PCD_IRQHandler
 .text.HAL_PCD_EP_SetStall
                0x0000000008003108       0xa2 Drivers/STM32F3xx_HAL_Driver/Src/stm32f3xx_hal_pcd.o
                0x0000000008003108                HAL_PCD_EP_SetStall
 .text.HAL_PCD_EP_ClrStall
                0x00000000080031aa       0xc8 Drivers/STM32F3xx_HAL_Driver/Src/stm32f3xx_hal_pcd.o
                0x00000000080031aa                HAL_PCD_EP_ClrStall
 .text.HAL_PCDEx_PMAConfig
                0x0000000008003272       0x34 Drivers/STM32F3xx_HAL_Driver/Src/stm32f3xx_hal_pcd_ex.o
                0x0000000008003272                HAL_PCDEx_PMAConfig
 .text.PCD_WritePMA
                0x00000000080032a6       0x2e Drivers/STM32F3xx_HAL_Driver/Src/stm32f3xx_hal_pcd_ex.o
                0x00000000080032a6                PCD_WritePMA
 .text.PCD_ReadPMA
                0x00000000080032d4       0x22 Drivers/STM32F3xx_HAL_Driver/Src/stm32f3xx_hal_pcd_ex.o
                0x00000000080032d4                PCD_ReadPMA
 .text.HAL_PCDEx_SetConnectionState
                0x00000000080032f6        0x2 Drivers/STM32F3xx_HAL_Driver/Src/stm32f3xx_hal_pcd_ex.o
                0x00000000080032f6                HAL_PCDEx_SetConnectionState
 .text.I2C_TransferConfig
                0x00000000080032f8       0x24 Drivers/STM32F3xx_HAL_Driver/Src/stm32f3xx_hal_i2c.o
 .text.I2C_IsAcknowledgeFailed
                0x000000000800331c       0x90 Drivers/STM32F3xx_HAL_Driver/Src/stm32f3xx_hal_i2c.o
 .text.I2C_WaitOnFlagUntilTimeout
                0x00000000080033ac       0x68 Drivers/STM32F3xx_HAL_Driver/Src/stm32f3xx_hal_i2c.o
 .text.I2C_WaitOnTXISFlagUntilTimeout
                0x0000000008003414       0x54 Drivers/STM32F3xx_HAL_Driver/Src/stm32f3xx_hal_i2c.o
 .text.I2C_RequestMemoryWrite
                0x0000000008003468       0x66 Drivers/STM32F3xx_HAL_Driver/Src/stm32f3xx_hal_i2c.o
 .text.I2C_RequestMemoryRead
                0x00000000080034ce       0x64 Drivers/STM32F3xx_HAL_Driver/Src/stm32f3xx_hal_i2c.o
 .text.I2C_WaitOnSTOPFlagUntilTimeout
                0x0000000008003532       0x50 Drivers/STM32F3xx_HAL_Driver/Src/stm32f3xx_hal_i2c.o
 .text.HAL_I2C_MspInit
                0x0000000008003582        0x2 Drivers/STM32F3xx_HAL_Driver/Src/stm32f3xx_hal_i2c.o
                0x0000000008003582                HAL_I2C_MspInit
 .text.HAL_I2C_Init
                0x0000000008003584       0x90 Drivers/STM32F3xx_HAL_Driver/Src/stm32f3xx_hal_i2c.o
                0x0000000008003584                HAL_I2C_Init
 .text.HAL_I2C_MspDeInit
                0x0000000008003614        0x2 Drivers/STM32F3xx_HAL_Driver/Src/stm32f3xx_hal_i2c.o
                0x0000000008003614                HAL_I2C_MspDeInit
 .text.HAL_I2C_DeInit
                0x0000000008003616       0x2e Drivers/STM32F3xx_HAL_Driver/Src/stm32f3xx_hal_i2c.o
                0x0000000008003616                HAL_I2C_DeInit
 .text.HAL_I2C_Mem_Write
                0x0000000008003644       0xfc Drivers/STM32F3xx_HAL_Driver/Src/stm32f3xx_hal_i2c.o
                0x0000000008003644                HAL_I2C_Mem_Write
 .text.HAL_I2C_Mem_Read
                0x0000000008003740      0x108 Drivers/STM32F3xx_HAL_Driver/Src/stm32f3xx_hal_i2c.o
                0x0000000008003740                HAL_I2C_Mem_Read
 .text.HAL_I2C_GetState
                0x0000000008003848        0x6 Drivers/STM32F3xx_HAL_Driver/Src/stm32f3xx_hal_i2c.o
                0x0000000008003848                HAL_I2C_GetState
 .text.SPI_WaitFlagStateUntilTimeout
                0x000000000800384e       0x8a Drivers/STM32F3xx_HAL_Driver/Src/stm32f3xx_hal_spi.o
 .text.SPI_WaitFifoStateUntilTimeout
                0x00000000080038d8       0x9a Drivers/STM32F3xx_HAL_Driver/Src/stm32f3xx_hal_spi.o
 .text.SPI_EndRxTxTransaction
                0x0000000008003972       0x42 Drivers/STM32F3xx_HAL_Driver/Src/stm32f3xx_hal_spi.o
 .text.HAL_SPI_MspInit
                0x00000000080039b4        0x2 Drivers/STM32F3xx_HAL_Driver/Src/stm32f3xx_hal_spi.o
                0x00000000080039b4                HAL_SPI_MspInit
 .text.HAL_SPI_Init
                0x00000000080039b6       0xa4 Drivers/STM32F3xx_HAL_Driver/Src/stm32f3xx_hal_spi.o
                0x00000000080039b6                HAL_SPI_Init
 .text.HAL_SPI_MspDeInit
                0x0000000008003a5a        0x2 Drivers/STM32F3xx_HAL_Driver/Src/stm32f3xx_hal_spi.o
                0x0000000008003a5a                HAL_SPI_MspDeInit
 .text.HAL_SPI_DeInit
                0x0000000008003a5c       0x2e Drivers/STM32F3xx_HAL_Driver/Src/stm32f3xx_hal_spi.o
                0x0000000008003a5c                HAL_SPI_DeInit
 .text.HAL_SPI_TransmitReceive
                0x0000000008003a8a      0x284 Drivers/STM32F3xx_HAL_Driver/Src/stm32f3xx_hal_spi.o
                0x0000000008003a8a                HAL_SPI_TransmitReceive
 .text.HAL_SPI_GetState
                0x0000000008003d0e        0x6 Drivers/STM32F3xx_HAL_Driver/Src/stm32f3xx_hal_spi.o
                0x0000000008003d0e                HAL_SPI_GetState
 .text.USBD_Init
                0x0000000008003d14       0x2a Drivers/STM32_USB_Device_Library/Core/Src/usbd_core.o
                0x0000000008003d14                USBD_Init
 .text.USBD_RegisterClass
                0x0000000008003d3e        0xe Drivers/STM32_USB_Device_Library/Core/Src/usbd_core.o
                0x0000000008003d3e                USBD_RegisterClass
 .text.USBD_Start
                0x0000000008003d4c        0xa Drivers/STM32_USB_Device_Library/Core/Src/usbd_core.o
                0x0000000008003d4c                USBD_Start
 .text.USBD_SetClassConfig
                0x0000000008003d56       0x16 Drivers/STM32_USB_Device_Library/Core/Src/usbd_core.o
                0x0000000008003d56                USBD_SetClassConfig
 .text.USBD_ClrClassConfig
                0x0000000008003d6c        0xe Drivers/STM32_USB_Device_Library/Core/Src/usbd_core.o
                0x0000000008003d6c                USBD_ClrClassConfig
 .text.USBD_LL_SetupStage
                0x0000000008003d7a       0x5a Drivers/STM32_USB_Device_Library/Core/Src/usbd_core.o
                0x0000000008003d7a                USBD_LL_SetupStage
 .text.USBD_LL_DataOutStage
                0x0000000008003dd4       0x60 Drivers/STM32_USB_Device_Library/Core/Src/usbd_core.o
                0x0000000008003dd4                USBD_LL_DataOutStage
 .text.USBD_LL_DataInStage
                0x0000000008003e34       0x8a Drivers/STM32_USB_Device_Library/Core/Src/usbd_core.o
                0x0000000008003e34                USBD_LL_DataInStage
 .text.USBD_LL_Reset
                0x0000000008003ebe       0x3e Drivers/STM32_USB_Device_Library/Core/Src/usbd_core.o
                0x0000000008003ebe                USBD_LL_Reset
 .text.USBD_LL_SetSpeed
                0x0000000008003efc        0x6 Drivers/STM32_USB_Device_Library/Core/Src/usbd_core.o
                0x0000000008003efc                USBD_LL_SetSpeed
 .text.USBD_LL_SOF
                0x0000000008003f02       0x18 Drivers/STM32_USB_Device_Library/Core/Src/usbd_core.o
                0x0000000008003f02                USBD_LL_SOF
 .text.USBD_ParseSetupRequest
                0x0000000008003f1a       0x28 Drivers/STM32_USB_Device_Library/Core/Src/usbd_ctlreq.o
                0x0000000008003f1a                USBD_ParseSetupRequest
 .text.USBD_CtlError
                0x0000000008003f42       0x16 Drivers/STM32_USB_Device_Library/Core/Src/usbd_ctlreq.o
                0x0000000008003f42                USBD_CtlError
 .text.USBD_StdDevReq
                0x0000000008003f58      0x218 Drivers/STM32_USB_Device_Library/Core/Src/usbd_ctlreq.o
                0x0000000008003f58                USBD_StdDevReq
 .text.USBD_StdItfReq
                0x0000000008004170       0x30 Drivers/STM32_USB_Device_Library/Core/Src/usbd_ctlreq.o
                0x0000000008004170                USBD_StdItfReq
 .text.USBD_StdEPReq
                0x00000000080041a0       0xb4 Drivers/STM32_USB_Device_Library/Core/Src/usbd_ctlreq.o
                0x00000000080041a0                USBD_StdEPReq
 .text.USBD_GetString
                0x0000000008004254       0x3c Drivers/STM32_USB_Device_Library/Core/Src/usbd_ctlreq.o
                0x0000000008004254                USBD_GetString
 .text.USBD_CtlSendData
                0x0000000008004290       0x1c Drivers/STM32_USB_Device_Library/Core/Src/usbd_ioreq.o
                0x0000000008004290                USBD_CtlSendData
 .text.USBD_CtlContinueSendData
                0x00000000080042ac       0x12 Drivers/STM32_USB_Device_Library/Core/Src/usbd_ioreq.o
                0x00000000080042ac                USBD_CtlContinueSendData
 .text.USBD_CtlPrepareRx
                0x00000000080042be       0x20 Drivers/STM32_USB_Device_Library/Core/Src/usbd_ioreq.o
                0x00000000080042be                USBD_CtlPrepareRx
 .text.USBD_CtlContinueRx
                0x00000000080042de       0x12 Drivers/STM32_USB_Device_Library/Core/Src/usbd_ioreq.o
                0x00000000080042de                USBD_CtlContinueRx
 .text.USBD_CtlSendStatus
                0x00000000080042f0       0x16 Drivers/STM32_USB_Device_Library/Core/Src/usbd_ioreq.o
                0x00000000080042f0                USBD_CtlSendStatus
 .text.USBD_CtlReceiveStatus
                0x0000000008004306       0x16 Drivers/STM32_USB_Device_Library/Core/Src/usbd_ioreq.o
                0x0000000008004306                USBD_CtlReceiveStatus
 .text.USBD_CDC_DataIn
                0x000000000800431c       0x12 Drivers/STM32_USB_Device_Library/Class/CDC/Src/usbd_cdc.o
 .text.USBD_CDC_EP0_RxReady
                0x000000000800432e       0x28 Drivers/STM32_USB_Device_Library/Class/CDC/Src/usbd_cdc.o
 *fill*         0x0000000008004356        0x2 
 .text.USBD_CDC_GetFSCfgDesc
                0x0000000008004358        0xc Drivers/STM32_USB_Device_Library/Class/CDC/Src/usbd_cdc.o
 .text.USBD_CDC_GetHSCfgDesc
                0x0000000008004364        0xc Drivers/STM32_USB_Device_Library/Class/CDC/Src/usbd_cdc.o
 .text.USBD_CDC_GetOtherSpeedCfgDesc
                0x0000000008004370        0xc Drivers/STM32_USB_Device_Library/Class/CDC/Src/usbd_cdc.o
 .text.USBD_CDC_GetDeviceQualifierDescriptor
                0x000000000800437c        0xc Drivers/STM32_USB_Device_Library/Class/CDC/Src/usbd_cdc.o
                0x000000000800437c                USBD_CDC_GetDeviceQualifierDescriptor
 .text.USBD_CDC_DataOut
                0x0000000008004388       0x2e Drivers/STM32_USB_Device_Library/Class/CDC/Src/usbd_cdc.o
 .text.USBD_CDC_Setup
                0x00000000080043b6       0x5a Drivers/STM32_USB_Device_Library/Class/CDC/Src/usbd_cdc.o
 .text.USBD_CDC_DeInit
                0x0000000008004410       0x3a Drivers/STM32_USB_Device_Library/Class/CDC/Src/usbd_cdc.o
 .text.USBD_CDC_Init
                0x000000000800444a       0x86 Drivers/STM32_USB_Device_Library/Class/CDC/Src/usbd_cdc.o
 .text.USBD_CDC_RegisterInterface
                0x00000000080044d0        0xe Drivers/STM32_USB_Device_Library/Class/CDC/Src/usbd_cdc.o
                0x00000000080044d0                USBD_CDC_RegisterInterface
 .text.USBD_CDC_SetTxBuffer
                0x00000000080044de       0x10 Drivers/STM32_USB_Device_Library/Class/CDC/Src/usbd_cdc.o
                0x00000000080044de                USBD_CDC_SetTxBuffer
 .text.USBD_CDC_SetRxBuffer
                0x00000000080044ee        0xc Drivers/STM32_USB_Device_Library/Class/CDC/Src/usbd_cdc.o
                0x00000000080044ee                USBD_CDC_SetRxBuffer
 .text.USBD_CDC_TransmitPacket
                0x00000000080044fa       0x2e Drivers/STM32_USB_Device_Library/Class/CDC/Src/usbd_cdc.o
                0x00000000080044fa                USBD_CDC_TransmitPacket
 .text.USBD_CDC_ReceivePacket
                0x0000000008004528       0x26 Drivers/STM32_USB_Device_Library/Class/CDC/Src/usbd_cdc.o
                0x0000000008004528                USBD_CDC_ReceivePacket
 *fill*         0x000000000800454e        0x2 
 .text.HAL_PCD_MspInit
                0x0000000008004550       0x9c usbd_conf.o
                0x0000000008004550                HAL_PCD_MspInit
 .text.HAL_PCD_SetupStageCallback
                0x00000000080045ec        0xe usbd_conf.o
                0x00000000080045ec                HAL_PCD_SetupStageCallback
 .text.HAL_PCD_DataOutStageCallback
                0x00000000080045fa       0x12 usbd_conf.o
                0x00000000080045fa                HAL_PCD_DataOutStageCallback
 .text.HAL_PCD_DataInStageCallback
                0x000000000800460c       0x10 usbd_conf.o
                0x000000000800460c                HAL_PCD_DataInStageCallback
 .text.HAL_PCD_SOFCallback
                0x000000000800461c        0x8 usbd_conf.o
                0x000000000800461c                HAL_PCD_SOFCallback
 .text.HAL_PCD_ResetCallback
                0x0000000008004624       0x1a usbd_conf.o
                0x0000000008004624                HAL_PCD_ResetCallback
 .text.HAL_PCD_SuspendCallback
                0x000000000800463e        0x2 usbd_conf.o
                0x000000000800463e                HAL_PCD_SuspendCallback
 .text.HAL_PCD_ResumeCallback
                0x0000000008004640        0x2 usbd_conf.o
                0x0000000008004640                HAL_PCD_ResumeCallback
 *fill*         0x0000000008004642        0x2 
 .text.USBD_LL_Init
                0x0000000008004644       0x7c usbd_conf.o
                0x0000000008004644                USBD_LL_Init
 .text.USBD_LL_Start
                0x00000000080046c0        0xe usbd_conf.o
                0x00000000080046c0                USBD_LL_Start
 .text.USBD_LL_OpenEP
                0x00000000080046ce       0x14 usbd_conf.o
                0x00000000080046ce                USBD_LL_OpenEP
 .text.USBD_LL_CloseEP
                0x00000000080046e2        0xe usbd_conf.o
                0x00000000080046e2                USBD_LL_CloseEP
 .text.USBD_LL_StallEP
                0x00000000080046f0        0xe usbd_conf.o
                0x00000000080046f0                USBD_LL_StallEP
 .text.USBD_LL_ClearStallEP
                0x00000000080046fe        0xe usbd_conf.o
                0x00000000080046fe                USBD_LL_ClearStallEP
 .text.USBD_LL_IsStallEP
                0x000000000800470c       0x26 usbd_conf.o
                0x000000000800470c                USBD_LL_IsStallEP
 .text.USBD_LL_SetUSBAddress
                0x0000000008004732        0xe usbd_conf.o
                0x0000000008004732                USBD_LL_SetUSBAddress
 .text.USBD_LL_Transmit
                0x0000000008004740        0xe usbd_conf.o
                0x0000000008004740                USBD_LL_Transmit
 .text.USBD_LL_PrepareReceive
                0x000000000800474e        0xe usbd_conf.o
                0x000000000800474e                USBD_LL_PrepareReceive
 .text.USBD_LL_GetRxDataSize
                0x000000000800475c        0xc usbd_conf.o
                0x000000000800475c                USBD_LL_GetRxDataSize
 .text.USBD_static_malloc
                0x0000000008004768        0x8 usbd_conf.o
                0x0000000008004768                USBD_static_malloc
 .text.USBD_static_free
                0x0000000008004770        0x2 usbd_conf.o
                0x0000000008004770                USBD_static_free
 *fill*         0x0000000008004772        0x2 
 .text.USBD_VCP_DeviceDescriptor
                0x0000000008004774        0xc usbd_desc.o
                0x0000000008004774                USBD_VCP_DeviceDescriptor
 .text.USBD_VCP_LangIDStrDescriptor
                0x0000000008004780        0xc usbd_desc.o
                0x0000000008004780                USBD_VCP_LangIDStrDescriptor
 .text.IntToUnicode
                0x000000000800478c       0x28 usbd_desc.o
 .text.USBD_VCP_SerialStrDescriptor
                0x00000000080047b4       0x3c usbd_desc.o
                0x00000000080047b4                USBD_VCP_SerialStrDescriptor
 .text.USBD_VCP_ProductStrDescriptor
                0x00000000080047f0       0x1c usbd_desc.o
                0x00000000080047f0                USBD_VCP_ProductStrDescriptor
 .text.USBD_VCP_ManufacturerStrDescriptor
                0x000000000800480c       0x1c usbd_desc.o
                0x000000000800480c                USBD_VCP_ManufacturerStrDescriptor
 .text.USBD_VCP_ConfigStrDescriptor
                0x0000000008004828       0x1c usbd_desc.o
                0x0000000008004828                USBD_VCP_ConfigStrDescriptor
 .text.USBD_VCP_InterfaceStrDescriptor
                0x0000000008004844       0x1c usbd_desc.o
                0x0000000008004844                USBD_VCP_InterfaceStrDescriptor
 .text.CDC_Itf_DeInit
                0x0000000008004860        0x4 usbd_cdc_interface.o
 .text.CDC_Itf_Receive
                0x0000000008004864       0x20 usbd_cdc_interface.o
 .text.CDC_Itf_Init
                0x0000000008004884       0x18 usbd_cdc_interface.o
 .text.CDC_Itf_Control
                0x000000000800489c       0x58 usbd_cdc_interface.o
 .text.SPIx_Init
                0x00000000080048f4       0x80 Drivers/BSP/STM32F3-Discovery/stm32f3_discovery.o
 .text.SPIx_WriteRead
                0x0000000008004974       0x40 Drivers/BSP/STM32F3-Discovery/stm32f3_discovery.o
 .text.I2Cx_Init
                0x00000000080049b4       0x6c Drivers/BSP/STM32F3-Discovery/stm32f3_discovery.o
 .text.BSP_LED_Init
                0x0000000008004a20       0x68 Drivers/BSP/STM32F3-Discovery/stm32f3_discovery.o
                0x0000000008004a20                BSP_LED_Init
 .text.BSP_LED_On
                0x0000000008004a88       0x1c Drivers/BSP/STM32F3-Discovery/stm32f3_discovery.o
                0x0000000008004a88                BSP_LED_On
 .text.BSP_LED_Off
                0x0000000008004aa4       0x1c Drivers/BSP/STM32F3-Discovery/stm32f3_discovery.o
                0x0000000008004aa4                BSP_LED_Off
 .text.BSP_LED_Toggle
                0x0000000008004ac0       0x1c Drivers/BSP/STM32F3-Discovery/stm32f3_discovery.o
                0x0000000008004ac0                BSP_LED_Toggle
 .text.BSP_PB_Init
                0x0000000008004adc       0x74 Drivers/BSP/STM32F3-Discovery/stm32f3_discovery.o
                0x0000000008004adc                BSP_PB_Init
 .text.BSP_PB_GetState
                0x0000000008004b50       0x14 Drivers/BSP/STM32F3-Discovery/stm32f3_discovery.o
                0x0000000008004b50                BSP_PB_GetState
 .text.GYRO_IO_Init
                0x0000000008004b64       0x68 Drivers/BSP/STM32F3-Discovery/stm32f3_discovery.o
                0x0000000008004b64                GYRO_IO_Init
 .text.GYRO_IO_Write
                0x0000000008004bcc       0x44 Drivers/BSP/STM32F3-Discovery/stm32f3_discovery.o
                0x0000000008004bcc                GYRO_IO_Write
 .text.GYRO_IO_Read
                0x0000000008004c10       0x48 Drivers/BSP/STM32F3-Discovery/stm32f3_discovery.o
                0x0000000008004c10                GYRO_IO_Read
 .text.COMPASSACCELERO_IO_Init
                0x0000000008004c58       0x64 Drivers/BSP/STM32F3-Discovery/stm32f3_discovery.o
                0x0000000008004c58                COMPASSACCELERO_IO_Init
 .text.COMPASSACCELERO_IO_ITConfig
                0x0000000008004cbc       0x48 Drivers/BSP/STM32F3-Discovery/stm32f3_discovery.o
                0x0000000008004cbc                COMPASSACCELERO_IO_ITConfig
 .text.COMPASSACCELERO_IO_Write
                0x0000000008004d04       0x3c Drivers/BSP/STM32F3-Discovery/stm32f3_discovery.o
                0x0000000008004d04                COMPASSACCELERO_IO_Write
 .text.COMPASSACCELERO_IO_Read
                0x0000000008004d40       0x40 Drivers/BSP/STM32F3-Discovery/stm32f3_discovery.o
                0x0000000008004d40                COMPASSACCELERO_IO_Read
 .text.BSP_ACCELERO_Init
                0x0000000008004d80       0x30 Drivers/BSP/STM32F3-Discovery/stm32f3_discovery_accelerometer.o
                0x0000000008004d80                BSP_ACCELERO_Init
 .text.BSP_ACCELERO_GetXYZ
                0x0000000008004db0       0x14 Drivers/BSP/STM32F3-Discovery/stm32f3_discovery_accelerometer.o
                0x0000000008004db0                BSP_ACCELERO_GetXYZ
 .text.BSP_GYRO_Init
                0x0000000008004dc4       0x44 Drivers/BSP/STM32F3-Discovery/stm32f3_discovery_gyroscope.o
                0x0000000008004dc4                BSP_GYRO_Init
 .text.BSP_GYRO_GetXYZ
                0x0000000008004e08       0x14 Drivers/BSP/STM32F3-Discovery/stm32f3_discovery_gyroscope.o
                0x0000000008004e08                BSP_GYRO_GetXYZ
 .text.LSM303DLHC_AccInit
                0x0000000008004e1c       0x20 Drivers/BSP/Components/lsm303dlhc/lsm303dlhc.o
                0x0000000008004e1c                LSM303DLHC_AccInit
 .text.LSM303DLHC_AccReadID
                0x0000000008004e3c       0x12 Drivers/BSP/Components/lsm303dlhc/lsm303dlhc.o
                0x0000000008004e3c                LSM303DLHC_AccReadID
 .text.LSM303DLHC_AccRebootCmd
                0x0000000008004e4e       0x1c Drivers/BSP/Components/lsm303dlhc/lsm303dlhc.o
                0x0000000008004e4e                LSM303DLHC_AccRebootCmd
 .text.LSM303DLHC_AccFilterConfig
                0x0000000008004e6a       0x1e Drivers/BSP/Components/lsm303dlhc/lsm303dlhc.o
                0x0000000008004e6a                LSM303DLHC_AccFilterConfig
 .text.LSM303DLHC_AccFilterCmd
                0x0000000008004e88       0x1e Drivers/BSP/Components/lsm303dlhc/lsm303dlhc.o
                0x0000000008004e88                LSM303DLHC_AccFilterCmd
 .text.LSM303DLHC_AccReadXYZ
                0x0000000008004ea6       0xee Drivers/BSP/Components/lsm303dlhc/lsm303dlhc.o
                0x0000000008004ea6                LSM303DLHC_AccReadXYZ
 .text.LSM303DLHC_AccFilterClickCmd
                0x0000000008004f94       0x1e Drivers/BSP/Components/lsm303dlhc/lsm303dlhc.o
                0x0000000008004f94                LSM303DLHC_AccFilterClickCmd
 .text.LSM303DLHC_AccIT1Enable
                0x0000000008004fb2       0x1e Drivers/BSP/Components/lsm303dlhc/lsm303dlhc.o
                0x0000000008004fb2                LSM303DLHC_AccIT1Enable
 .text.LSM303DLHC_AccClickITEnable
                0x0000000008004fd0       0x46 Drivers/BSP/Components/lsm303dlhc/lsm303dlhc.o
                0x0000000008004fd0                LSM303DLHC_AccClickITEnable
 .text.LSM303DLHC_AccZClickITConfig
                0x0000000008005016       0x1c Drivers/BSP/Components/lsm303dlhc/lsm303dlhc.o
                0x0000000008005016                LSM303DLHC_AccZClickITConfig
 .text.L3GD20_Init
                0x0000000008005032       0x32 Drivers/BSP/Components/l3gd20/l3gd20.o
                0x0000000008005032                L3GD20_Init
 .text.L3GD20_ReadID
                0x0000000008005064       0x1c Drivers/BSP/Components/l3gd20/l3gd20.o
                0x0000000008005064                L3GD20_ReadID
 .text.L3GD20_RebootCmd
                0x0000000008005080       0x2c Drivers/BSP/Components/l3gd20/l3gd20.o
                0x0000000008005080                L3GD20_RebootCmd
 .text.L3GD20_INT1InterruptConfig
                0x00000000080050ac       0x5c Drivers/BSP/Components/l3gd20/l3gd20.o
                0x00000000080050ac                L3GD20_INT1InterruptConfig
 .text.L3GD20_EnableIT
                0x0000000008005108       0x40 Drivers/BSP/Components/l3gd20/l3gd20.o
                0x0000000008005108                L3GD20_EnableIT
 .text.L3GD20_DisableIT
                0x0000000008005148       0x3c Drivers/BSP/Components/l3gd20/l3gd20.o
                0x0000000008005148                L3GD20_DisableIT
 .text.L3GD20_FilterConfig
                0x0000000008005184       0x2e Drivers/BSP/Components/l3gd20/l3gd20.o
                0x0000000008005184                L3GD20_FilterConfig
 .text.L3GD20_FilterCmd
                0x00000000080051b2       0x2e Drivers/BSP/Components/l3gd20/l3gd20.o
                0x00000000080051b2                L3GD20_FilterCmd
 .text.L3GD20_ReadXYZAngRate
                0x00000000080051e0       0xdc Drivers/BSP/Components/l3gd20/l3gd20.o
                0x00000000080051e0                L3GD20_ReadXYZAngRate
 .text.Reset_Handler
                0x00000000080052bc       0x50 Drivers/CMSIS/Device/ST/STM32F3xx/Source/Templates/gcc/startup_stm32f303xc.o
                0x00000000080052bc                Reset_Handler
 .text.Default_Handler
                0x000000000800530c        0x2 Drivers/CMSIS/Device/ST/STM32F3xx/Source/Templates/gcc/startup_stm32f303xc.o
                0x000000000800530c                RTC_Alarm_IRQHandler
                0x000000000800530c                TIM8_TRG_COM_IRQHandler
                0x000000000800530c                TIM8_CC_IRQHandler
                0x000000000800530c                DebugMon_Handler
                0x000000000800530c                TIM1_CC_IRQHandler
                0x000000000800530c                HardFault_Handler
                0x000000000800530c                USB_HP_IRQHandler
                0x000000000800530c                PVD_IRQHandler
                0x000000000800530c                TAMP_STAMP_IRQHandler
                0x000000000800530c                PendSV_Handler
                0x000000000800530c                NMI_Handler
                0x000000000800530c                EXTI3_IRQHandler
                0x000000000800530c                USB_HP_CAN_TX_IRQHandler
                0x000000000800530c                EXTI0_IRQHandler
                0x000000000800530c                I2C2_EV_IRQHandler
                0x000000000800530c                FPU_IRQHandler
                0x000000000800530c                TIM1_UP_TIM16_IRQHandler
                0x000000000800530c                UsageFault_Handler
                0x000000000800530c                ADC1_2_IRQHandler
                0x000000000800530c                SPI1_IRQHandler
                0x000000000800530c                CAN_SCE_IRQHandler
                0x000000000800530c                TIM6_DAC_IRQHandler
                0x000000000800530c                TIM8_UP_IRQHandler
                0x000000000800530c                DMA2_Channel2_IRQHandler
                0x000000000800530c                DMA1_Channel4_IRQHandler
                0x000000000800530c                USART3_IRQHandler
                0x000000000800530c                DMA1_Channel7_IRQHandler
                0x000000000800530c                UART5_IRQHandler
                0x000000000800530c                ADC3_IRQHandler
                0x000000000800530c                TIM4_IRQHandler
                0x000000000800530c                CAN_RX1_IRQHandler
                0x000000000800530c                DMA2_Channel1_IRQHandler
                0x000000000800530c                I2C1_EV_IRQHandler
                0x000000000800530c                DMA1_Channel6_IRQHandler
                0x000000000800530c                UART4_IRQHandler
                0x000000000800530c                DMA2_Channel4_IRQHandler
                0x000000000800530c                TIM3_IRQHandler
                0x000000000800530c                RCC_IRQHandler
                0x000000000800530c                DMA1_Channel1_IRQHandler
                0x000000000800530c                Default_Handler
                0x000000000800530c                USBWakeUp_RMP_IRQHandler
                0x000000000800530c                EXTI15_10_IRQHandler
                0x000000000800530c                TIM7_IRQHandler
                0x000000000800530c                EXTI9_5_IRQHandler
                0x000000000800530c                RTC_WKUP_IRQHandler
                0x000000000800530c                SPI2_IRQHandler
                0x000000000800530c                MemManage_Handler
                0x000000000800530c                SVC_Handler
                0x000000000800530c                DMA2_Channel5_IRQHandler
                0x000000000800530c                DMA1_Channel5_IRQHandler
                0x000000000800530c                USB_LP_IRQHandler
                0x000000000800530c                EXTI4_IRQHandler
                0x000000000800530c                TIM1_TRG_COM_TIM17_IRQHandler
                0x000000000800530c                DMA1_Channel3_IRQHandler
                0x000000000800530c                ADC4_IRQHandler
                0x000000000800530c                WWDG_IRQHandler
                0x000000000800530c                TIM2_IRQHandler
                0x000000000800530c                COMP7_IRQHandler
                0x000000000800530c                COMP1_2_3_IRQHandler
                0x000000000800530c                EXTI1_IRQHandler
                0x000000000800530c                USART2_IRQHandler
                0x000000000800530c                COMP4_5_6_IRQHandler
                0x000000000800530c                I2C2_ER_IRQHandler
                0x000000000800530c                DMA1_Channel2_IRQHandler
                0x000000000800530c                TIM8_BRK_IRQHandler
                0x000000000800530c                FLASH_IRQHandler
                0x000000000800530c                BusFault_Handler
                0x000000000800530c                USART1_IRQHandler
                0x000000000800530c                SPI3_IRQHandler
                0x000000000800530c                I2C1_ER_IRQHandler
                0x000000000800530c                USBWakeUp_IRQHandler
                0x000000000800530c                DMA2_Channel3_IRQHandler
                0x000000000800530c                EXTI2_TSC_IRQHandler
                0x000000000800530c                TIM1_BRK_TIM15_IRQHandler
 *fill*         0x000000000800530e        0x2 
 .text.atexit   0x0000000008005310        0xc /usr/lib/gcc/arm-none-eabi/4.8.2/../../../arm-none-eabi/lib/armv7e-m/softfp/libg.a(lib_a-atexit.o)
                0x0000000008005310                atexit
 .text.__errno  0x000000000800531c        0xc /usr/lib/gcc/arm-none-eabi/4.8.2/../../../arm-none-eabi/lib/armv7e-m/softfp/libg.a(lib_a-errno.o)
                0x000000000800531c                __errno
 .text.__libc_fini_array
                0x0000000008005328       0x34 /usr/lib/gcc/arm-none-eabi/4.8.2/../../../arm-none-eabi/lib/armv7e-m/softfp/libg.a(lib_a-fini.o)
                0x0000000008005328                __libc_fini_array
 .text.__libc_init_array
                0x000000000800535c       0x5c /usr/lib/gcc/arm-none-eabi/4.8.2/../../../arm-none-eabi/lib/armv7e-m/softfp/libg.a(lib_a-init.o)
                0x000000000800535c                __libc_init_array
 .text.memset   0x00000000080053b8       0x94 /usr/lib/gcc/arm-none-eabi/4.8.2/../../../arm-none-eabi/lib/armv7e-m/softfp/libg.a(lib_a-memset.o)
                0x00000000080053b8                memset
 .text.putchar  0x000000000800544c       0x14 /usr/lib/gcc/arm-none-eabi/4.8.2/../../../arm-none-eabi/lib/armv7e-m/softfp/libg.a(lib_a-putchar.o)
                0x000000000800544c                putchar
 .text._puts_r  0x0000000008005460       0x64 /usr/lib/gcc/arm-none-eabi/4.8.2/../../../arm-none-eabi/lib/armv7e-m/softfp/libg.a(lib_a-puts.o)
                0x0000000008005460                _puts_r
 .text.puts     0x00000000080054c4       0x10 /usr/lib/gcc/arm-none-eabi/4.8.2/../../../arm-none-eabi/lib/armv7e-m/softfp/libg.a(lib_a-puts.o)
                0x00000000080054c4                puts
 .text.rand     0x00000000080054d4       0x48 /usr/lib/gcc/arm-none-eabi/4.8.2/../../../arm-none-eabi/lib/armv7e-m/softfp/libg.a(lib_a-rand.o)
                0x00000000080054d4                rand
 .text.setvbuf  0x000000000800551c      0x114 /usr/lib/gcc/arm-none-eabi/4.8.2/../../../arm-none-eabi/lib/armv7e-m/softfp/libg.a(lib_a-setvbuf.o)
                0x000000000800551c                setvbuf
 .text.strcasecmp
                0x0000000008005630       0x48 /usr/lib/gcc/arm-none-eabi/4.8.2/../../../arm-none-eabi/lib/armv7e-m/softfp/libg.a(lib_a-strcasecmp.o)
                0x0000000008005630                strcasecmp
 .text.strcpy   0x0000000008005678       0xbc /usr/lib/gcc/arm-none-eabi/4.8.2/../../../arm-none-eabi/lib/armv7e-m/softfp/libg.a(lib_a-strcpy.o)
                0x0000000008005678                strcpy
 .text.strlen   0x0000000008005734       0x60 /usr/lib/gcc/arm-none-eabi/4.8.2/../../../arm-none-eabi/lib/armv7e-m/softfp/libg.a(lib_a-strlen.o)
                0x0000000008005734                strlen
 .text.strtok   0x0000000008005794       0x14 /usr/lib/gcc/arm-none-eabi/4.8.2/../../../arm-none-eabi/lib/armv7e-m/softfp/libg.a(lib_a-strtok.o)
                0x0000000008005794                strtok
 .text.__strtok_r
                0x00000000080057a8       0x64 /usr/lib/gcc/arm-none-eabi/4.8.2/../../../arm-none-eabi/lib/armv7e-m/softfp/libg.a(lib_a-strtok_r.o)
                0x00000000080057a8                __strtok_r
 .text._strtoul_r
                0x000000000800580c      0x138 /usr/lib/gcc/arm-none-eabi/4.8.2/../../../arm-none-eabi/lib/armv7e-m/softfp/libg.a(lib_a-strtoul.o)
                0x000000000800580c                _strtoul_r
 .text.strtoul  0x0000000008005944       0x1c /usr/lib/gcc/arm-none-eabi/4.8.2/../../../arm-none-eabi/lib/armv7e-m/softfp/libg.a(lib_a-strtoul.o)
                0x0000000008005944                strtoul
 .text.__register_exitproc
                0x0000000008005960       0xac /usr/lib/gcc/arm-none-eabi/4.8.2/../../../arm-none-eabi/lib/armv7e-m/softfp/libg.a(lib_a-__atexit.o)
                0x0000000008005960                __register_exitproc
 .text.startup.register_fini
                0x0000000008005a0c       0x18 /usr/lib/gcc/arm-none-eabi/4.8.2/../../../arm-none-eabi/lib/armv7e-m/softfp/libg.a(lib_a-__call_atexit.o)
 .text.__sflush_r
                0x0000000008005a24      0x15c /usr/lib/gcc/arm-none-eabi/4.8.2/../../../arm-none-eabi/lib/armv7e-m/softfp/libg.a(lib_a-fflush.o)
                0x0000000008005a24                __sflush_r
 .text._fflush_r
                0x0000000008005b80       0x2c /usr/lib/gcc/arm-none-eabi/4.8.2/../../../arm-none-eabi/lib/armv7e-m/softfp/libg.a(lib_a-fflush.o)
                0x0000000008005b80                _fflush_r
 .text._cleanup_r
                0x0000000008005bac        0xc /usr/lib/gcc/arm-none-eabi/4.8.2/../../../arm-none-eabi/lib/armv7e-m/softfp/libg.a(lib_a-findfp.o)
                0x0000000008005bac                _cleanup_r
 .text.__sinit  0x0000000008005bb8       0xf8 /usr/lib/gcc/arm-none-eabi/4.8.2/../../../arm-none-eabi/lib/armv7e-m/softfp/libg.a(lib_a-findfp.o)
                0x0000000008005bb8                __sinit
 .text.__sfp_lock_acquire
                0x0000000008005cb0        0x4 /usr/lib/gcc/arm-none-eabi/4.8.2/../../../arm-none-eabi/lib/armv7e-m/softfp/libg.a(lib_a-findfp.o)
                0x0000000008005cb0                __sfp_lock_acquire
 .text.__sfp_lock_release
                0x0000000008005cb4        0x4 /usr/lib/gcc/arm-none-eabi/4.8.2/../../../arm-none-eabi/lib/armv7e-m/softfp/libg.a(lib_a-findfp.o)
                0x0000000008005cb4                __sfp_lock_release
 .text._malloc_trim_r
                0x0000000008005cb8       0xa4 /usr/lib/gcc/arm-none-eabi/4.8.2/../../../arm-none-eabi/lib/armv7e-m/softfp/libg.a(lib_a-freer.o)
                0x0000000008005cb8                _malloc_trim_r
 .text._free_r  0x0000000008005d5c      0x19c /usr/lib/gcc/arm-none-eabi/4.8.2/../../../arm-none-eabi/lib/armv7e-m/softfp/libg.a(lib_a-freer.o)
                0x0000000008005d5c                _free_r
 .text.__sfvwrite_r
                0x0000000008005ef8      0x314 /usr/lib/gcc/arm-none-eabi/4.8.2/../../../arm-none-eabi/lib/armv7e-m/softfp/libg.a(lib_a-fvwrite.o)
                0x0000000008005ef8                __sfvwrite_r
 .text._fwalk   0x000000000800620c       0x4c /usr/lib/gcc/arm-none-eabi/4.8.2/../../../arm-none-eabi/lib/armv7e-m/softfp/libg.a(lib_a-fwalk.o)
                0x000000000800620c                _fwalk
 .text.malloc   0x0000000008006258       0x10 /usr/lib/gcc/arm-none-eabi/4.8.2/../../../arm-none-eabi/lib/armv7e-m/softfp/libg.a(lib_a-malloc.o)
                0x0000000008006258                malloc
 .text._malloc_r
                0x0000000008006268      0x564 /usr/lib/gcc/arm-none-eabi/4.8.2/../../../arm-none-eabi/lib/armv7e-m/softfp/libg.a(lib_a-mallocr.o)
                0x0000000008006268                _malloc_r
 .text.memchr   0x00000000080067cc       0x90 /usr/lib/gcc/arm-none-eabi/4.8.2/../../../arm-none-eabi/lib/armv7e-m/softfp/libg.a(lib_a-memchr-stub.o)
                0x00000000080067cc                memchr
 .text.memmove  0x000000000800685c       0xc4 /usr/lib/gcc/arm-none-eabi/4.8.2/../../../arm-none-eabi/lib/armv7e-m/softfp/libg.a(lib_a-memmove.o)
                0x000000000800685c                memmove
 .text.__malloc_lock
                0x0000000008006920        0x4 /usr/lib/gcc/arm-none-eabi/4.8.2/../../../arm-none-eabi/lib/armv7e-m/softfp/libg.a(lib_a-mlock.o)
                0x0000000008006920                __malloc_lock
 .text.__malloc_unlock
                0x0000000008006924        0x4 /usr/lib/gcc/arm-none-eabi/4.8.2/../../../arm-none-eabi/lib/armv7e-m/softfp/libg.a(lib_a-mlock.o)
                0x0000000008006924                __malloc_unlock
 .text._putc_r  0x0000000008006928       0x58 /usr/lib/gcc/arm-none-eabi/4.8.2/../../../arm-none-eabi/lib/armv7e-m/softfp/libg.a(lib_a-putc.o)
                0x0000000008006928                _putc_r
 .text._realloc_r
                0x0000000008006980      0x3e0 /usr/lib/gcc/arm-none-eabi/4.8.2/../../../arm-none-eabi/lib/armv7e-m/softfp/libg.a(lib_a-reallocr.o)
                0x0000000008006980                _realloc_r
 .text.__sread  0x0000000008006d60       0x24 /usr/lib/gcc/arm-none-eabi/4.8.2/../../../arm-none-eabi/lib/armv7e-m/softfp/libg.a(lib_a-stdio.o)
                0x0000000008006d60                __sread
 .text.__swrite
                0x0000000008006d84       0x38 /usr/lib/gcc/arm-none-eabi/4.8.2/../../../arm-none-eabi/lib/armv7e-m/softfp/libg.a(lib_a-stdio.o)
                0x0000000008006d84                __swrite
 .text.__sseek  0x0000000008006dbc       0x20 /usr/lib/gcc/arm-none-eabi/4.8.2/../../../arm-none-eabi/lib/armv7e-m/softfp/libg.a(lib_a-stdio.o)
                0x0000000008006dbc                __sseek
 .text.__sclose
                0x0000000008006ddc        0x8 /usr/lib/gcc/arm-none-eabi/4.8.2/../../../arm-none-eabi/lib/armv7e-m/softfp/libg.a(lib_a-stdio.o)
                0x0000000008006ddc                __sclose
 .text.__swbuf_r
                0x0000000008006de4       0xa4 /usr/lib/gcc/arm-none-eabi/4.8.2/../../../arm-none-eabi/lib/armv7e-m/softfp/libg.a(lib_a-wbuf.o)
                0x0000000008006de4                __swbuf_r
 .text.__swsetup_r
                0x0000000008006e88       0xc8 /usr/lib/gcc/arm-none-eabi/4.8.2/../../../arm-none-eabi/lib/armv7e-m/softfp/libg.a(lib_a-wsetup.o)
                0x0000000008006e88                __swsetup_r
 .text._fclose_r
                0x0000000008006f50       0x84 /usr/lib/gcc/arm-none-eabi/4.8.2/../../../arm-none-eabi/lib/armv7e-m/softfp/libg.a(lib_a-fclose.o)
                0x0000000008006f50                _fclose_r
 .text.fclose   0x0000000008006fd4       0x10 /usr/lib/gcc/arm-none-eabi/4.8.2/../../../arm-none-eabi/lib/armv7e-m/softfp/libg.a(lib_a-fclose.o)
                0x0000000008006fd4                fclose
 .text.__smakebuf_r
                0x0000000008006fe4       0xe4 /usr/lib/gcc/arm-none-eabi/4.8.2/../../../arm-none-eabi/lib/armv7e-m/softfp/libg.a(lib_a-makebuf.o)
                0x0000000008006fe4                __smakebuf_r
 *(.glue_7)
 .glue_7        0x0000000000000000        0x0 linker stubs
 *(.glue_7t)
 .glue_7t       0x0000000000000000        0x0 linker stubs
 *(.eh_frame)
 .eh_frame      0x00000000080070c8        0x0 /usr/lib/gcc/arm-none-eabi/4.8.2/armv7e-m/softfp/crtbegin.o
 *(.init)
 .init          0x00000000080070c8        0x4 /usr/lib/gcc/arm-none-eabi/4.8.2/armv7e-m/softfp/crti.o
                0x00000000080070c8                _init
 .init          0x00000000080070cc        0x8 /usr/lib/gcc/arm-none-eabi/4.8.2/armv7e-m/softfp/crtn.o
 *(.fini)
 .fini          0x00000000080070d4        0x4 /usr/lib/gcc/arm-none-eabi/4.8.2/armv7e-m/softfp/crti.o
                0x00000000080070d4                _fini
 .fini          0x00000000080070d8        0x8 /usr/lib/gcc/arm-none-eabi/4.8.2/armv7e-m/softfp/crtn.o
                0x00000000080070e0                . = ALIGN (0x4)
                0x00000000080070e0                _etext = .

.vfp11_veneer   0x00000000080070e0        0x0
 .vfp11_veneer  0x0000000000000000        0x0 linker stubs

.v4_bx          0x00000000080070e0        0x0
 .v4_bx         0x0000000000000000        0x0 linker stubs

.iplt           0x00000000080070e0        0x0
 .iplt          0x0000000000000000        0x0 /usr/lib/gcc/arm-none-eabi/4.8.2/armv7e-m/softfp/crtbegin.o

.rodata         0x00000000080070e0    0x10958
                0x00000000080070e0                . = ALIGN (0x4)
 *(.rodata)
 *(.rodata*)
 .rodata.str1.1
                0x00000000080070e0      0x1d2 main.o
                                        0x1d9 (size before relaxing)
 .rodata.LEDs   0x00000000080072b2        0x8 main.o
                0x00000000080072b2                LEDs
 .rodata.str1.1
                0x00000000080072ba       0x4b monitor.o
                                         0x4d (size before relaxing)
 .rodata.__FUNCTION__.5747
                0x0000000008007305        0x6 parser.o
 .rodata.str1.1
                0x000000000800730b       0xe4 parser.o
 .rodata.str1.1
                0x00000000080073ef      0x1fc dump.o
                                        0x1fe (size before relaxing)
 .rodata.str1.1
                0x00000000080075eb       0xaa terminal.o
                                         0xac (size before relaxing)
 .rodata.str1.1
                0x0000000008007695      0x4b8 decoder/decoder.o
                                        0x4c0 (size before relaxing)
 *fill*         0x0000000008007b4d        0x3 
 .rodata.TIM1_CCER_fields
                0x0000000008007b50       0xa0 decoder/STM32F30x_decoder.o
                0x0000000008007b50                TIM1_CCER_fields
 .rodata.DMA1_registers
                0x0000000008007bf0      0x174 decoder/STM32F30x_decoder.o
                0x0000000008007bf0                DMA1_registers
 .rodata.SPI1_DR_fields
                0x0000000008007d64       0x10 decoder/STM32F30x_decoder.o
                0x0000000008007d64                SPI1_DR_fields
 .rodata.ADC1_2_CSR_fields
                0x0000000008007d74       0xb8 decoder/STM32F30x_decoder.o
                0x0000000008007d74                ADC1_2_CSR_fields
 .rodata.USB_FS_USB_EP3R_fields
                0x0000000008007e2c       0x58 decoder/STM32F30x_decoder.o
                0x0000000008007e2c                USB_FS_USB_EP3R_fields
 .rodata.GPIOB_PUPDR_fields
                0x0000000008007e84       0x88 decoder/STM32F30x_decoder.o
                0x0000000008007e84                GPIOB_PUPDR_fields
 .rodata.TSC_IOG8CR_fields
                0x0000000008007f0c       0x10 decoder/STM32F30x_decoder.o
                0x0000000008007f0c                TSC_IOG8CR_fields
 .rodata.TIM1_CCMR3_Output_fields
                0x0000000008007f1c       0x58 decoder/STM32F30x_decoder.o
                0x0000000008007f1c                TIM1_CCMR3_Output_fields
 .rodata.TIM1_SMCR_fields
                0x0000000008007f74       0x50 decoder/STM32F30x_decoder.o
                0x0000000008007f74                TIM1_SMCR_fields
 .rodata.RTC_SHIFTR_fields
                0x0000000008007fc4       0x18 decoder/STM32F30x_decoder.o
                0x0000000008007fc4                RTC_SHIFTR_fields
 .rodata.CAN_F24R1_fields
                0x0000000008007fdc      0x108 decoder/STM32F30x_decoder.o
                0x0000000008007fdc                CAN_F24R1_fields
 .rodata.RTC_TSDR_fields
                0x00000000080080e4       0x30 decoder/STM32F30x_decoder.o
                0x00000000080080e4                RTC_TSDR_fields
 .rodata.RTC_BKP22R_fields
                0x0000000008008114       0x10 decoder/STM32F30x_decoder.o
                0x0000000008008114                RTC_BKP22R_fields
 .rodata.TIM1_CCMR2_Output_fields
                0x0000000008008124       0x68 decoder/STM32F30x_decoder.o
                0x0000000008008124                TIM1_CCMR2_Output_fields
 .rodata.TIM17_RCR_fields
                0x000000000800818c       0x10 decoder/STM32F30x_decoder.o
                0x000000000800818c                TIM17_RCR_fields
 .rodata.EXTI_EMR1_fields
                0x000000000800819c      0x108 decoder/STM32F30x_decoder.o
                0x000000000800819c                EXTI_EMR1_fields
 .rodata.CAN_F11R2_fields
                0x00000000080082a4      0x108 decoder/STM32F30x_decoder.o
                0x00000000080082a4                CAN_F11R2_fields
 .rodata.USB_FS_ISTR_fields
                0x00000000080083ac       0x58 decoder/STM32F30x_decoder.o
                0x00000000080083ac                USB_FS_ISTR_fields
 .rodata.I2C1_ICR_fields
                0x0000000008008404       0x50 decoder/STM32F30x_decoder.o
                0x0000000008008404                I2C1_ICR_fields
 .rodata.TIM16_ARR_fields
                0x0000000008008454       0x10 decoder/STM32F30x_decoder.o
                0x0000000008008454                TIM16_ARR_fields
 .rodata.RTC_ISR_fields
                0x0000000008008464       0x90 decoder/STM32F30x_decoder.o
                0x0000000008008464                RTC_ISR_fields
 .rodata.RTC_BKP27R_fields
                0x00000000080084f4       0x10 decoder/STM32F30x_decoder.o
                0x00000000080084f4                RTC_BKP27R_fields
 .rodata.TIM8_CCR6_fields
                0x0000000008008504       0x10 decoder/STM32F30x_decoder.o
                0x0000000008008504                TIM8_CCR6_fields
 .rodata.TIM17_BDTR_fields
                0x0000000008008514       0x50 decoder/STM32F30x_decoder.o
                0x0000000008008514                TIM17_BDTR_fields
 .rodata.TIM8_CCMR1_Input_fields
                0x0000000008008564       0x38 decoder/STM32F30x_decoder.o
                0x0000000008008564                TIM8_CCMR1_Input_fields
 .rodata.DAC_registers
                0x000000000800859c       0xb4 decoder/STM32F30x_decoder.o
                0x000000000800859c                DAC_registers
 .rodata.IWDG_WINR_fields
                0x0000000008008650       0x10 decoder/STM32F30x_decoder.o
                0x0000000008008650                IWDG_WINR_fields
 .rodata.CAN_F19R2_fields
                0x0000000008008660      0x108 decoder/STM32F30x_decoder.o
                0x0000000008008660                CAN_F19R2_fields
 .rodata.CAN_RF1R_fields
                0x0000000008008768       0x28 decoder/STM32F30x_decoder.o
                0x0000000008008768                CAN_RF1R_fields
 .rodata.RTC_BKP16R_fields
                0x0000000008008790       0x10 decoder/STM32F30x_decoder.o
                0x0000000008008790                RTC_BKP16R_fields
 .rodata.RTC_CALR_fields
                0x00000000080087a0       0x28 decoder/STM32F30x_decoder.o
                0x00000000080087a0                RTC_CALR_fields
 .rodata.TIM2_SR_fields
                0x00000000080087c8       0x58 decoder/STM32F30x_decoder.o
                0x00000000080087c8                TIM2_SR_fields
 .rodata.SYSCFG_EXTICR2_fields
                0x0000000008008820       0x28 decoder/STM32F30x_decoder.o
                0x0000000008008820                SYSCFG_EXTICR2_fields
 .rodata.CAN_MCR_fields
                0x0000000008008848       0x58 decoder/STM32F30x_decoder.o
                0x0000000008008848                CAN_MCR_fields
 .rodata.TIM17_SR_fields
                0x00000000080088a0       0x38 decoder/STM32F30x_decoder.o
                0x00000000080088a0                TIM17_SR_fields
 .rodata.USART1_GTPR_fields
                0x00000000080088d8       0x18 decoder/STM32F30x_decoder.o
                0x00000000080088d8                USART1_GTPR_fields
 .rodata.DAC_DOR1_fields
                0x00000000080088f0       0x10 decoder/STM32F30x_decoder.o
                0x00000000080088f0                DAC_DOR1_fields
 .rodata.CAN_F1R1_fields
                0x0000000008008900      0x108 decoder/STM32F30x_decoder.o
                0x0000000008008900                CAN_F1R1_fields
 .rodata.CAN_FA1R_fields
                0x0000000008008a08       0xe8 decoder/STM32F30x_decoder.o
                0x0000000008008a08                CAN_FA1R_fields
 .rodata.RTC_BKP6R_fields
                0x0000000008008af0       0x10 decoder/STM32F30x_decoder.o
                0x0000000008008af0                RTC_BKP6R_fields
 .rodata.RCC_CFGR_fields
                0x0000000008008b00       0x68 decoder/STM32F30x_decoder.o
                0x0000000008008b00                RCC_CFGR_fields
 .rodata.PWR_CR_fields
                0x0000000008008b68       0x40 decoder/STM32F30x_decoder.o
                0x0000000008008b68                PWR_CR_fields
 .rodata.NVIC_ISER0_fields
                0x0000000008008ba8       0x10 decoder/STM32F30x_decoder.o
                0x0000000008008ba8                NVIC_ISER0_fields
 .rodata.DMA1_CPAR7_fields
                0x0000000008008bb8       0x10 decoder/STM32F30x_decoder.o
                0x0000000008008bb8                DMA1_CPAR7_fields
 .rodata.TSC_IOHCR_fields
                0x0000000008008bc8      0x108 decoder/STM32F30x_decoder.o
                0x0000000008008bc8                TSC_IOHCR_fields
 .rodata.CAN_F27R1_fields
                0x0000000008008cd0      0x108 decoder/STM32F30x_decoder.o
                0x0000000008008cd0                CAN_F27R1_fields
 .rodata.TIM6_ARR_fields
                0x0000000008008dd8       0x10 decoder/STM32F30x_decoder.o
                0x0000000008008dd8                TIM6_ARR_fields
 .rodata.CAN_F12R1_fields
                0x0000000008008de8      0x108 decoder/STM32F30x_decoder.o
                0x0000000008008de8                CAN_F12R1_fields
 .rodata.TIM15_DCR_fields
                0x0000000008008ef0       0x18 decoder/STM32F30x_decoder.o
                0x0000000008008ef0                TIM15_DCR_fields
 .rodata.NVIC_IPR18_fields
                0x0000000008008f08       0x28 decoder/STM32F30x_decoder.o
                0x0000000008008f08                NVIC_IPR18_fields
 .rodata.RTC_BKP13R_fields
                0x0000000008008f30       0x10 decoder/STM32F30x_decoder.o
                0x0000000008008f30                RTC_BKP13R_fields
 .rodata.CAN_BTR_fields
                0x0000000008008f40       0x38 decoder/STM32F30x_decoder.o
                0x0000000008008f40                CAN_BTR_fields
 .rodata.TIM15_BDTR_fields
                0x0000000008008f78       0x50 decoder/STM32F30x_decoder.o
                0x0000000008008f78                TIM15_BDTR_fields
 .rodata.NVIC_IPR1_fields
                0x0000000008008fc8       0x28 decoder/STM32F30x_decoder.o
                0x0000000008008fc8                NVIC_IPR1_fields
 .rodata.TIM15_PSC_fields
                0x0000000008008ff0       0x10 decoder/STM32F30x_decoder.o
                0x0000000008008ff0                TIM15_PSC_fields
 .rodata.Flash_ACR_fields
                0x0000000008009000       0x20 decoder/STM32F30x_decoder.o
                0x0000000008009000                Flash_ACR_fields
 .rodata.TIM17_CCMR1_Output_fields
                0x0000000008009020       0x30 decoder/STM32F30x_decoder.o
                0x0000000008009020                TIM17_CCMR1_Output_fields
 .rodata.TIM2_ARR_fields
                0x0000000008009050       0x18 decoder/STM32F30x_decoder.o
                0x0000000008009050                TIM2_ARR_fields
 .rodata.Flash_registers
                0x0000000008009068       0x6c decoder/STM32F30x_decoder.o
                0x0000000008009068                Flash_registers
 .rodata.CAN_TDH0R_fields
                0x00000000080090d4       0x28 decoder/STM32F30x_decoder.o
                0x00000000080090d4                CAN_TDH0R_fields
 .rodata.TIM1_DCR_fields
                0x00000000080090fc       0x18 decoder/STM32F30x_decoder.o
                0x00000000080090fc                TIM1_DCR_fields
 .rodata.CAN_TI2R_fields
                0x0000000008009114       0x30 decoder/STM32F30x_decoder.o
                0x0000000008009114                CAN_TI2R_fields
 .rodata.ADC1_IER_fields
                0x0000000008009144       0x60 decoder/STM32F30x_decoder.o
                0x0000000008009144                ADC1_IER_fields
 .rodata.NVIC_ICPR2_fields
                0x00000000080091a4       0x10 decoder/STM32F30x_decoder.o
                0x00000000080091a4                NVIC_ICPR2_fields
 .rodata.EXTI_IMR1_fields
                0x00000000080091b4      0x108 decoder/STM32F30x_decoder.o
                0x00000000080091b4                EXTI_IMR1_fields
 .rodata.TSC_IOASCR_fields
                0x00000000080092bc      0x108 decoder/STM32F30x_decoder.o
                0x00000000080092bc                TSC_IOASCR_fields
 .rodata.RCC_CFGR2_fields
                0x00000000080093c4       0x20 decoder/STM32F30x_decoder.o
                0x00000000080093c4                RCC_CFGR2_fields
 .rodata.TIM1_PSC_fields
                0x00000000080093e4       0x10 decoder/STM32F30x_decoder.o
                0x00000000080093e4                TIM1_PSC_fields
 .rodata.Flash_KEYR_fields
                0x00000000080093f4       0x10 decoder/STM32F30x_decoder.o
                0x00000000080093f4                Flash_KEYR_fields
 .rodata.TIM8_CR2_fields
                0x0000000008009404       0x80 decoder/STM32F30x_decoder.o
                0x0000000008009404                TIM8_CR2_fields
 .rodata.ADC1_CFGR_fields
                0x0000000008009484       0xa0 decoder/STM32F30x_decoder.o
                0x0000000008009484                ADC1_CFGR_fields
 .rodata.TIM17_EGR_fields
                0x0000000008009524       0x30 decoder/STM32F30x_decoder.o
                0x0000000008009524                TIM17_EGR_fields
 .rodata.TSC_IOGCSR_fields
                0x0000000008009554       0x88 decoder/STM32F30x_decoder.o
                0x0000000008009554                TSC_IOGCSR_fields
 .rodata.NVIC_IPR0_fields
                0x00000000080095dc       0x28 decoder/STM32F30x_decoder.o
                0x00000000080095dc                NVIC_IPR0_fields
 .rodata.NVIC_IPR8_fields
                0x0000000008009604       0x28 decoder/STM32F30x_decoder.o
                0x0000000008009604                NVIC_IPR8_fields
 .rodata.RTC_WUTR_fields
                0x000000000800962c       0x10 decoder/STM32F30x_decoder.o
                0x000000000800962c                RTC_WUTR_fields
 .rodata.GPIOB_OSPEEDR_fields
                0x000000000800963c       0x88 decoder/STM32F30x_decoder.o
                0x000000000800963c                GPIOB_OSPEEDR_fields
 .rodata.ADC1_ISR_fields
                0x00000000080096c4       0x60 decoder/STM32F30x_decoder.o
                0x00000000080096c4                ADC1_ISR_fields
 .rodata.NVIC_ICER1_fields
                0x0000000008009724       0x10 decoder/STM32F30x_decoder.o
                0x0000000008009724                NVIC_ICER1_fields
 .rodata.RTC_BKP7R_fields
                0x0000000008009734       0x10 decoder/STM32F30x_decoder.o
                0x0000000008009734                RTC_BKP7R_fields
 .rodata.CAN_RF0R_fields
                0x0000000008009744       0x28 decoder/STM32F30x_decoder.o
                0x0000000008009744                CAN_RF0R_fields
 .rodata.CAN_FS1R_fields
                0x000000000800976c       0xe8 decoder/STM32F30x_decoder.o
                0x000000000800976c                CAN_FS1R_fields
 .rodata.GPIOA_AFRL_fields
                0x0000000008009854       0x48 decoder/STM32F30x_decoder.o
                0x0000000008009854                GPIOA_AFRL_fields
 .rodata.DMA1_CMAR3_fields
                0x000000000800989c       0x10 decoder/STM32F30x_decoder.o
                0x000000000800989c                DMA1_CMAR3_fields
 .rodata.ADC1_SQR1_fields
                0x00000000080098ac       0x30 decoder/STM32F30x_decoder.o
                0x00000000080098ac                ADC1_SQR1_fields
 .rodata.CAN_F15R2_fields
                0x00000000080098dc      0x108 decoder/STM32F30x_decoder.o
                0x00000000080098dc                CAN_F15R2_fields
 .rodata.IWDG_PR_fields
                0x00000000080099e4       0x10 decoder/STM32F30x_decoder.o
                0x00000000080099e4                IWDG_PR_fields
 .rodata.TIM2_DMAR_fields
                0x00000000080099f4       0x10 decoder/STM32F30x_decoder.o
                0x00000000080099f4                TIM2_DMAR_fields
 .rodata.I2C1_TIMEOUTR_fields
                0x0000000008009a04       0x30 decoder/STM32F30x_decoder.o
                0x0000000008009a04                I2C1_TIMEOUTR_fields
 .rodata.GPIOB_LCKR_fields
                0x0000000008009a34       0x90 decoder/STM32F30x_decoder.o
                0x0000000008009a34                GPIOB_LCKR_fields
 .rodata.DAC_DHR8R1_fields
                0x0000000008009ac4       0x10 decoder/STM32F30x_decoder.o
                0x0000000008009ac4                DAC_DHR8R1_fields
 .rodata.TIM1_CCMR1_Output_fields
                0x0000000008009ad4       0x68 decoder/STM32F30x_decoder.o
                0x0000000008009ad4                TIM1_CCMR1_Output_fields
 .rodata.TIM1_CCR2_fields
                0x0000000008009b3c       0x10 decoder/STM32F30x_decoder.o
                0x0000000008009b3c                TIM1_CCR2_fields
 .rodata.TIM1_OR_fields
                0x0000000008009b4c       0x18 decoder/STM32F30x_decoder.o
                0x0000000008009b4c                TIM1_OR_fields
 .rodata.USART1_TDR_fields
                0x0000000008009b64       0x10 decoder/STM32F30x_decoder.o
                0x0000000008009b64                USART1_TDR_fields
 .rodata.NVIC_STIR_fields
                0x0000000008009b74       0x10 decoder/STM32F30x_decoder.o
                0x0000000008009b74                NVIC_STIR_fields
 .rodata.USB_FS_USB_EP7R_fields
                0x0000000008009b84       0x58 decoder/STM32F30x_decoder.o
                0x0000000008009b84                USB_FS_USB_EP7R_fields
 .rodata.ADC1_SQR4_fields
                0x0000000008009bdc       0x18 decoder/STM32F30x_decoder.o
                0x0000000008009bdc                ADC1_SQR4_fields
 .rodata.SYSCFG_registers
                0x0000000008009bf4       0x60 decoder/STM32F30x_decoder.o
                0x0000000008009bf4                SYSCFG_registers
 .rodata.PWR_CSR_fields
                0x0000000008009c54       0x30 decoder/STM32F30x_decoder.o
                0x0000000008009c54                PWR_CSR_fields
 .rodata.GPIOB_AFRH_fields
                0x0000000008009c84       0x48 decoder/STM32F30x_decoder.o
                0x0000000008009c84                GPIOB_AFRH_fields
 .rodata.FPU_FPCCR_fields
                0x0000000008009ccc       0x50 decoder/STM32F30x_decoder.o
                0x0000000008009ccc                FPU_FPCCR_fields
 .rodata.DBGMCU_APB2FZ_fields
                0x0000000008009d1c       0x28 decoder/STM32F30x_decoder.o
                0x0000000008009d1c                DBGMCU_APB2FZ_fields
 .rodata.TIM8_CCR1_fields
                0x0000000008009d44       0x10 decoder/STM32F30x_decoder.o
                0x0000000008009d44                TIM8_CCR1_fields
 .rodata.WWDG_SR_fields
                0x0000000008009d54       0x10 decoder/STM32F30x_decoder.o
                0x0000000008009d54                WWDG_SR_fields
 .rodata.TIM16_DIER_fields
                0x0000000008009d64       0x50 decoder/STM32F30x_decoder.o
                0x0000000008009d64                TIM16_DIER_fields
 .rodata.TIM1_CCR5_fields
                0x0000000008009db4       0x28 decoder/STM32F30x_decoder.o
                0x0000000008009db4                TIM1_CCR5_fields
 .rodata.TIM8_BDTR_fields
                0x0000000008009ddc       0x68 decoder/STM32F30x_decoder.o
                0x0000000008009ddc                TIM8_BDTR_fields
 .rodata.Flash_CR_fields
                0x0000000008009e44       0x60 decoder/STM32F30x_decoder.o
                0x0000000008009e44                Flash_CR_fields
 .rodata.RTC_BKP26R_fields
                0x0000000008009ea4       0x10 decoder/STM32F30x_decoder.o
                0x0000000008009ea4                RTC_BKP26R_fields
 .rodata.Flash_OBR_fields
                0x0000000008009eb4       0x60 decoder/STM32F30x_decoder.o
                0x0000000008009eb4                Flash_OBR_fields
 .rodata.ADC1_AWD2CR_fields
                0x0000000008009f14       0x10 decoder/STM32F30x_decoder.o
                0x0000000008009f14                ADC1_AWD2CR_fields
 .rodata.FPU_registers
                0x0000000008009f24       0x54 decoder/STM32F30x_decoder.o
                0x0000000008009f24                FPU_registers
 .rodata.DAC_CR_fields
                0x0000000008009f78       0x88 decoder/STM32F30x_decoder.o
                0x0000000008009f78                DAC_CR_fields
 .rodata.NVIC_IPR10_fields
                0x000000000800a000       0x28 decoder/STM32F30x_decoder.o
                0x000000000800a000                NVIC_IPR10_fields
 .rodata.TIM15_CCR1_fields
                0x000000000800a028       0x10 decoder/STM32F30x_decoder.o
                0x000000000800a028                TIM15_CCR1_fields
 .rodata.RTC_ALRMAR_fields
                0x000000000800a038       0x78 decoder/STM32F30x_decoder.o
                0x000000000800a038                RTC_ALRMAR_fields
 .rodata.GPIOA_BSRR_fields
                0x000000000800a0b0      0x108 decoder/STM32F30x_decoder.o
                0x000000000800a0b0                GPIOA_BSRR_fields
 .rodata.TIM16_SR_fields
                0x000000000800a1b8       0x38 decoder/STM32F30x_decoder.o
                0x000000000800a1b8                TIM16_SR_fields
 .rodata.CAN_F6R1_fields
                0x000000000800a1f0      0x108 decoder/STM32F30x_decoder.o
                0x000000000800a1f0                CAN_F6R1_fields
 .rodata.ADC1_OFR1_fields
                0x000000000800a2f8       0x20 decoder/STM32F30x_decoder.o
                0x000000000800a2f8                ADC1_OFR1_fields
 .rodata.TIM15_CR1_fields
                0x000000000800a318       0x40 decoder/STM32F30x_decoder.o
                0x000000000800a318                TIM15_CR1_fields
 .rodata.NVIC_IABR2_fields
                0x000000000800a358       0x10 decoder/STM32F30x_decoder.o
                0x000000000800a358                NVIC_IABR2_fields
 .rodata.DMA1_CCR2_fields
                0x000000000800a368       0x68 decoder/STM32F30x_decoder.o
                0x000000000800a368                DMA1_CCR2_fields
 .rodata.NVIC_IPR13_fields
                0x000000000800a3d0       0x28 decoder/STM32F30x_decoder.o
                0x000000000800a3d0                NVIC_IPR13_fields
 .rodata.CAN_F22R2_fields
                0x000000000800a3f8      0x108 decoder/STM32F30x_decoder.o
                0x000000000800a3f8                CAN_F22R2_fields
 .rodata.CAN_F0R2_fields
                0x000000000800a500      0x108 decoder/STM32F30x_decoder.o
                0x000000000800a500                CAN_F0R2_fields
 .rodata.RTC_BKP0R_fields
                0x000000000800a608       0x10 decoder/STM32F30x_decoder.o
                0x000000000800a608                RTC_BKP0R_fields
 .rodata.CAN_F19R1_fields
                0x000000000800a618      0x108 decoder/STM32F30x_decoder.o
                0x000000000800a618                CAN_F19R1_fields
 .rodata.DMA1_IFCR_fields
                0x000000000800a720       0xe8 decoder/STM32F30x_decoder.o
                0x000000000800a720                DMA1_IFCR_fields
 .rodata.TIM16_CCMR1_Input_fields
                0x000000000800a808       0x20 decoder/STM32F30x_decoder.o
                0x000000000800a808                TIM16_CCMR1_Input_fields
 .rodata.TIM2_SMCR_fields
                0x000000000800a828       0x50 decoder/STM32F30x_decoder.o
                0x000000000800a828                TIM2_SMCR_fields
 .rodata.CAN_TDT1R_fields
                0x000000000800a878       0x20 decoder/STM32F30x_decoder.o
                0x000000000800a878                CAN_TDT1R_fields
 .rodata.COMP_COMP6_CSR_fields
                0x000000000800a898       0x60 decoder/STM32F30x_decoder.o
                0x000000000800a898                COMP_COMP6_CSR_fields
 .rodata.I2C1_CR2_fields
                0x000000000800a8f8       0x70 decoder/STM32F30x_decoder.o
                0x000000000800a8f8                I2C1_CR2_fields
 .rodata.TIM1_CR1_fields
                0x000000000800a968       0x50 decoder/STM32F30x_decoder.o
                0x000000000800a968                TIM1_CR1_fields
 .rodata.CAN_F26R2_fields
                0x000000000800a9b8      0x108 decoder/STM32F30x_decoder.o
                0x000000000800a9b8                CAN_F26R2_fields
 .rodata.RTC_BKP10R_fields
                0x000000000800aac0       0x10 decoder/STM32F30x_decoder.o
                0x000000000800aac0                RTC_BKP10R_fields
 .rodata.DMA1_CMAR6_fields
                0x000000000800aad0       0x10 decoder/STM32F30x_decoder.o
                0x000000000800aad0                DMA1_CMAR6_fields
 .rodata.CAN_F23R1_fields
                0x000000000800aae0      0x108 decoder/STM32F30x_decoder.o
                0x000000000800aae0                CAN_F23R1_fields
 .rodata.NVIC_IPR20_fields
                0x000000000800abe8       0x28 decoder/STM32F30x_decoder.o
                0x000000000800abe8                NVIC_IPR20_fields
 .rodata.ADC1_DR_fields
                0x000000000800ac10       0x10 decoder/STM32F30x_decoder.o
                0x000000000800ac10                ADC1_DR_fields
 .rodata.CAN_F16R1_fields
                0x000000000800ac20      0x108 decoder/STM32F30x_decoder.o
                0x000000000800ac20                CAN_F16R1_fields
 .rodata.TSC_registers
                0x000000000800ad28       0xd8 decoder/STM32F30x_decoder.o
                0x000000000800ad28                TSC_registers
 .rodata.ADC1_registers
                0x000000000800ae00      0x150 decoder/STM32F30x_decoder.o
                0x000000000800ae00                ADC1_registers
 .rodata.TIM17_CR2_fields
                0x000000000800af50       0x30 decoder/STM32F30x_decoder.o
                0x000000000800af50                TIM17_CR2_fields
 .rodata.PWR_registers
                0x000000000800af80       0x24 decoder/STM32F30x_decoder.o
                0x000000000800af80                PWR_registers
 .rodata.TIM8_ARR_fields
                0x000000000800afa4       0x10 decoder/STM32F30x_decoder.o
                0x000000000800afa4                TIM8_ARR_fields
 .rodata.EXTI_RTSR1_fields
                0x000000000800afb4       0xd8 decoder/STM32F30x_decoder.o
                0x000000000800afb4                EXTI_RTSR1_fields
 .rodata.RCC_APB2ENR_fields
                0x000000000800b08c       0x48 decoder/STM32F30x_decoder.o
                0x000000000800b08c                RCC_APB2ENR_fields
 .rodata.NVIC_IPR3_fields
                0x000000000800b0d4       0x28 decoder/STM32F30x_decoder.o
                0x000000000800b0d4                NVIC_IPR3_fields
 .rodata.I2C1_TIMINGR_fields
                0x000000000800b0fc       0x30 decoder/STM32F30x_decoder.o
                0x000000000800b0fc                I2C1_TIMINGR_fields
 .rodata.USART1_CR1_fields
                0x000000000800b12c       0xa8 decoder/STM32F30x_decoder.o
                0x000000000800b12c                USART1_CR1_fields
 .rodata.CAN_F13R1_fields
                0x000000000800b1d4      0x108 decoder/STM32F30x_decoder.o
                0x000000000800b1d4                CAN_F13R1_fields
 .rodata.RCC_CSR_fields
                0x000000000800b2dc       0x58 decoder/STM32F30x_decoder.o
                0x000000000800b2dc                RCC_CSR_fields
 .rodata.GPIOB_BSRR_fields
                0x000000000800b334      0x108 decoder/STM32F30x_decoder.o
                0x000000000800b334                GPIOB_BSRR_fields
 .rodata.DES_UID0_fields
                0x000000000800b43c       0x18 decoder/STM32F30x_decoder.o
                0x000000000800b43c                DES_UID0_fields
 .rodata.NVIC_IABR0_fields
                0x000000000800b454       0x10 decoder/STM32F30x_decoder.o
                0x000000000800b454                NVIC_IABR0_fields
 .rodata.TIM2_EGR_fields
                0x000000000800b464       0x38 decoder/STM32F30x_decoder.o
                0x000000000800b464                TIM2_EGR_fields
 .rodata.USART1_CR3_fields
                0x000000000800b49c       0xa0 decoder/STM32F30x_decoder.o
                0x000000000800b49c                USART1_CR3_fields
 .rodata.TIM2_DIER_fields
                0x000000000800b53c       0x68 decoder/STM32F30x_decoder.o
                0x000000000800b53c                TIM2_DIER_fields
 .rodata.CAN_MSR_fields
                0x000000000800b5a4       0x50 decoder/STM32F30x_decoder.o
                0x000000000800b5a4                CAN_MSR_fields
 .rodata.DAC_DHR12L1_fields
                0x000000000800b5f4       0x10 decoder/STM32F30x_decoder.o
                0x000000000800b5f4                DAC_DHR12L1_fields
 .rodata.FPU_MVFR0_fields
                0x000000000800b604       0x48 decoder/STM32F30x_decoder.o
                0x000000000800b604                FPU_MVFR0_fields
 .rodata.SPI1_CR1_fields
                0x000000000800b64c       0x78 decoder/STM32F30x_decoder.o
                0x000000000800b64c                SPI1_CR1_fields
 .rodata.EXTI_registers
                0x000000000800b6c4       0x9c decoder/STM32F30x_decoder.o
                0x000000000800b6c4                EXTI_registers
 .rodata.USB_FS_DADDR_fields
                0x000000000800b760       0x48 decoder/STM32F30x_decoder.o
                0x000000000800b760                USB_FS_DADDR_fields
 .rodata.RTC_BKP8R_fields
                0x000000000800b7a8       0x10 decoder/STM32F30x_decoder.o
                0x000000000800b7a8                RTC_BKP8R_fields
 .rodata.CAN_F2R1_fields
                0x000000000800b7b8      0x108 decoder/STM32F30x_decoder.o
                0x000000000800b7b8                CAN_F2R1_fields
 .rodata.TIM8_CCR4_fields
                0x000000000800b8c0       0x10 decoder/STM32F30x_decoder.o
                0x000000000800b8c0                TIM8_CCR4_fields
 .rodata.USB_FS_USB_EP4R_fields
                0x000000000800b8d0       0x58 decoder/STM32F30x_decoder.o
                0x000000000800b8d0                USB_FS_USB_EP4R_fields
 .rodata.TIM8_CNT_fields
                0x000000000800b928       0x18 decoder/STM32F30x_decoder.o
                0x000000000800b928                TIM8_CNT_fields
 .rodata.RTC_PRER_fields
                0x000000000800b940       0x18 decoder/STM32F30x_decoder.o
                0x000000000800b940                RTC_PRER_fields
 .rodata.TIM1_SR_fields
                0x000000000800b958       0x80 decoder/STM32F30x_decoder.o
                0x000000000800b958                TIM1_SR_fields
 .rodata.DMA1_CPAR2_fields
                0x000000000800b9d8       0x10 decoder/STM32F30x_decoder.o
                0x000000000800b9d8                DMA1_CPAR2_fields
 .rodata.NVIC_IPR15_fields
                0x000000000800b9e8       0x28 decoder/STM32F30x_decoder.o
                0x000000000800b9e8                NVIC_IPR15_fields
 .rodata.TSC_CR_fields
                0x000000000800ba10       0x68 decoder/STM32F30x_decoder.o
                0x000000000800ba10                TSC_CR_fields
 .rodata.SPI1_SR_fields
                0x000000000800ba78       0x60 decoder/STM32F30x_decoder.o
                0x000000000800ba78                SPI1_SR_fields
 .rodata.ADC1_JDR3_fields
                0x000000000800bad8       0x10 decoder/STM32F30x_decoder.o
                0x000000000800bad8                ADC1_JDR3_fields
 .rodata.NVIC_ICTR_fields
                0x000000000800bae8       0x10 decoder/STM32F30x_decoder.o
                0x000000000800bae8                NVIC_ICTR_fields
 .rodata.RTC_BKP30R_fields
                0x000000000800baf8       0x10 decoder/STM32F30x_decoder.o
                0x000000000800baf8                RTC_BKP30R_fields
 .rodata.RTC_BKP23R_fields
                0x000000000800bb08       0x10 decoder/STM32F30x_decoder.o
                0x000000000800bb08                RTC_BKP23R_fields
 .rodata.I2C1_OAR2_fields
                0x000000000800bb18       0x20 decoder/STM32F30x_decoder.o
                0x000000000800bb18                I2C1_OAR2_fields
 .rodata.DMA1_CNDTR3_fields
                0x000000000800bb38       0x10 decoder/STM32F30x_decoder.o
                0x000000000800bb38                DMA1_CNDTR3_fields
 .rodata.RTC_registers
                0x000000000800bb48      0x264 decoder/STM32F30x_decoder.o
                0x000000000800bb48                RTC_registers
 .rodata.CAN_F2R2_fields
                0x000000000800bdac      0x108 decoder/STM32F30x_decoder.o
                0x000000000800bdac                CAN_F2R2_fields
 .rodata.NVIC_ISPR2_fields
                0x000000000800beb4       0x10 decoder/STM32F30x_decoder.o
                0x000000000800beb4                NVIC_ISPR2_fields
 .rodata.DMA1_CPAR5_fields
                0x000000000800bec4       0x10 decoder/STM32F30x_decoder.o
                0x000000000800bec4                DMA1_CPAR5_fields
 .rodata.TIM2_CCR4_fields
                0x000000000800bed4       0x18 decoder/STM32F30x_decoder.o
                0x000000000800bed4                TIM2_CCR4_fields
 .rodata.GPIOB_IDR_fields
                0x000000000800beec       0x88 decoder/STM32F30x_decoder.o
                0x000000000800beec                GPIOB_IDR_fields
 .rodata.ADC1_OFR4_fields
                0x000000000800bf74       0x20 decoder/STM32F30x_decoder.o
                0x000000000800bf74                ADC1_OFR4_fields
 .rodata.CAN_RI1R_fields
                0x000000000800bf94       0x28 decoder/STM32F30x_decoder.o
                0x000000000800bf94                CAN_RI1R_fields
 .rodata.CAN_F18R1_fields
                0x000000000800bfbc      0x108 decoder/STM32F30x_decoder.o
                0x000000000800bfbc                CAN_F18R1_fields
 .rodata.TSC_IOG5CR_fields
                0x000000000800c0c4       0x10 decoder/STM32F30x_decoder.o
                0x000000000800c0c4                TSC_IOG5CR_fields
 .rodata.DAC_DOR2_fields
                0x000000000800c0d4       0x10 decoder/STM32F30x_decoder.o
                0x000000000800c0d4                DAC_DOR2_fields
 .rodata.DMA1_CCR5_fields
                0x000000000800c0e4       0x68 decoder/STM32F30x_decoder.o
                0x000000000800c0e4                DMA1_CCR5_fields
 .rodata.DMA1_CNDTR6_fields
                0x000000000800c14c       0x10 decoder/STM32F30x_decoder.o
                0x000000000800c14c                DMA1_CNDTR6_fields
 .rodata.EXTI_SWIER2_fields
                0x000000000800c15c       0x18 decoder/STM32F30x_decoder.o
                0x000000000800c15c                EXTI_SWIER2_fields
 .rodata.CAN_RDH0R_fields
                0x000000000800c174       0x28 decoder/STM32F30x_decoder.o
                0x000000000800c174                CAN_RDH0R_fields
 .rodata.TIM6_PSC_fields
                0x000000000800c19c       0x10 decoder/STM32F30x_decoder.o
                0x000000000800c19c                TIM6_PSC_fields
 .rodata.CAN_TSR_fields
                0x000000000800c1ac       0xb8 decoder/STM32F30x_decoder.o
                0x000000000800c1ac                CAN_TSR_fields
 .rodata.CAN_TDL0R_fields
                0x000000000800c264       0x28 decoder/STM32F30x_decoder.o
                0x000000000800c264                CAN_TDL0R_fields
 .rodata.CAN_F5R2_fields
                0x000000000800c28c      0x108 decoder/STM32F30x_decoder.o
                0x000000000800c28c                CAN_F5R2_fields
 .rodata.TSC_IOG1CR_fields
                0x000000000800c394       0x10 decoder/STM32F30x_decoder.o
                0x000000000800c394                TSC_IOG1CR_fields
 .rodata.CAN_F11R1_fields
                0x000000000800c3a4      0x108 decoder/STM32F30x_decoder.o
                0x000000000800c3a4                CAN_F11R1_fields
 .rodata.TIM6_CR2_fields
                0x000000000800c4ac       0x10 decoder/STM32F30x_decoder.o
                0x000000000800c4ac                TIM6_CR2_fields
 .rodata.CAN_F25R1_fields
                0x000000000800c4bc      0x108 decoder/STM32F30x_decoder.o
                0x000000000800c4bc                CAN_F25R1_fields
 .rodata.CAN_RDL0R_fields
                0x000000000800c5c4       0x28 decoder/STM32F30x_decoder.o
                0x000000000800c5c4                CAN_RDL0R_fields
 .rodata.USART1_registers
                0x000000000800c5ec       0x90 decoder/STM32F30x_decoder.o
                0x000000000800c5ec                USART1_registers
 .rodata.DAC_SWTRIGR_fields
                0x000000000800c67c       0x18 decoder/STM32F30x_decoder.o
                0x000000000800c67c                DAC_SWTRIGR_fields
 .rodata.CAN_F12R2_fields
                0x000000000800c694      0x108 decoder/STM32F30x_decoder.o
                0x000000000800c694                CAN_F12R2_fields
 .rodata.RTC_BKP4R_fields
                0x000000000800c79c       0x10 decoder/STM32F30x_decoder.o
                0x000000000800c79c                RTC_BKP4R_fields
 .rodata.RTC_TAFCR_fields
                0x000000000800c7ac       0x98 decoder/STM32F30x_decoder.o
                0x000000000800c7ac                RTC_TAFCR_fields
 .rodata.TIM17_ARR_fields
                0x000000000800c844       0x10 decoder/STM32F30x_decoder.o