Archive member included because of file (symbol)

/usr/lib/gcc/arm-none-eabi/4.8.2/../../../arm-none-eabi/lib/armv7e-m/softfp/libg.a(lib_a-atexit.o)
                              /usr/lib/gcc/arm-none-eabi/4.8.2/../../../arm-none-eabi/lib/armv7e-m/softfp/crt0.o (atexit)
/usr/lib/gcc/arm-none-eabi/4.8.2/../../../arm-none-eabi/lib/armv7e-m/softfp/libg.a(lib_a-ctype_.o)
                              parser.o (__ctype_ptr__)
/usr/lib/gcc/arm-none-eabi/4.8.2/../../../arm-none-eabi/lib/armv7e-m/softfp/libg.a(lib_a-errno.o)
                              syscall.o (__errno)
/usr/lib/gcc/arm-none-eabi/4.8.2/../../../arm-none-eabi/lib/armv7e-m/softfp/libg.a(lib_a-exit.o)
                              /usr/lib/gcc/arm-none-eabi/4.8.2/../../../arm-none-eabi/lib/armv7e-m/softfp/crt0.o (exit)
/usr/lib/gcc/arm-none-eabi/4.8.2/../../../arm-none-eabi/lib/armv7e-m/softfp/libg.a(lib_a-fini.o)
                              /usr/lib/gcc/arm-none-eabi/4.8.2/../../../arm-none-eabi/lib/armv7e-m/softfp/crt0.o (__libc_fini_array)
/usr/lib/gcc/arm-none-eabi/4.8.2/../../../arm-none-eabi/lib/armv7e-m/softfp/libg.a(lib_a-impure.o)
                              /usr/lib/gcc/arm-none-eabi/4.8.2/../../../arm-none-eabi/lib/armv7e-m/softfp/libg.a(lib_a-exit.o) (_global_impure_ptr)
/usr/lib/gcc/arm-none-eabi/4.8.2/../../../arm-none-eabi/lib/armv7e-m/softfp/libg.a(lib_a-init.o)
                              /usr/lib/gcc/arm-none-eabi/4.8.2/../../../arm-none-eabi/lib/armv7e-m/softfp/crt0.o (__libc_init_array)
/usr/lib/gcc/arm-none-eabi/4.8.2/../../../arm-none-eabi/lib/armv7e-m/softfp/libg.a(lib_a-memset.o)
                              /usr/lib/gcc/arm-none-eabi/4.8.2/../../../arm-none-eabi/lib/armv7e-m/softfp/crt0.o (memset)
/usr/lib/gcc/arm-none-eabi/4.8.2/../../../arm-none-eabi/lib/armv7e-m/softfp/libg.a(lib_a-putchar.o)
                              parser.o (putchar)
/usr/lib/gcc/arm-none-eabi/4.8.2/../../../arm-none-eabi/lib/armv7e-m/softfp/libg.a(lib_a-puts.o)
                              main.o (puts)
/usr/lib/gcc/arm-none-eabi/4.8.2/../../../arm-none-eabi/lib/armv7e-m/softfp/libg.a(lib_a-rand.o)
                              task_executive_cmd.o (rand)
/usr/lib/gcc/arm-none-eabi/4.8.2/../../../arm-none-eabi/lib/armv7e-m/softfp/libg.a(lib_a-setvbuf.o)
                              terminal.o (setvbuf)
/usr/lib/gcc/arm-none-eabi/4.8.2/../../../arm-none-eabi/lib/armv7e-m/softfp/libg.a(lib_a-strcasecmp.o)
                              parser.o (strcasecmp)
/usr/lib/gcc/arm-none-eabi/4.8.2/../../../arm-none-eabi/lib/armv7e-m/softfp/libg.a(lib_a-strcpy.o)
                              parser.o (strcpy)
/usr/lib/gcc/arm-none-eabi/4.8.2/../../../arm-none-eabi/lib/armv7e-m/softfp/libg.a(lib_a-strlen.o)
                              parser.o (strlen)
/usr/lib/gcc/arm-none-eabi/4.8.2/../../../arm-none-eabi/lib/armv7e-m/softfp/libg.a(lib_a-strtok.o)
                              parser.o (strtok)
/usr/lib/gcc/arm-none-eabi/4.8.2/../../../arm-none-eabi/lib/armv7e-m/softfp/libg.a(lib_a-strtok_r.o)
                              /usr/lib/gcc/arm-none-eabi/4.8.2/../../../arm-none-eabi/lib/armv7e-m/softfp/libg.a(lib_a-strtok.o) (__strtok_r)
/usr/lib/gcc/arm-none-eabi/4.8.2/../../../arm-none-eabi/lib/armv7e-m/softfp/libg.a(lib_a-strtol.o)
                              parser.o (strtol)
/usr/lib/gcc/arm-none-eabi/4.8.2/../../../arm-none-eabi/lib/armv7e-m/softfp/libg.a(lib_a-strtoul.o)
                              parser.o (strtoul)
/usr/lib/gcc/arm-none-eabi/4.8.2/../../../arm-none-eabi/lib/armv7e-m/softfp/libg.a(lib_a-__atexit.o)
                              /usr/lib/gcc/arm-none-eabi/4.8.2/../../../arm-none-eabi/lib/armv7e-m/softfp/libg.a(lib_a-atexit.o) (__register_exitproc)
/usr/lib/gcc/arm-none-eabi/4.8.2/../../../arm-none-eabi/lib/armv7e-m/softfp/libg.a(lib_a-__call_atexit.o)
                              /usr/lib/gcc/arm-none-eabi/4.8.2/../../../arm-none-eabi/lib/armv7e-m/softfp/libg.a(lib_a-exit.o) (__call_exitprocs)
/usr/lib/gcc/arm-none-eabi/4.8.2/../../../arm-none-eabi/lib/armv7e-m/softfp/libg.a(lib_a-fflush.o)
                              /usr/lib/gcc/arm-none-eabi/4.8.2/../../../arm-none-eabi/lib/armv7e-m/softfp/libg.a(lib_a-setvbuf.o) (_fflush_r)
/usr/lib/gcc/arm-none-eabi/4.8.2/../../../arm-none-eabi/lib/armv7e-m/softfp/libg.a(lib_a-findfp.o)
                              /usr/lib/gcc/arm-none-eabi/4.8.2/../../../arm-none-eabi/lib/armv7e-m/softfp/libg.a(lib_a-setvbuf.o) (_cleanup_r)
/usr/lib/gcc/arm-none-eabi/4.8.2/../../../arm-none-eabi/lib/armv7e-m/softfp/libg.a(lib_a-freer.o)
                              /usr/lib/gcc/arm-none-eabi/4.8.2/../../../arm-none-eabi/lib/armv7e-m/softfp/libg.a(lib_a-setvbuf.o) (_free_r)
/usr/lib/gcc/arm-none-eabi/4.8.2/../../../arm-none-eabi/lib/armv7e-m/softfp/libg.a(lib_a-fvwrite.o)
                              /usr/lib/gcc/arm-none-eabi/4.8.2/../../../arm-none-eabi/lib/armv7e-m/softfp/libg.a(lib_a-puts.o) (__sfvwrite_r)
[...]
Memory Configuration

Name             Origin             Length             Attributes
FLASH            0x0000000008000000 0x0000000000040000 xr
RAM              0x0000000020000000 0x000000000000a000 xrw
CCMRAM           0x0000000010000000 0x0000000000002000 rw
*default*        0x0000000000000000 0xffffffffffffffff

Linker script and memory map

LOAD /usr/lib/gcc/arm-none-eabi/4.8.2/armv7e-m/softfp/crti.o
LOAD /usr/lib/gcc/arm-none-eabi/4.8.2/armv7e-m/softfp/crtbegin.o
LOAD /usr/lib/gcc/arm-none-eabi/4.8.2/../../../arm-none-eabi/lib/armv7e-m/softfp/crt0.o
LOAD main.o
LOAD monitor.o
LOAD uart.o
LOAD parser.o
LOAD dump.o
LOAD syscall.o
LOAD terminal.o
LOAD decoder/decoder.o
LOAD decoder/STM32F30x_decoder.o
LOAD printf_stdarg.o
LOAD mytest.o
LOAD mycode.o
LOAD simpleTask.o
LOAD task_executive.o
LOAD task_executive_cmd.o
LOAD Drivers/CMSIS/Device/ST/STM32F3xx/Source/Templates/system_stm32f3xx.o
LOAD Drivers/STM32F3xx_HAL_Driver/Src/stm32f3xx_hal_rcc.o
LOAD Drivers/STM32F3xx_HAL_Driver/Src/stm32f3xx_hal.o
LOAD Drivers/STM32F3xx_HAL_Driver/Src/stm32f3xx_hal_cortex.o
LOAD Drivers/STM32F3xx_HAL_Driver/Src/stm32f3xx_hal_uart.o
LOAD Drivers/STM32F3xx_HAL_Driver/Src/stm32f3xx_hal_gpio.o
LOAD Drivers/STM32F3xx_HAL_Driver/Src/stm32f3xx_hal_pcd.o
LOAD Drivers/STM32F3xx_HAL_Driver/Src/stm32f3xx_hal_pcd_ex.o
LOAD Drivers/STM32F3xx_HAL_Driver/Src/stm32f3xx_hal_i2c.o
LOAD Drivers/STM32F3xx_HAL_Driver/Src/stm32f3xx_hal_spi.o
LOAD Drivers/STM32_USB_Device_Library/Core/Src/usbd_core.o
LOAD Drivers/STM32_USB_Device_Library/Core/Src/usbd_ctlreq.o
LOAD Drivers/STM32_USB_Device_Library/Core/Src/usbd_ioreq.o
LOAD Drivers/STM32_USB_Device_Library/Class/CDC/Src/usbd_cdc.o
LOAD usbd_conf.o
LOAD usbd_desc.o
LOAD usbd_cdc_interface.o
LOAD Drivers/BSP/STM32F3-Discovery/stm32f3_discovery.o
LOAD Drivers/BSP/STM32F3-Discovery/stm32f3_discovery_accelerometer.o
LOAD Drivers/BSP/STM32F3-Discovery/stm32f3_discovery_gyroscope.o
LOAD Drivers/BSP/Components/lsm303dlhc/lsm303dlhc.o
LOAD Drivers/BSP/Components/l3gd20/l3gd20.o
LOAD Drivers/CMSIS/Device/ST/STM32F3xx/Source/Templates/gcc/startup_stm32f303xc.o
START GROUP
LOAD /usr/lib/gcc/arm-none-eabi/4.8.2/armv7e-m/softfp/libgcc.a
LOAD /usr/lib/gcc/arm-none-eabi/4.8.2/../../../arm-none-eabi/lib/armv7e-m/softfp/libg.a
LOAD /usr/lib/gcc/arm-none-eabi/4.8.2/../../../arm-none-eabi/lib/armv7e-m/softfp/libc.a
END GROUP
LOAD /usr/lib/gcc/arm-none-eabi/4.8.2/armv7e-m/softfp/crtend.o
LOAD /usr/lib/gcc/arm-none-eabi/4.8.2/armv7e-m/softfp/crtn.o
                0x0000000020007fff                _estack = 0x20007fff
                0x0000000000000200                _Min_Heap_Size = 0x200
                0x0000000000000400                _Min_Stack_Size = 0x400

.isr_vector     0x0000000008000000      0x188
                0x0000000008000000                . = ALIGN (0x4)
 *(.isr_vector)
 .isr_vector    0x0000000008000000      0x188 Drivers/CMSIS/Device/ST/STM32F3xx/Source/Templates/gcc/startup_stm32f303xc.o
                0x0000000008000000                g_pfnVectors
                0x0000000008000188                . = ALIGN (0x4)

.text           0x0000000008000188     0x6e44
                0x0000000008000188                . = ALIGN (0x4)
 *(.text)
 .text          0x0000000008000188       0xc8 /usr/lib/gcc/arm-none-eabi/4.8.2/armv7e-m/softfp/crtbegin.o
 .text          0x0000000008000250       0x3c mycode.o
                0x0000000008000250                mytest
                0x0000000008000268                my_Tick
                0x000000000800027c                my_Loop
                0x0000000008000280                my_Init
 .text          0x000000000800028c      0x134 /usr/lib/gcc/arm-none-eabi/4.8.2/../../../arm-none-eabi/lib/armv7e-m/softfp/libg.a(lib_a-memcpy.o)
                0x000000000800028c                memcpy
 *(.text*)
 .text.CmdLED   0x00000000080003c0       0x5c main.o
                0x00000000080003c0                CmdLED
 .text.CmdAccel
                0x000000000800041c       0x28 main.o
                0x000000000800041c                CmdAccel
 .text.CmdGyro  0x0000000008000444       0x54 main.o
                0x0000000008000444                CmdGyro
 .text.CmdButton
                0x0000000008000498       0x2c main.o
                0x0000000008000498                CmdButton
 .text.Error_Handler
                0x00000000080004c4        0xa main.o
                0x00000000080004c4                Error_Handler
 *fill*         0x00000000080004ce        0x2 
 .text.startup.main
                0x00000000080004d0       0x90 main.o
                0x00000000080004d0                main
 .text.SysTick_Handler
                0x0000000008000560        0x4 main.o
                0x0000000008000560                SysTick_Handler
 .text.CmdW     0x0000000008000564       0x1c monitor.o
                0x0000000008000564                CmdW
 .text.CmdR     0x0000000008000580       0x20 monitor.o
                0x0000000008000580                CmdR
 .text.parse    0x00000000080005a0       0xfc parser.o
                0x00000000080005a0                parse
 .text.TaskInput
                0x000000000800069c      0x12c parser.o
                0x000000000800069c                TaskInput
 .text.fetch_uint32_arg
                0x00000000080007c8       0x28 parser.o
                0x00000000080007c8                fetch_uint32_arg
 .text.fetch_string_arg
                0x00000000080007f0       0x20 parser.o
                0x00000000080007f0                fetch_string_arg
 .text.DumpBuffer
                0x0000000008000810       0xa4 dump.o
                0x0000000008000810                DumpBuffer
 .text.CmdDump  0x00000000080008b4       0x54 dump.o
                0x00000000080008b4                CmdDump
 .text._sbrk_r  0x0000000008000908       0x34 syscall.o
                0x0000000008000908                _sbrk_r
 .text._close_r
                0x000000000800093c        0x6 syscall.o
                0x000000000800093c                _close_r
 .text._fstat_r
                0x0000000008000942        0xa syscall.o
                0x0000000008000942                _fstat_r
 .text._isatty_r
                0x000000000800094c        0x4 syscall.o
                0x000000000800094c                _isatty_r
 .text._lseek_r
                0x0000000008000950        0x4 syscall.o
                0x0000000008000950                _lseek_r
 .text.USBD_CDC_DataIn
                0x0000000008000954       0x80 terminal.o
 .text.CmdStats
                0x00000000080009d4       0x50 terminal.o
                0x00000000080009d4                CmdStats
 .text.TerminalInit
                0x0000000008000a24       0x7c terminal.o
                0x0000000008000a24                TerminalInit
 .text.TerminalRead
                0x0000000008000aa0       0x48 terminal.o
                0x0000000008000aa0                TerminalRead
 .text._read_r  0x0000000008000ae8        0xa terminal.o
                0x0000000008000ae8                _read_r
 .text.TerminalReadNonBlock
                0x0000000008000af2       0x12 terminal.o
                0x0000000008000af2                TerminalReadNonBlock
 .text.TerminalReadAnyNonBlock
                0x0000000008000b04       0x12 terminal.o
                0x0000000008000b04                TerminalReadAnyNonBlock
 *fill*         0x0000000008000b16        0x2 
 .text.TerminalOutputBufferWrite
                0x0000000008000b18       0xf0 terminal.o
                0x0000000008000b18                TerminalOutputBufferWrite
 .text._write_r
                0x0000000008000c08       0x38 terminal.o
                0x0000000008000c08                _write_r
 .text.TerminalInputBufferWrite
                0x0000000008000c40       0x74 terminal.o
                0x0000000008000c40                TerminalInputBufferWrite
 .text.USB_LP_CAN_RX0_IRQHandler
                0x0000000008000cb4        0xc terminal.o
                0x0000000008000cb4                USB_LP_CAN_RX0_IRQHandler
 .text.DecodeReadRegister
                0x0000000008000cc0       0x40 decoder/decoder.o
                0x0000000008000cc0                DecodeReadRegister
 .text.DecodeWriteRegister
                0x0000000008000d00       0x3c decoder/decoder.o
                0x0000000008000d00                DecodeWriteRegister
 .text.DecodeField
                0x0000000008000d3c       0x40 decoder/decoder.o
                0x0000000008000d3c                DecodeField
 .text.DecodeRegister
                0x0000000008000d7c       0x4c decoder/decoder.o
                0x0000000008000d7c                DecodeRegister
 .text.DecodePeripheral
                0x0000000008000dc8       0x3c decoder/decoder.o
                0x0000000008000dc8                DecodePeripheral
 .text.DecodePrintPeripherals
                0x0000000008000e04       0x50 decoder/decoder.o
                0x0000000008000e04                DecodePrintPeripherals
 .text.DecodePrintRegisters
                0x0000000008000e54       0x54 decoder/decoder.o
                0x0000000008000e54                DecodePrintRegisters
 .text.CmdDecode
                0x0000000008000ea8      0x1f8 decoder/decoder.o
                0x0000000008000ea8                CmdDecode
 .text.printchar
                0x00000000080010a0       0x28 printf_stdarg.o
 .text.prints   0x00000000080010c8       0x82 printf_stdarg.o
 .text.printi   0x000000000800114a       0x9a printf_stdarg.o
 .text.print    0x00000000080011e4      0x120 printf_stdarg.o
 .text.printf   0x0000000008001304       0x1c printf_stdarg.o
                0x0000000008001304                printf
 .text.CmdTest  0x0000000008001320       0x30 mytest.o
                0x0000000008001320                CmdTest
 .text.CmdCount
                0x0000000008001350       0x38 simpleTask.o
                0x0000000008001350                CmdCount
 .text.TaskCounter
                0x0000000008001388       0x20 simpleTask.o
                0x0000000008001388                TaskCounter
 .text.TaskInit
                0x00000000080013a8       0x20 task_executive.o
                0x00000000080013a8                TaskInit
 .text.TaskAdd  0x00000000080013c8       0x2c task_executive.o
                0x00000000080013c8                TaskAdd
 .text.TaskKill
                0x00000000080013f4       0x3c task_executive.o
                0x00000000080013f4                TaskKill
 .text.TaskSwitcher
                0x0000000008001430       0x5c task_executive.o
                0x0000000008001430                TaskSwitcher
 .text.TaskLedOn
                0x000000000800148c       0x38 task_executive_cmd.o
                0x000000000800148c                TaskLedOn
 .text.TaskLedOff
                0x00000000080014c4       0x38 task_executive_cmd.o
                0x00000000080014c4                TaskLedOff
 .text.TaskAccel
                0x00000000080014fc       0x28 task_executive_cmd.o
                0x00000000080014fc                TaskAccel
 .text.TaskGyro
                0x0000000008001524       0x50 task_executive_cmd.o
                0x0000000008001524                TaskGyro
 .text.CmdTaskKill
                0x0000000008001574       0x30 task_executive_cmd.o
                0x0000000008001574                CmdTaskKill
 .text.TaskPB   0x00000000080015a4       0x24 task_executive_cmd.o
                0x00000000080015a4                TaskPB
 .text.CmdTasks
                0x00000000080015c8       0x20 task_executive_cmd.o
                0x00000000080015c8                CmdTasks
 .text.CmdTaskAdd
                0x00000000080015e8       0x88 task_executive_cmd.o
                0x00000000080015e8                CmdTaskAdd
 .text.SystemInit
                0x0000000008001670       0x68 Drivers/CMSIS/Device/ST/STM32F3xx/Source/Templates/system_stm32f3xx.o
                0x0000000008001670                SystemInit
 .text.HAL_RCC_OscConfig
                0x00000000080016d8      0x644 Drivers/STM32F3xx_HAL_Driver/Src/stm32f3xx_hal_rcc.o
                0x00000000080016d8                HAL_RCC_OscConfig
 .text.HAL_RCC_ClockConfig
                0x0000000008001d1c      0x2fc Drivers/STM32F3xx_HAL_Driver/Src/stm32f3xx_hal_rcc.o
                0x0000000008001d1c                HAL_RCC_ClockConfig
 .text.HAL_RCC_GetSysClockFreq
                0x0000000008002018       0x6c Drivers/STM32F3xx_HAL_Driver/Src/stm32f3xx_hal_rcc.o
                0x0000000008002018                HAL_RCC_GetSysClockFreq
 .text.HAL_RCC_GetHCLKFreq
                0x0000000008002084       0x38 Drivers/STM32F3xx_HAL_Driver/Src/stm32f3xx_hal_rcc.o
                0x0000000008002084                HAL_RCC_GetHCLKFreq
 .text.HAL_MspInit
                0x00000000080020bc        0x2 Drivers/STM32F3xx_HAL_Driver/Src/stm32f3xx_hal.o
                0x00000000080020bc                HAL_MspInit
 .text.HAL_InitTick
                0x00000000080020be       0x24 Drivers/STM32F3xx_HAL_Driver/Src/stm32f3xx_hal.o
                0x00000000080020be                HAL_InitTick
 *fill*         0x00000000080020e2        0x2 
 .text.HAL_Init
                0x00000000080020e4       0x24 Drivers/STM32F3xx_HAL_Driver/Src/stm32f3xx_hal.o
                0x00000000080020e4                HAL_Init
 .text.HAL_IncTick
                0x0000000008002108       0x10 Drivers/STM32F3xx_HAL_Driver/Src/stm32f3xx_hal.o
                0x0000000008002108                HAL_IncTick
 .text.HAL_GetTick
                0x0000000008002118        0xc Drivers/STM32F3xx_HAL_Driver/Src/stm32f3xx_hal.o
                0x0000000008002118                HAL_GetTick
 .text.HAL_Delay
                0x0000000008002124       0x1a Drivers/STM32F3xx_HAL_Driver/Src/stm32f3xx_hal.o
                0x0000000008002124                HAL_Delay
 *fill*         0x000000000800213e        0x2 
 .text.HAL_NVIC_SetPriorityGrouping
                0x0000000008002140       0x24 Drivers/STM32F3xx_HAL_Driver/Src/stm32f3xx_hal_cortex.o
                0x0000000008002140                HAL_NVIC_SetPriorityGrouping
 .text.HAL_NVIC_SetPriority
                0x0000000008002164       0x64 Drivers/STM32F3xx_HAL_Driver/Src/stm32f3xx_hal_cortex.o
                0x0000000008002164                HAL_NVIC_SetPriority
 .text.HAL_NVIC_EnableIRQ
                0x00000000080021c8       0x18 Drivers/STM32F3xx_HAL_Driver/Src/stm32f3xx_hal_cortex.o
                0x00000000080021c8                HAL_NVIC_EnableIRQ
 .text.HAL_SYSTICK_Config
                0x00000000080021e0       0x2c Drivers/STM32F3xx_HAL_Driver/Src/stm32f3xx_hal_cortex.o
                0x00000000080021e0                HAL_SYSTICK_Config
 .text.HAL_GPIO_Init
                0x000000000800220c      0x170 Drivers/STM32F3xx_HAL_Driver/Src/stm32f3xx_hal_gpio.o
                0x000000000800220c                HAL_GPIO_Init
 .text.HAL_GPIO_ReadPin
                0x000000000800237c        0xc Drivers/STM32F3xx_HAL_Driver/Src/stm32f3xx_hal_gpio.o
                0x000000000800237c                HAL_GPIO_ReadPin
 .text.HAL_GPIO_WritePin
                0x0000000008002388        0xa Drivers/STM32F3xx_HAL_Driver/Src/stm32f3xx_hal_gpio.o
                0x0000000008002388                HAL_GPIO_WritePin
 .text.HAL_GPIO_TogglePin
                0x0000000008002392        0x8 Drivers/STM32F3xx_HAL_Driver/Src/stm32f3xx_hal_gpio.o
                0x0000000008002392                HAL_GPIO_TogglePin
 .text.HAL_PCD_Init
                0x000000000800239a       0x8c Drivers/STM32F3xx_HAL_Driver/Src/stm32f3xx_hal_pcd.o
                0x000000000800239a                HAL_PCD_Init
 .text.HAL_PCD_Start
                0x0000000008002426        0xc Drivers/STM32F3xx_HAL_Driver/Src/stm32f3xx_hal_pcd.o
                0x0000000008002426                HAL_PCD_Start
 .text.HAL_PCD_SetAddress
                0x0000000008002432       0x2c Drivers/STM32F3xx_HAL_Driver/Src/stm32f3xx_hal_pcd.o
                0x0000000008002432                HAL_PCD_SetAddress
 .text.HAL_PCD_EP_Open
                0x000000000800245e      0x346 Drivers/STM32F3xx_HAL_Driver/Src/stm32f3xx_hal_pcd.o
                0x000000000800245e                HAL_PCD_EP_Open
 .text.HAL_PCD_EP_Close
                0x00000000080027a4      0x1b6 Drivers/STM32F3xx_HAL_Driver/Src/stm32f3xx_hal_pcd.o
                0x00000000080027a4                HAL_PCD_EP_Close
 .text.HAL_PCD_EP_Receive
                0x000000000800295a       0xd0 Drivers/STM32F3xx_HAL_Driver/Src/stm32f3xx_hal_pcd.o
                0x000000000800295a                HAL_PCD_EP_Receive
 .text.HAL_PCD_EP_GetRxCount
                0x0000000008002a2a       0x10 Drivers/STM32F3xx_HAL_Driver/Src/stm32f3xx_hal_pcd.o
                0x0000000008002a2a                HAL_PCD_EP_GetRxCount
 .text.HAL_PCD_EP_Transmit
                0x0000000008002a3a      0x158 Drivers/STM32F3xx_HAL_Driver/Src/stm32f3xx_hal_pcd.o
                0x0000000008002a3a                HAL_PCD_EP_Transmit
 .text.HAL_PCD_IRQHandler
                0x0000000008002b92      0x462 Drivers/STM32F3xx_HAL_Driver/Src/stm32f3xx_hal_pcd.o
                0x0000000008002b92                HAL_PCD_IRQHandler
 .text.HAL_PCD_EP_SetStall
                0x0000000008002ff4       0xa2 Drivers/STM32F3xx_HAL_Driver/Src/stm32f3xx_hal_pcd.o
                0x0000000008002ff4                HAL_PCD_EP_SetStall
 .text.HAL_PCD_EP_ClrStall
                0x0000000008003096       0xc8 Drivers/STM32F3xx_HAL_Driver/Src/stm32f3xx_hal_pcd.o
                0x0000000008003096                HAL_PCD_EP_ClrStall
 .text.HAL_PCDEx_PMAConfig
                0x000000000800315e       0x34 Drivers/STM32F3xx_HAL_Driver/Src/stm32f3xx_hal_pcd_ex.o
                0x000000000800315e                HAL_PCDEx_PMAConfig
 .text.PCD_WritePMA
                0x0000000008003192       0x2e Drivers/STM32F3xx_HAL_Driver/Src/stm32f3xx_hal_pcd_ex.o
                0x0000000008003192                PCD_WritePMA
 .text.PCD_ReadPMA
                0x00000000080031c0       0x22 Drivers/STM32F3xx_HAL_Driver/Src/stm32f3xx_hal_pcd_ex.o
                0x00000000080031c0                PCD_ReadPMA
 .text.HAL_PCDEx_SetConnectionState
                0x00000000080031e2        0x2 Drivers/STM32F3xx_HAL_Driver/Src/stm32f3xx_hal_pcd_ex.o
                0x00000000080031e2                HAL_PCDEx_SetConnectionState
 .text.I2C_TransferConfig
                0x00000000080031e4       0x24 Drivers/STM32F3xx_HAL_Driver/Src/stm32f3xx_hal_i2c.o
 .text.I2C_IsAcknowledgeFailed
                0x0000000008003208       0x90 Drivers/STM32F3xx_HAL_Driver/Src/stm32f3xx_hal_i2c.o
 .text.I2C_WaitOnFlagUntilTimeout
                0x0000000008003298       0x68 Drivers/STM32F3xx_HAL_Driver/Src/stm32f3xx_hal_i2c.o
 .text.I2C_WaitOnTXISFlagUntilTimeout
                0x0000000008003300       0x54 Drivers/STM32F3xx_HAL_Driver/Src/stm32f3xx_hal_i2c.o
 .text.I2C_RequestMemoryWrite
                0x0000000008003354       0x66 Drivers/STM32F3xx_HAL_Driver/Src/stm32f3xx_hal_i2c.o
 .text.I2C_RequestMemoryRead
                0x00000000080033ba       0x64 Drivers/STM32F3xx_HAL_Driver/Src/stm32f3xx_hal_i2c.o
 .text.I2C_WaitOnSTOPFlagUntilTimeout
                0x000000000800341e       0x50 Drivers/STM32F3xx_HAL_Driver/Src/stm32f3xx_hal_i2c.o
 .text.HAL_I2C_MspInit
                0x000000000800346e        0x2 Drivers/STM32F3xx_HAL_Driver/Src/stm32f3xx_hal_i2c.o
                0x000000000800346e                HAL_I2C_MspInit
 .text.HAL_I2C_Init
                0x0000000008003470       0x90 Drivers/STM32F3xx_HAL_Driver/Src/stm32f3xx_hal_i2c.o
                0x0000000008003470                HAL_I2C_Init
 .text.HAL_I2C_MspDeInit
                0x0000000008003500        0x2 Drivers/STM32F3xx_HAL_Driver/Src/stm32f3xx_hal_i2c.o
                0x0000000008003500                HAL_I2C_MspDeInit
 .text.HAL_I2C_DeInit
                0x0000000008003502       0x2e Drivers/STM32F3xx_HAL_Driver/Src/stm32f3xx_hal_i2c.o
                0x0000000008003502                HAL_I2C_DeInit
 .text.HAL_I2C_Mem_Write
                0x0000000008003530       0xfc Drivers/STM32F3xx_HAL_Driver/Src/stm32f3xx_hal_i2c.o
                0x0000000008003530                HAL_I2C_Mem_Write
 .text.HAL_I2C_Mem_Read
                0x000000000800362c      0x108 Drivers/STM32F3xx_HAL_Driver/Src/stm32f3xx_hal_i2c.o
                0x000000000800362c                HAL_I2C_Mem_Read
 .text.HAL_I2C_GetState
                0x0000000008003734        0x6 Drivers/STM32F3xx_HAL_Driver/Src/stm32f3xx_hal_i2c.o
                0x0000000008003734                HAL_I2C_GetState
 .text.SPI_WaitFlagStateUntilTimeout
                0x000000000800373a       0x8a Drivers/STM32F3xx_HAL_Driver/Src/stm32f3xx_hal_spi.o
 .text.SPI_WaitFifoStateUntilTimeout
                0x00000000080037c4       0x9a Drivers/STM32F3xx_HAL_Driver/Src/stm32f3xx_hal_spi.o
 .text.SPI_EndRxTxTransaction
                0x000000000800385e       0x42 Drivers/STM32F3xx_HAL_Driver/Src/stm32f3xx_hal_spi.o
 .text.HAL_SPI_MspInit
                0x00000000080038a0        0x2 Drivers/STM32F3xx_HAL_Driver/Src/stm32f3xx_hal_spi.o
                0x00000000080038a0                HAL_SPI_MspInit
 .text.HAL_SPI_Init
                0x00000000080038a2       0xa4 Drivers/STM32F3xx_HAL_Driver/Src/stm32f3xx_hal_spi.o
                0x00000000080038a2                HAL_SPI_Init
 .text.HAL_SPI_MspDeInit
                0x0000000008003946        0x2 Drivers/STM32F3xx_HAL_Driver/Src/stm32f3xx_hal_spi.o
                0x0000000008003946                HAL_SPI_MspDeInit
 .text.HAL_SPI_DeInit
                0x0000000008003948       0x2e Drivers/STM32F3xx_HAL_Driver/Src/stm32f3xx_hal_spi.o
                0x0000000008003948                HAL_SPI_DeInit
 .text.HAL_SPI_TransmitReceive
                0x0000000008003976      0x284 Drivers/STM32F3xx_HAL_Driver/Src/stm32f3xx_hal_spi.o
                0x0000000008003976                HAL_SPI_TransmitReceive
 .text.HAL_SPI_GetState
                0x0000000008003bfa        0x6 Drivers/STM32F3xx_HAL_Driver/Src/stm32f3xx_hal_spi.o
                0x0000000008003bfa                HAL_SPI_GetState
 .text.USBD_Init
                0x0000000008003c00       0x2a Drivers/STM32_USB_Device_Library/Core/Src/usbd_core.o
                0x0000000008003c00                USBD_Init
 .text.USBD_RegisterClass
                0x0000000008003c2a        0xe Drivers/STM32_USB_Device_Library/Core/Src/usbd_core.o
                0x0000000008003c2a                USBD_RegisterClass
 .text.USBD_Start
                0x0000000008003c38        0xa Drivers/STM32_USB_Device_Library/Core/Src/usbd_core.o
                0x0000000008003c38                USBD_Start
 .text.USBD_SetClassConfig
                0x0000000008003c42       0x16 Drivers/STM32_USB_Device_Library/Core/Src/usbd_core.o
                0x0000000008003c42                USBD_SetClassConfig
 .text.USBD_ClrClassConfig
                0x0000000008003c58        0xe Drivers/STM32_USB_Device_Library/Core/Src/usbd_core.o
                0x0000000008003c58                USBD_ClrClassConfig
 .text.USBD_LL_SetupStage
                0x0000000008003c66       0x5a Drivers/STM32_USB_Device_Library/Core/Src/usbd_core.o
                0x0000000008003c66                USBD_LL_SetupStage
 .text.USBD_LL_DataOutStage
                0x0000000008003cc0       0x60 Drivers/STM32_USB_Device_Library/Core/Src/usbd_core.o
                0x0000000008003cc0                USBD_LL_DataOutStage
 .text.USBD_LL_DataInStage
                0x0000000008003d20       0x8a Drivers/STM32_USB_Device_Library/Core/Src/usbd_core.o
                0x0000000008003d20                USBD_LL_DataInStage
 .text.USBD_LL_Reset
                0x0000000008003daa       0x3e Drivers/STM32_USB_Device_Library/Core/Src/usbd_core.o
                0x0000000008003daa                USBD_LL_Reset
 .text.USBD_LL_SetSpeed
                0x0000000008003de8        0x6 Drivers/STM32_USB_Device_Library/Core/Src/usbd_core.o
                0x0000000008003de8                USBD_LL_SetSpeed
 .text.USBD_LL_SOF
                0x0000000008003dee       0x18 Drivers/STM32_USB_Device_Library/Core/Src/usbd_core.o
                0x0000000008003dee                USBD_LL_SOF
 .text.USBD_ParseSetupRequest
                0x0000000008003e06       0x28 Drivers/STM32_USB_Device_Library/Core/Src/usbd_ctlreq.o
                0x0000000008003e06                USBD_ParseSetupRequest
 .text.USBD_CtlError
                0x0000000008003e2e       0x16 Drivers/STM32_USB_Device_Library/Core/Src/usbd_ctlreq.o
                0x0000000008003e2e                USBD_CtlError
 .text.USBD_StdDevReq
                0x0000000008003e44      0x218 Drivers/STM32_USB_Device_Library/Core/Src/usbd_ctlreq.o
                0x0000000008003e44                USBD_StdDevReq
 .text.USBD_StdItfReq
                0x000000000800405c       0x30 Drivers/STM32_USB_Device_Library/Core/Src/usbd_ctlreq.o
                0x000000000800405c                USBD_StdItfReq
 .text.USBD_StdEPReq
                0x000000000800408c       0xb4 Drivers/STM32_USB_Device_Library/Core/Src/usbd_ctlreq.o
                0x000000000800408c                USBD_StdEPReq
 .text.USBD_GetString
                0x0000000008004140       0x3c Drivers/STM32_USB_Device_Library/Core/Src/usbd_ctlreq.o
                0x0000000008004140                USBD_GetString
 .text.USBD_CtlSendData
                0x000000000800417c       0x1c Drivers/STM32_USB_Device_Library/Core/Src/usbd_ioreq.o
                0x000000000800417c                USBD_CtlSendData
 .text.USBD_CtlContinueSendData
                0x0000000008004198       0x12 Drivers/STM32_USB_Device_Library/Core/Src/usbd_ioreq.o
                0x0000000008004198                USBD_CtlContinueSendData
 .text.USBD_CtlPrepareRx
                0x00000000080041aa       0x20 Drivers/STM32_USB_Device_Library/Core/Src/usbd_ioreq.o
                0x00000000080041aa                USBD_CtlPrepareRx
 .text.USBD_CtlContinueRx
                0x00000000080041ca       0x12 Drivers/STM32_USB_Device_Library/Core/Src/usbd_ioreq.o
                0x00000000080041ca                USBD_CtlContinueRx
 .text.USBD_CtlSendStatus
                0x00000000080041dc       0x16 Drivers/STM32_USB_Device_Library/Core/Src/usbd_ioreq.o
                0x00000000080041dc                USBD_CtlSendStatus
 .text.USBD_CtlReceiveStatus
                0x00000000080041f2       0x16 Drivers/STM32_USB_Device_Library/Core/Src/usbd_ioreq.o
                0x00000000080041f2                USBD_CtlReceiveStatus
 .text.USBD_CDC_DataIn
                0x0000000008004208       0x12 Drivers/STM32_USB_Device_Library/Class/CDC/Src/usbd_cdc.o
 .text.USBD_CDC_EP0_RxReady
                0x000000000800421a       0x28 Drivers/STM32_USB_Device_Library/Class/CDC/Src/usbd_cdc.o
 *fill*         0x0000000008004242        0x2 
 .text.USBD_CDC_GetFSCfgDesc
                0x0000000008004244        0xc Drivers/STM32_USB_Device_Library/Class/CDC/Src/usbd_cdc.o
 .text.USBD_CDC_GetHSCfgDesc
                0x0000000008004250        0xc Drivers/STM32_USB_Device_Library/Class/CDC/Src/usbd_cdc.o
 .text.USBD_CDC_GetOtherSpeedCfgDesc
                0x000000000800425c        0xc Drivers/STM32_USB_Device_Library/Class/CDC/Src/usbd_cdc.o
 .text.USBD_CDC_GetDeviceQualifierDescriptor
                0x0000000008004268        0xc Drivers/STM32_USB_Device_Library/Class/CDC/Src/usbd_cdc.o
                0x0000000008004268                USBD_CDC_GetDeviceQualifierDescriptor
 .text.USBD_CDC_DataOut
                0x0000000008004274       0x2e Drivers/STM32_USB_Device_Library/Class/CDC/Src/usbd_cdc.o
 .text.USBD_CDC_Setup
                0x00000000080042a2       0x5a Drivers/STM32_USB_Device_Library/Class/CDC/Src/usbd_cdc.o
 .text.USBD_CDC_DeInit
                0x00000000080042fc       0x3a Drivers/STM32_USB_Device_Library/Class/CDC/Src/usbd_cdc.o
 .text.USBD_CDC_Init
                0x0000000008004336       0x86 Drivers/STM32_USB_Device_Library/Class/CDC/Src/usbd_cdc.o
 .text.USBD_CDC_RegisterInterface
                0x00000000080043bc        0xe Drivers/STM32_USB_Device_Library/Class/CDC/Src/usbd_cdc.o
                0x00000000080043bc                USBD_CDC_RegisterInterface
 .text.USBD_CDC_SetTxBuffer
                0x00000000080043ca       0x10 Drivers/STM32_USB_Device_Library/Class/CDC/Src/usbd_cdc.o
                0x00000000080043ca                USBD_CDC_SetTxBuffer
 .text.USBD_CDC_SetRxBuffer
                0x00000000080043da        0xc Drivers/STM32_USB_Device_Library/Class/CDC/Src/usbd_cdc.o
                0x00000000080043da                USBD_CDC_SetRxBuffer
 .text.USBD_CDC_TransmitPacket
                0x00000000080043e6       0x2e Drivers/STM32_USB_Device_Library/Class/CDC/Src/usbd_cdc.o
                0x00000000080043e6                USBD_CDC_TransmitPacket
 .text.USBD_CDC_ReceivePacket
                0x0000000008004414       0x26 Drivers/STM32_USB_Device_Library/Class/CDC/Src/usbd_cdc.o
                0x0000000008004414                USBD_CDC_ReceivePacket
 *fill*         0x000000000800443a        0x2 
 .text.HAL_PCD_MspInit
                0x000000000800443c       0x9c usbd_conf.o
                0x000000000800443c                HAL_PCD_MspInit
 .text.HAL_PCD_SetupStageCallback
                0x00000000080044d8        0xe usbd_conf.o
                0x00000000080044d8                HAL_PCD_SetupStageCallback
 .text.HAL_PCD_DataOutStageCallback
                0x00000000080044e6       0x12 usbd_conf.o
                0x00000000080044e6                HAL_PCD_DataOutStageCallback
 .text.HAL_PCD_DataInStageCallback
                0x00000000080044f8       0x10 usbd_conf.o
                0x00000000080044f8                HAL_PCD_DataInStageCallback
 .text.HAL_PCD_SOFCallback
                0x0000000008004508        0x8 usbd_conf.o
                0x0000000008004508                HAL_PCD_SOFCallback
 .text.HAL_PCD_ResetCallback
                0x0000000008004510       0x1a usbd_conf.o
                0x0000000008004510                HAL_PCD_ResetCallback
 .text.HAL_PCD_SuspendCallback
                0x000000000800452a        0x2 usbd_conf.o
                0x000000000800452a                HAL_PCD_SuspendCallback
 .text.HAL_PCD_ResumeCallback
                0x000000000800452c        0x2 usbd_conf.o
                0x000000000800452c                HAL_PCD_ResumeCallback
 *fill*         0x000000000800452e        0x2 
 .text.USBD_LL_Init
                0x0000000008004530       0x7c usbd_conf.o
                0x0000000008004530                USBD_LL_Init
 .text.USBD_LL_Start
                0x00000000080045ac        0xe usbd_conf.o
                0x00000000080045ac                USBD_LL_Start
 .text.USBD_LL_OpenEP
                0x00000000080045ba       0x14 usbd_conf.o
                0x00000000080045ba                USBD_LL_OpenEP
 .text.USBD_LL_CloseEP
                0x00000000080045ce        0xe usbd_conf.o
                0x00000000080045ce                USBD_LL_CloseEP
 .text.USBD_LL_StallEP
                0x00000000080045dc        0xe usbd_conf.o
                0x00000000080045dc                USBD_LL_StallEP
 .text.USBD_LL_ClearStallEP
                0x00000000080045ea        0xe usbd_conf.o
                0x00000000080045ea                USBD_LL_ClearStallEP
 .text.USBD_LL_IsStallEP
                0x00000000080045f8       0x26 usbd_conf.o
                0x00000000080045f8                USBD_LL_IsStallEP
 .text.USBD_LL_SetUSBAddress
                0x000000000800461e        0xe usbd_conf.o
                0x000000000800461e                USBD_LL_SetUSBAddress
 .text.USBD_LL_Transmit
                0x000000000800462c        0xe usbd_conf.o
                0x000000000800462c                USBD_LL_Transmit
 .text.USBD_LL_PrepareReceive
                0x000000000800463a        0xe usbd_conf.o
                0x000000000800463a                USBD_LL_PrepareReceive
 .text.USBD_LL_GetRxDataSize
                0x0000000008004648        0xc usbd_conf.o
                0x0000000008004648                USBD_LL_GetRxDataSize
 .text.USBD_static_malloc
                0x0000000008004654        0x8 usbd_conf.o
                0x0000000008004654                USBD_static_malloc
 .text.USBD_static_free
                0x000000000800465c        0x2 usbd_conf.o
                0x000000000800465c                USBD_static_free
 *fill*         0x000000000800465e        0x2 
 .text.USBD_VCP_DeviceDescriptor
                0x0000000008004660        0xc usbd_desc.o
                0x0000000008004660                USBD_VCP_DeviceDescriptor
 .text.USBD_VCP_LangIDStrDescriptor
                0x000000000800466c        0xc usbd_desc.o
                0x000000000800466c                USBD_VCP_LangIDStrDescriptor
 .text.IntToUnicode
                0x0000000008004678       0x28 usbd_desc.o
 .text.USBD_VCP_SerialStrDescriptor
                0x00000000080046a0       0x3c usbd_desc.o
                0x00000000080046a0                USBD_VCP_SerialStrDescriptor
 .text.USBD_VCP_ProductStrDescriptor
                0x00000000080046dc       0x1c usbd_desc.o
                0x00000000080046dc                USBD_VCP_ProductStrDescriptor
 .text.USBD_VCP_ManufacturerStrDescriptor
                0x00000000080046f8       0x1c usbd_desc.o
                0x00000000080046f8                USBD_VCP_ManufacturerStrDescriptor
 .text.USBD_VCP_ConfigStrDescriptor
                0x0000000008004714       0x1c usbd_desc.o
                0x0000000008004714                USBD_VCP_ConfigStrDescriptor
 .text.USBD_VCP_InterfaceStrDescriptor
                0x0000000008004730       0x1c usbd_desc.o
                0x0000000008004730                USBD_VCP_InterfaceStrDescriptor
 .text.CDC_Itf_DeInit
                0x000000000800474c        0x4 usbd_cdc_interface.o
 .text.CDC_Itf_Receive
                0x0000000008004750       0x20 usbd_cdc_interface.o
 .text.CDC_Itf_Init
                0x0000000008004770       0x18 usbd_cdc_interface.o
 .text.CDC_Itf_Control
                0x0000000008004788       0x58 usbd_cdc_interface.o
 .text.SPIx_Init
                0x00000000080047e0       0x80 Drivers/BSP/STM32F3-Discovery/stm32f3_discovery.o
 .text.SPIx_WriteRead
                0x0000000008004860       0x40 Drivers/BSP/STM32F3-Discovery/stm32f3_discovery.o
 .text.I2Cx_Init
                0x00000000080048a0       0x6c Drivers/BSP/STM32F3-Discovery/stm32f3_discovery.o
 .text.BSP_LED_Init
                0x000000000800490c       0x68 Drivers/BSP/STM32F3-Discovery/stm32f3_discovery.o
                0x000000000800490c                BSP_LED_Init
 .text.BSP_LED_On
                0x0000000008004974       0x1c Drivers/BSP/STM32F3-Discovery/stm32f3_discovery.o
                0x0000000008004974                BSP_LED_On
 .text.BSP_LED_Off
                0x0000000008004990       0x1c Drivers/BSP/STM32F3-Discovery/stm32f3_discovery.o
                0x0000000008004990                BSP_LED_Off
 .text.BSP_LED_Toggle
                0x00000000080049ac       0x1c Drivers/BSP/STM32F3-Discovery/stm32f3_discovery.o
                0x00000000080049ac                BSP_LED_Toggle
 .text.BSP_PB_Init
                0x00000000080049c8       0x74 Drivers/BSP/STM32F3-Discovery/stm32f3_discovery.o
                0x00000000080049c8                BSP_PB_Init
 .text.BSP_PB_GetState
                0x0000000008004a3c       0x14 Drivers/BSP/STM32F3-Discovery/stm32f3_discovery.o
                0x0000000008004a3c                BSP_PB_GetState
 .text.GYRO_IO_Init
                0x0000000008004a50       0x68 Drivers/BSP/STM32F3-Discovery/stm32f3_discovery.o
                0x0000000008004a50                GYRO_IO_Init
 .text.GYRO_IO_Write
                0x0000000008004ab8       0x44 Drivers/BSP/STM32F3-Discovery/stm32f3_discovery.o
                0x0000000008004ab8                GYRO_IO_Write
 .text.GYRO_IO_Read
                0x0000000008004afc       0x48 Drivers/BSP/STM32F3-Discovery/stm32f3_discovery.o
                0x0000000008004afc                GYRO_IO_Read
 .text.COMPASSACCELERO_IO_Init
                0x0000000008004b44       0x64 Drivers/BSP/STM32F3-Discovery/stm32f3_discovery.o
                0x0000000008004b44                COMPASSACCELERO_IO_Init
 .text.COMPASSACCELERO_IO_ITConfig
                0x0000000008004ba8       0x48 Drivers/BSP/STM32F3-Discovery/stm32f3_discovery.o
                0x0000000008004ba8                COMPASSACCELERO_IO_ITConfig
 .text.COMPASSACCELERO_IO_Write
                0x0000000008004bf0       0x3c Drivers/BSP/STM32F3-Discovery/stm32f3_discovery.o
                0x0000000008004bf0                COMPASSACCELERO_IO_Write
 .text.COMPASSACCELERO_IO_Read
                0x0000000008004c2c       0x40 Drivers/BSP/STM32F3-Discovery/stm32f3_discovery.o
                0x0000000008004c2c                COMPASSACCELERO_IO_Read
 .text.BSP_ACCELERO_Init
                0x0000000008004c6c       0x30 Drivers/BSP/STM32F3-Discovery/stm32f3_discovery_accelerometer.o
                0x0000000008004c6c                BSP_ACCELERO_Init
 .text.BSP_ACCELERO_GetXYZ
                0x0000000008004c9c       0x14 Drivers/BSP/STM32F3-Discovery/stm32f3_discovery_accelerometer.o
                0x0000000008004c9c                BSP_ACCELERO_GetXYZ
 .text.BSP_GYRO_Init
                0x0000000008004cb0       0x44 Drivers/BSP/STM32F3-Discovery/stm32f3_discovery_gyroscope.o
                0x0000000008004cb0                BSP_GYRO_Init
 .text.BSP_GYRO_GetXYZ
                0x0000000008004cf4       0x14 Drivers/BSP/STM32F3-Discovery/stm32f3_discovery_gyroscope.o
                0x0000000008004cf4                BSP_GYRO_GetXYZ
 .text.LSM303DLHC_AccInit
                0x0000000008004d08       0x20 Drivers/BSP/Components/lsm303dlhc/lsm303dlhc.o
                0x0000000008004d08                LSM303DLHC_AccInit
 .text.LSM303DLHC_AccReadID
                0x0000000008004d28       0x12 Drivers/BSP/Components/lsm303dlhc/lsm303dlhc.o
                0x0000000008004d28                LSM303DLHC_AccReadID
 .text.LSM303DLHC_AccRebootCmd
                0x0000000008004d3a       0x1c Drivers/BSP/Components/lsm303dlhc/lsm303dlhc.o
                0x0000000008004d3a                LSM303DLHC_AccRebootCmd
 .text.LSM303DLHC_AccFilterConfig
                0x0000000008004d56       0x1e Drivers/BSP/Components/lsm303dlhc/lsm303dlhc.o
                0x0000000008004d56                LSM303DLHC_AccFilterConfig
 .text.LSM303DLHC_AccFilterCmd
                0x0000000008004d74       0x1e Drivers/BSP/Components/lsm303dlhc/lsm303dlhc.o
                0x0000000008004d74                LSM303DLHC_AccFilterCmd
 .text.LSM303DLHC_AccReadXYZ
                0x0000000008004d92       0xee Drivers/BSP/Components/lsm303dlhc/lsm303dlhc.o
                0x0000000008004d92                LSM303DLHC_AccReadXYZ
 .text.LSM303DLHC_AccFilterClickCmd
                0x0000000008004e80       0x1e Drivers/BSP/Components/lsm303dlhc/lsm303dlhc.o
                0x0000000008004e80                LSM303DLHC_AccFilterClickCmd
 .text.LSM303DLHC_AccIT1Enable
                0x0000000008004e9e       0x1e Drivers/BSP/Components/lsm303dlhc/lsm303dlhc.o
                0x0000000008004e9e                LSM303DLHC_AccIT1Enable
 .text.LSM303DLHC_AccClickITEnable
                0x0000000008004ebc       0x46 Drivers/BSP/Components/lsm303dlhc/lsm303dlhc.o
                0x0000000008004ebc                LSM303DLHC_AccClickITEnable
 .text.LSM303DLHC_AccZClickITConfig
                0x0000000008004f02       0x1c Drivers/BSP/Components/lsm303dlhc/lsm303dlhc.o
                0x0000000008004f02                LSM303DLHC_AccZClickITConfig
 .text.L3GD20_Init
                0x0000000008004f1e       0x32 Drivers/BSP/Components/l3gd20/l3gd20.o
                0x0000000008004f1e                L3GD20_Init
 .text.L3GD20_ReadID
                0x0000000008004f50       0x1c Drivers/BSP/Components/l3gd20/l3gd20.o
                0x0000000008004f50                L3GD20_ReadID
 .text.L3GD20_RebootCmd
                0x0000000008004f6c       0x2c Drivers/BSP/Components/l3gd20/l3gd20.o
                0x0000000008004f6c                L3GD20_RebootCmd
 .text.L3GD20_INT1InterruptConfig
                0x0000000008004f98       0x5c Drivers/BSP/Components/l3gd20/l3gd20.o
                0x0000000008004f98                L3GD20_INT1InterruptConfig
 .text.L3GD20_EnableIT
                0x0000000008004ff4       0x40 Drivers/BSP/Components/l3gd20/l3gd20.o
                0x0000000008004ff4                L3GD20_EnableIT
 .text.L3GD20_DisableIT
                0x0000000008005034       0x3c Drivers/BSP/Components/l3gd20/l3gd20.o
                0x0000000008005034                L3GD20_DisableIT
 .text.L3GD20_FilterConfig
                0x0000000008005070       0x2e Drivers/BSP/Components/l3gd20/l3gd20.o
                0x0000000008005070                L3GD20_FilterConfig
 .text.L3GD20_FilterCmd
                0x000000000800509e       0x2e Drivers/BSP/Components/l3gd20/l3gd20.o
                0x000000000800509e                L3GD20_FilterCmd
 .text.L3GD20_ReadXYZAngRate
                0x00000000080050cc       0xdc Drivers/BSP/Components/l3gd20/l3gd20.o
                0x00000000080050cc                L3GD20_ReadXYZAngRate
 .text.Reset_Handler
                0x00000000080051a8       0x50 Drivers/CMSIS/Device/ST/STM32F3xx/Source/Templates/gcc/startup_stm32f303xc.o
                0x00000000080051a8                Reset_Handler
 .text.Default_Handler
                0x00000000080051f8        0x2 Drivers/CMSIS/Device/ST/STM32F3xx/Source/Templates/gcc/startup_stm32f303xc.o
                0x00000000080051f8                RTC_Alarm_IRQHandler
                0x00000000080051f8                TIM8_TRG_COM_IRQHandler
                0x00000000080051f8                TIM8_CC_IRQHandler
                0x00000000080051f8                DebugMon_Handler
                0x00000000080051f8                TIM1_CC_IRQHandler
                0x00000000080051f8                HardFault_Handler
                0x00000000080051f8                USB_HP_IRQHandler
                0x00000000080051f8                PVD_IRQHandler
                0x00000000080051f8                TAMP_STAMP_IRQHandler
                0x00000000080051f8                PendSV_Handler
                0x00000000080051f8                NMI_Handler
                0x00000000080051f8                EXTI3_IRQHandler
                0x00000000080051f8                USB_HP_CAN_TX_IRQHandler
                0x00000000080051f8                EXTI0_IRQHandler
                0x00000000080051f8                I2C2_EV_IRQHandler
                0x00000000080051f8                FPU_IRQHandler
                0x00000000080051f8                TIM1_UP_TIM16_IRQHandler
                0x00000000080051f8                UsageFault_Handler
                0x00000000080051f8                ADC1_2_IRQHandler
                0x00000000080051f8                SPI1_IRQHandler
                0x00000000080051f8                CAN_SCE_IRQHandler
                0x00000000080051f8                TIM6_DAC_IRQHandler
                0x00000000080051f8                TIM8_UP_IRQHandler
                0x00000000080051f8                DMA2_Channel2_IRQHandler
                0x00000000080051f8                DMA1_Channel4_IRQHandler
                0x00000000080051f8                USART3_IRQHandler
                0x00000000080051f8                DMA1_Channel7_IRQHandler
                0x00000000080051f8                UART5_IRQHandler
                0x00000000080051f8                ADC3_IRQHandler
                0x00000000080051f8                TIM4_IRQHandler
                0x00000000080051f8                CAN_RX1_IRQHandler
                0x00000000080051f8                DMA2_Channel1_IRQHandler
                0x00000000080051f8                I2C1_EV_IRQHandler
                0x00000000080051f8                DMA1_Channel6_IRQHandler
                0x00000000080051f8                UART4_IRQHandler
                0x00000000080051f8                DMA2_Channel4_IRQHandler
                0x00000000080051f8                TIM3_IRQHandler
                0x00000000080051f8                RCC_IRQHandler
                0x00000000080051f8                DMA1_Channel1_IRQHandler
                0x00000000080051f8                Default_Handler
                0x00000000080051f8                USBWakeUp_RMP_IRQHandler
                0x00000000080051f8                EXTI15_10_IRQHandler
                0x00000000080051f8                TIM7_IRQHandler
                0x00000000080051f8                EXTI9_5_IRQHandler
                0x00000000080051f8                RTC_WKUP_IRQHandler
                0x00000000080051f8                SPI2_IRQHandler
                0x00000000080051f8                MemManage_Handler
                0x00000000080051f8                SVC_Handler
                0x00000000080051f8                DMA2_Channel5_IRQHandler
                0x00000000080051f8                DMA1_Channel5_IRQHandler
                0x00000000080051f8                USB_LP_IRQHandler
                0x00000000080051f8                EXTI4_IRQHandler
                0x00000000080051f8                TIM1_TRG_COM_TIM17_IRQHandler
                0x00000000080051f8                DMA1_Channel3_IRQHandler
                0x00000000080051f8                ADC4_IRQHandler
                0x00000000080051f8                WWDG_IRQHandler
                0x00000000080051f8                TIM2_IRQHandler
                0x00000000080051f8                COMP7_IRQHandler
                0x00000000080051f8                COMP1_2_3_IRQHandler
                0x00000000080051f8                EXTI1_IRQHandler
                0x00000000080051f8                USART2_IRQHandler
                0x00000000080051f8                COMP4_5_6_IRQHandler
                0x00000000080051f8                I2C2_ER_IRQHandler
                0x00000000080051f8                DMA1_Channel2_IRQHandler
                0x00000000080051f8                TIM8_BRK_IRQHandler
                0x00000000080051f8                FLASH_IRQHandler
                0x00000000080051f8                BusFault_Handler
                0x00000000080051f8                USART1_IRQHandler
                0x00000000080051f8                SPI3_IRQHandler
                0x00000000080051f8                I2C1_ER_IRQHandler
                0x00000000080051f8                USBWakeUp_IRQHandler
                0x00000000080051f8                DMA2_Channel3_IRQHandler
                0x00000000080051f8                EXTI2_TSC_IRQHandler
                0x00000000080051f8                TIM1_BRK_TIM15_IRQHandler
 *fill*         0x00000000080051fa        0x2 
 .text.atexit   0x00000000080051fc        0xc /usr/lib/gcc/arm-none-eabi/4.8.2/../../../arm-none-eabi/lib/armv7e-m/softfp/libg.a(lib_a-atexit.o)
                0x00000000080051fc                atexit
 .text.__errno  0x0000000008005208        0xc /usr/lib/gcc/arm-none-eabi/4.8.2/../../../arm-none-eabi/lib/armv7e-m/softfp/libg.a(lib_a-errno.o)
                0x0000000008005208                __errno
 .text.__libc_fini_array
                0x0000000008005214       0x34 /usr/lib/gcc/arm-none-eabi/4.8.2/../../../arm-none-eabi/lib/armv7e-m/softfp/libg.a(lib_a-fini.o)
                0x0000000008005214                __libc_fini_array
 .text.__libc_init_array
                0x0000000008005248       0x5c /usr/lib/gcc/arm-none-eabi/4.8.2/../../../arm-none-eabi/lib/armv7e-m/softfp/libg.a(lib_a-init.o)
                0x0000000008005248                __libc_init_array
 .text.memset   0x00000000080052a4       0x94 /usr/lib/gcc/arm-none-eabi/4.8.2/../../../arm-none-eabi/lib/armv7e-m/softfp/libg.a(lib_a-memset.o)
                0x00000000080052a4                memset
 .text.putchar  0x0000000008005338       0x14 /usr/lib/gcc/arm-none-eabi/4.8.2/../../../arm-none-eabi/lib/armv7e-m/softfp/libg.a(lib_a-putchar.o)
                0x0000000008005338                putchar
 .text._puts_r  0x000000000800534c       0x64 /usr/lib/gcc/arm-none-eabi/4.8.2/../../../arm-none-eabi/lib/armv7e-m/softfp/libg.a(lib_a-puts.o)
                0x000000000800534c                _puts_r
 .text.puts     0x00000000080053b0       0x10 /usr/lib/gcc/arm-none-eabi/4.8.2/../../../arm-none-eabi/lib/armv7e-m/softfp/libg.a(lib_a-puts.o)
                0x00000000080053b0                puts
 .text.rand     0x00000000080053c0       0x48 /usr/lib/gcc/arm-none-eabi/4.8.2/../../../arm-none-eabi/lib/armv7e-m/softfp/libg.a(lib_a-rand.o)
                0x00000000080053c0                rand
 .text.setvbuf  0x0000000008005408      0x114 /usr/lib/gcc/arm-none-eabi/4.8.2/../../../arm-none-eabi/lib/armv7e-m/softfp/libg.a(lib_a-setvbuf.o)
                0x0000000008005408                setvbuf
 .text.strcasecmp
                0x000000000800551c       0x48 /usr/lib/gcc/arm-none-eabi/4.8.2/../../../arm-none-eabi/lib/armv7e-m/softfp/libg.a(lib_a-strcasecmp.o)
                0x000000000800551c                strcasecmp
 .text.strcpy   0x0000000008005564       0xbc /usr/lib/gcc/arm-none-eabi/4.8.2/../../../arm-none-eabi/lib/armv7e-m/softfp/libg.a(lib_a-strcpy.o)
                0x0000000008005564                strcpy
 .text.strlen   0x0000000008005620       0x60 /usr/lib/gcc/arm-none-eabi/4.8.2/../../../arm-none-eabi/lib/armv7e-m/softfp/libg.a(lib_a-strlen.o)
                0x0000000008005620                strlen
 .text.strtok   0x0000000008005680       0x14 /usr/lib/gcc/arm-none-eabi/4.8.2/../../../arm-none-eabi/lib/armv7e-m/softfp/libg.a(lib_a-strtok.o)
                0x0000000008005680                strtok
 .text.__strtok_r
                0x0000000008005694       0x64 /usr/lib/gcc/arm-none-eabi/4.8.2/../../../arm-none-eabi/lib/armv7e-m/softfp/libg.a(lib_a-strtok_r.o)
                0x0000000008005694                __strtok_r
 .text._strtoul_r
                0x00000000080056f8      0x138 /usr/lib/gcc/arm-none-eabi/4.8.2/../../../arm-none-eabi/lib/armv7e-m/softfp/libg.a(lib_a-strtoul.o)
                0x00000000080056f8                _strtoul_r
 .text.strtoul  0x0000000008005830       0x1c /usr/lib/gcc/arm-none-eabi/4.8.2/../../../arm-none-eabi/lib/armv7e-m/softfp/libg.a(lib_a-strtoul.o)
                0x0000000008005830                strtoul
 .text.__register_exitproc
                0x000000000800584c       0xac /usr/lib/gcc/arm-none-eabi/4.8.2/../../../arm-none-eabi/lib/armv7e-m/softfp/libg.a(lib_a-__atexit.o)
                0x000000000800584c                __register_exitproc
 .text.startup.register_fini
                0x00000000080058f8       0x18 /usr/lib/gcc/arm-none-eabi/4.8.2/../../../arm-none-eabi/lib/armv7e-m/softfp/libg.a(lib_a-__call_atexit.o)
 .text.__sflush_r
                0x0000000008005910      0x15c /usr/lib/gcc/arm-none-eabi/4.8.2/../../../arm-none-eabi/lib/armv7e-m/softfp/libg.a(lib_a-fflush.o)
                0x0000000008005910                __sflush_r
 .text._fflush_r
                0x0000000008005a6c       0x2c /usr/lib/gcc/arm-none-eabi/4.8.2/../../../arm-none-eabi/lib/armv7e-m/softfp/libg.a(lib_a-fflush.o)
                0x0000000008005a6c                _fflush_r
 .text._cleanup_r
                0x0000000008005a98        0xc /usr/lib/gcc/arm-none-eabi/4.8.2/../../../arm-none-eabi/lib/armv7e-m/softfp/libg.a(lib_a-findfp.o)
                0x0000000008005a98                _cleanup_r
 .text.__sinit  0x0000000008005aa4       0xf8 /usr/lib/gcc/arm-none-eabi/4.8.2/../../../arm-none-eabi/lib/armv7e-m/softfp/libg.a(lib_a-findfp.o)
                0x0000000008005aa4                __sinit
 .text.__sfp_lock_acquire
                0x0000000008005b9c        0x4 /usr/lib/gcc/arm-none-eabi/4.8.2/../../../arm-none-eabi/lib/armv7e-m/softfp/libg.a(lib_a-findfp.o)
                0x0000000008005b9c                __sfp_lock_acquire
 .text.__sfp_lock_release
                0x0000000008005ba0        0x4 /usr/lib/gcc/arm-none-eabi/4.8.2/../../../arm-none-eabi/lib/armv7e-m/softfp/libg.a(lib_a-findfp.o)
                0x0000000008005ba0                __sfp_lock_release
 .text._malloc_trim_r
                0x0000000008005ba4       0xa4 /usr/lib/gcc/arm-none-eabi/4.8.2/../../../arm-none-eabi/lib/armv7e-m/softfp/libg.a(lib_a-freer.o)
                0x0000000008005ba4                _malloc_trim_r
 .text._free_r  0x0000000008005c48      0x19c /usr/lib/gcc/arm-none-eabi/4.8.2/../../../arm-none-eabi/lib/armv7e-m/softfp/libg.a(lib_a-freer.o)
                0x0000000008005c48                _free_r
 .text.__sfvwrite_r
                0x0000000008005de4      0x314 /usr/lib/gcc/arm-none-eabi/4.8.2/../../../arm-none-eabi/lib/armv7e-m/softfp/libg.a(lib_a-fvwrite.o)
                0x0000000008005de4                __sfvwrite_r
 .text._fwalk   0x00000000080060f8       0x4c /usr/lib/gcc/arm-none-eabi/4.8.2/../../../arm-none-eabi/lib/armv7e-m/softfp/libg.a(lib_a-fwalk.o)
                0x00000000080060f8                _fwalk
 .text.malloc   0x0000000008006144       0x10 /usr/lib/gcc/arm-none-eabi/4.8.2/../../../arm-none-eabi/lib/armv7e-m/softfp/libg.a(lib_a-malloc.o)
                0x0000000008006144                malloc
 .text._malloc_r
                0x0000000008006154      0x564 /usr/lib/gcc/arm-none-eabi/4.8.2/../../../arm-none-eabi/lib/armv7e-m/softfp/libg.a(lib_a-mallocr.o)
                0x0000000008006154                _malloc_r
 .text.memchr   0x00000000080066b8       0x90 /usr/lib/gcc/arm-none-eabi/4.8.2/../../../arm-none-eabi/lib/armv7e-m/softfp/libg.a(lib_a-memchr-stub.o)
                0x00000000080066b8                memchr
 .text.memmove  0x0000000008006748       0xc4 /usr/lib/gcc/arm-none-eabi/4.8.2/../../../arm-none-eabi/lib/armv7e-m/softfp/libg.a(lib_a-memmove.o)
                0x0000000008006748                memmove
 .text.__malloc_lock
                0x000000000800680c        0x4 /usr/lib/gcc/arm-none-eabi/4.8.2/../../../arm-none-eabi/lib/armv7e-m/softfp/libg.a(lib_a-mlock.o)
                0x000000000800680c                __malloc_lock
 .text.__malloc_unlock
                0x0000000008006810        0x4 /usr/lib/gcc/arm-none-eabi/4.8.2/../../../arm-none-eabi/lib/armv7e-m/softfp/libg.a(lib_a-mlock.o)
                0x0000000008006810                __malloc_unlock
 .text._putc_r  0x0000000008006814       0x58 /usr/lib/gcc/arm-none-eabi/4.8.2/../../../arm-none-eabi/lib/armv7e-m/softfp/libg.a(lib_a-putc.o)
                0x0000000008006814                _putc_r
 .text._realloc_r
                0x000000000800686c      0x3e0 /usr/lib/gcc/arm-none-eabi/4.8.2/../../../arm-none-eabi/lib/armv7e-m/softfp/libg.a(lib_a-reallocr.o)
                0x000000000800686c                _realloc_r
 .text.__sread  0x0000000008006c4c       0x24 /usr/lib/gcc/arm-none-eabi/4.8.2/../../../arm-none-eabi/lib/armv7e-m/softfp/libg.a(lib_a-stdio.o)
                0x0000000008006c4c                __sread
 .text.__swrite
                0x0000000008006c70       0x38 /usr/lib/gcc/arm-none-eabi/4.8.2/../../../arm-none-eabi/lib/armv7e-m/softfp/libg.a(lib_a-stdio.o)
                0x0000000008006c70                __swrite
 .text.__sseek  0x0000000008006ca8       0x20 /usr/lib/gcc/arm-none-eabi/4.8.2/../../../arm-none-eabi/lib/armv7e-m/softfp/libg.a(lib_a-stdio.o)
                0x0000000008006ca8                __sseek
 .text.__sclose
                0x0000000008006cc8        0x8 /usr/lib/gcc/arm-none-eabi/4.8.2/../../../arm-none-eabi/lib/armv7e-m/softfp/libg.a(lib_a-stdio.o)
                0x0000000008006cc8                __sclose
 .text.__swbuf_r
                0x0000000008006cd0       0xa4 /usr/lib/gcc/arm-none-eabi/4.8.2/../../../arm-none-eabi/lib/armv7e-m/softfp/libg.a(lib_a-wbuf.o)
                0x0000000008006cd0                __swbuf_r
 .text.__swsetup_r
                0x0000000008006d74       0xc8 /usr/lib/gcc/arm-none-eabi/4.8.2/../../../arm-none-eabi/lib/armv7e-m/softfp/libg.a(lib_a-wsetup.o)
                0x0000000008006d74                __swsetup_r
 .text._fclose_r
                0x0000000008006e3c       0x84 /usr/lib/gcc/arm-none-eabi/4.8.2/../../../arm-none-eabi/lib/armv7e-m/softfp/libg.a(lib_a-fclose.o)
                0x0000000008006e3c                _fclose_r
 .text.fclose   0x0000000008006ec0       0x10 /usr/lib/gcc/arm-none-eabi/4.8.2/../../../arm-none-eabi/lib/armv7e-m/softfp/libg.a(lib_a-fclose.o)
                0x0000000008006ec0                fclose
 .text.__smakebuf_r
                0x0000000008006ed0       0xe4 /usr/lib/gcc/arm-none-eabi/4.8.2/../../../arm-none-eabi/lib/armv7e-m/softfp/libg.a(lib_a-makebuf.o)
                0x0000000008006ed0                __smakebuf_r
 *(.glue_7)
 .glue_7        0x0000000000000000        0x0 linker stubs
 *(.glue_7t)
 .glue_7t       0x0000000000000000        0x0 linker stubs
 *(.eh_frame)
 .eh_frame      0x0000000008006fb4        0x0 /usr/lib/gcc/arm-none-eabi/4.8.2/armv7e-m/softfp/crtbegin.o
 *(.init)
 .init          0x0000000008006fb4        0x4 /usr/lib/gcc/arm-none-eabi/4.8.2/armv7e-m/softfp/crti.o
                0x0000000008006fb4                _init
 .init          0x0000000008006fb8        0x8 /usr/lib/gcc/arm-none-eabi/4.8.2/armv7e-m/softfp/crtn.o
 *(.fini)
 .fini          0x0000000008006fc0        0x4 /usr/lib/gcc/arm-none-eabi/4.8.2/armv7e-m/softfp/crti.o
                0x0000000008006fc0                _fini
 .fini          0x0000000008006fc4        0x8 /usr/lib/gcc/arm-none-eabi/4.8.2/armv7e-m/softfp/crtn.o
                0x0000000008006fcc                . = ALIGN (0x4)
                0x0000000008006fcc                _etext = .

.vfp11_veneer   0x0000000008006fcc        0x0
 .vfp11_veneer  0x0000000000000000        0x0 linker stubs

.v4_bx          0x0000000008006fcc        0x0
 .v4_bx         0x0000000000000000        0x0 linker stubs

.iplt           0x0000000008006fcc        0x0
 .iplt          0x0000000000000000        0x0 /usr/lib/gcc/arm-none-eabi/4.8.2/armv7e-m/softfp/crtbegin.o

.rodata         0x0000000008006fcc    0x10948
                0x0000000008006fcc                . = ALIGN (0x4)
 *(.rodata)
 *(.rodata*)
 .rodata.str1.1
                0x0000000008006fcc      0x1d2 main.o
                                        0x1d9 (size before relaxing)
 .rodata.LEDs   0x000000000800719e        0x8 main.o
                0x000000000800719e                LEDs
 .rodata.str1.1
                0x00000000080071a6       0x4b monitor.o
                                         0x4d (size before relaxing)
 .rodata.__FUNCTION__.5747
                0x00000000080071f1        0x6 parser.o
 .rodata.str1.1
                0x00000000080071f7       0xe4 parser.o
 .rodata.str1.1
                0x00000000080072db      0x1fc dump.o
                                        0x1fe (size before relaxing)
 .rodata.str1.1
                0x00000000080074d7       0xaa terminal.o
                                         0xac (size before relaxing)
 .rodata.str1.1
                0x0000000008007581      0x4b8 decoder/decoder.o
                                        0x4c0 (size before relaxing)
 *fill*         0x0000000008007a39        0x3 
 .rodata.TIM1_CCER_fields
                0x0000000008007a3c       0xa0 decoder/STM32F30x_decoder.o
                0x0000000008007a3c                TIM1_CCER_fields
 .rodata.DMA1_registers
                0x0000000008007adc      0x174 decoder/STM32F30x_decoder.o
                0x0000000008007adc                DMA1_registers
 .rodata.SPI1_DR_fields
                0x0000000008007c50       0x10 decoder/STM32F30x_decoder.o
                0x0000000008007c50                SPI1_DR_fields
 .rodata.ADC1_2_CSR_fields
                0x0000000008007c60       0xb8 decoder/STM32F30x_decoder.o
                0x0000000008007c60                ADC1_2_CSR_fields
 .rodata.USB_FS_USB_EP3R_fields
                0x0000000008007d18       0x58 decoder/STM32F30x_decoder.o
                0x0000000008007d18                USB_FS_USB_EP3R_fields
 .rodata.GPIOB_PUPDR_fields
                0x0000000008007d70       0x88 decoder/STM32F30x_decoder.o
                0x0000000008007d70                GPIOB_PUPDR_fields
 .rodata.TSC_IOG8CR_fields
                0x0000000008007df8       0x10 decoder/STM32F30x_decoder.o
                0x0000000008007df8                TSC_IOG8CR_fields
 .rodata.TIM1_CCMR3_Output_fields
                0x0000000008007e08       0x58 decoder/STM32F30x_decoder.o
                0x0000000008007e08                TIM1_CCMR3_Output_fields
 .rodata.TIM1_SMCR_fields
                0x0000000008007e60       0x50 decoder/STM32F30x_decoder.o
                0x0000000008007e60                TIM1_SMCR_fields
 .rodata.RTC_SHIFTR_fields
                0x0000000008007eb0       0x18 decoder/STM32F30x_decoder.o
                0x0000000008007eb0                RTC_SHIFTR_fields
 .rodata.CAN_F24R1_fields
                0x0000000008007ec8      0x108 decoder/STM32F30x_decoder.o
                0x0000000008007ec8                CAN_F24R1_fields
 .rodata.RTC_TSDR_fields
                0x0000000008007fd0       0x30 decoder/STM32F30x_decoder.o
                0x0000000008007fd0                RTC_TSDR_fields
 .rodata.RTC_BKP22R_fields
                0x0000000008008000       0x10 decoder/STM32F30x_decoder.o
                0x0000000008008000                RTC_BKP22R_fields
 .rodata.TIM1_CCMR2_Output_fields
                0x0000000008008010       0x68 decoder/STM32F30x_decoder.o
                0x0000000008008010                TIM1_CCMR2_Output_fields
 .rodata.TIM17_RCR_fields
                0x0000000008008078       0x10 decoder/STM32F30x_decoder.o
                0x0000000008008078                TIM17_RCR_fields
 .rodata.EXTI_EMR1_fields
                0x0000000008008088      0x108 decoder/STM32F30x_decoder.o
                0x0000000008008088                EXTI_EMR1_fields
 .rodata.CAN_F11R2_fields
                0x0000000008008190      0x108 decoder/STM32F30x_decoder.o
                0x0000000008008190                CAN_F11R2_fields
 .rodata.USB_FS_ISTR_fields
                0x0000000008008298       0x58 decoder/STM32F30x_decoder.o
                0x0000000008008298                USB_FS_ISTR_fields
 .rodata.I2C1_ICR_fields
                0x00000000080082f0       0x50 decoder/STM32F30x_decoder.o
                0x00000000080082f0                I2C1_ICR_fields
 .rodata.TIM16_ARR_fields
                0x0000000008008340       0x10 decoder/STM32F30x_decoder.o
                0x0000000008008340                TIM16_ARR_fields
 .rodata.RTC_ISR_fields
                0x0000000008008350       0x90 decoder/STM32F30x_decoder.o
                0x0000000008008350                RTC_ISR_fields
 .rodata.RTC_BKP27R_fields
                0x00000000080083e0       0x10 decoder/STM32F30x_decoder.o
                0x00000000080083e0                RTC_BKP27R_fields
 .rodata.TIM8_CCR6_fields
                0x00000000080083f0       0x10 decoder/STM32F30x_decoder.o
                0x00000000080083f0                TIM8_CCR6_fields
 .rodata.TIM17_BDTR_fields
                0x0000000008008400       0x50 decoder/STM32F30x_decoder.o
                0x0000000008008400                TIM17_BDTR_fields
 .rodata.TIM8_CCMR1_Input_fields
                0x0000000008008450       0x38 decoder/STM32F30x_decoder.o
                0x0000000008008450                TIM8_CCMR1_Input_fields
 .rodata.DAC_registers
                0x0000000008008488       0xb4 decoder/STM32F30x_decoder.o
                0x0000000008008488                DAC_registers
 .rodata.IWDG_WINR_fields
                0x000000000800853c       0x10 decoder/STM32F30x_decoder.o
                0x000000000800853c                IWDG_WINR_fields
 .rodata.CAN_F19R2_fields
                0x000000000800854c      0x108 decoder/STM32F30x_decoder.o
                0x000000000800854c                CAN_F19R2_fields
 .rodata.CAN_RF1R_fields
                0x0000000008008654       0x28 decoder/STM32F30x_decoder.o
                0x0000000008008654                CAN_RF1R_fields
 .rodata.RTC_BKP16R_fields
                0x000000000800867c       0x10 decoder/STM32F30x_decoder.o
                0x000000000800867c                RTC_BKP16R_fields
 .rodata.RTC_CALR_fields
                0x000000000800868c       0x28 decoder/STM32F30x_decoder.o
                0x000000000800868c                RTC_CALR_fields
 .rodata.TIM2_SR_fields
                0x00000000080086b4       0x58 decoder/STM32F30x_decoder.o
                0x00000000080086b4                TIM2_SR_fields
 .rodata.SYSCFG_EXTICR2_fields
                0x000000000800870c       0x28 decoder/STM32F30x_decoder.o
                0x000000000800870c                SYSCFG_EXTICR2_fields
 .rodata.CAN_MCR_fields
                0x0000000008008734       0x58 decoder/STM32F30x_decoder.o
                0x0000000008008734                CAN_MCR_fields
 .rodata.TIM17_SR_fields
                0x000000000800878c       0x38 decoder/STM32F30x_decoder.o
                0x000000000800878c                TIM17_SR_fields
 .rodata.USART1_GTPR_fields
                0x00000000080087c4       0x18 decoder/STM32F30x_decoder.o
                0x00000000080087c4                USART1_GTPR_fields
 .rodata.DAC_DOR1_fields
                0x00000000080087dc       0x10 decoder/STM32F30x_decoder.o
                0x00000000080087dc                DAC_DOR1_fields
 .rodata.CAN_F1R1_fields
                0x00000000080087ec      0x108 decoder/STM32F30x_decoder.o
                0x00000000080087ec                CAN_F1R1_fields
 .rodata.CAN_FA1R_fields
                0x00000000080088f4       0xe8 decoder/STM32F30x_decoder.o
                0x00000000080088f4                CAN_FA1R_fields
 .rodata.RTC_BKP6R_fields
                0x00000000080089dc       0x10 decoder/STM32F30x_decoder.o
                0x00000000080089dc                RTC_BKP6R_fields
 .rodata.RCC_CFGR_fields
                0x00000000080089ec       0x68 decoder/STM32F30x_decoder.o
                0x00000000080089ec                RCC_CFGR_fields
 .rodata.PWR_CR_fields
                0x0000000008008a54       0x40 decoder/STM32F30x_decoder.o
                0x0000000008008a54                PWR_CR_fields
 .rodata.NVIC_ISER0_fields
                0x0000000008008a94       0x10 decoder/STM32F30x_decoder.o
                0x0000000008008a94                NVIC_ISER0_fields
 .rodata.DMA1_CPAR7_fields
                0x0000000008008aa4       0x10 decoder/STM32F30x_decoder.o
                0x0000000008008aa4                DMA1_CPAR7_fields
 .rodata.TSC_IOHCR_fields
                0x0000000008008ab4      0x108 decoder/STM32F30x_decoder.o
                0x0000000008008ab4                TSC_IOHCR_fields
 .rodata.CAN_F27R1_fields
                0x0000000008008bbc      0x108 decoder/STM32F30x_decoder.o
                0x0000000008008bbc                CAN_F27R1_fields
 .rodata.TIM6_ARR_fields
                0x0000000008008cc4       0x10 decoder/STM32F30x_decoder.o
                0x0000000008008cc4                TIM6_ARR_fields
 .rodata.CAN_F12R1_fields
                0x0000000008008cd4      0x108 decoder/STM32F30x_decoder.o
                0x0000000008008cd4                CAN_F12R1_fields
 .rodata.TIM15_DCR_fields
                0x0000000008008ddc       0x18 decoder/STM32F30x_decoder.o
                0x0000000008008ddc                TIM15_DCR_fields
 .rodata.NVIC_IPR18_fields
                0x0000000008008df4       0x28 decoder/STM32F30x_decoder.o
                0x0000000008008df4                NVIC_IPR18_fields
 .rodata.RTC_BKP13R_fields
                0x0000000008008e1c       0x10 decoder/STM32F30x_decoder.o
                0x0000000008008e1c                RTC_BKP13R_fields
 .rodata.CAN_BTR_fields
                0x0000000008008e2c       0x38 decoder/STM32F30x_decoder.o
                0x0000000008008e2c                CAN_BTR_fields
 .rodata.TIM15_BDTR_fields
                0x0000000008008e64       0x50 decoder/STM32F30x_decoder.o
                0x0000000008008e64                TIM15_BDTR_fields
 .rodata.NVIC_IPR1_fields
                0x0000000008008eb4       0x28 decoder/STM32F30x_decoder.o
                0x0000000008008eb4                NVIC_IPR1_fields
 .rodata.TIM15_PSC_fields
                0x0000000008008edc       0x10 decoder/STM32F30x_decoder.o
                0x0000000008008edc                TIM15_PSC_fields
 .rodata.Flash_ACR_fields
                0x0000000008008eec       0x20 decoder/STM32F30x_decoder.o
                0x0000000008008eec                Flash_ACR_fields
 .rodata.TIM17_CCMR1_Output_fields
                0x0000000008008f0c       0x30 decoder/STM32F30x_decoder.o
                0x0000000008008f0c                TIM17_CCMR1_Output_fields
 .rodata.TIM2_ARR_fields
                0x0000000008008f3c       0x18 decoder/STM32F30x_decoder.o
                0x0000000008008f3c                TIM2_ARR_fields
 .rodata.Flash_registers
                0x0000000008008f54       0x6c decoder/STM32F30x_decoder.o
                0x0000000008008f54                Flash_registers
 .rodata.CAN_TDH0R_fields
                0x0000000008008fc0       0x28 decoder/STM32F30x_decoder.o
                0x0000000008008fc0                CAN_TDH0R_fields
 .rodata.TIM1_DCR_fields
                0x0000000008008fe8       0x18 decoder/STM32F30x_decoder.o
                0x0000000008008fe8                TIM1_DCR_fields
 .rodata.CAN_TI2R_fields
                0x0000000008009000       0x30 decoder/STM32F30x_decoder.o
                0x0000000008009000                CAN_TI2R_fields
 .rodata.ADC1_IER_fields
                0x0000000008009030       0x60 decoder/STM32F30x_decoder.o
                0x0000000008009030                ADC1_IER_fields
 .rodata.NVIC_ICPR2_fields
                0x0000000008009090       0x10 decoder/STM32F30x_decoder.o
                0x0000000008009090                NVIC_ICPR2_fields
 .rodata.EXTI_IMR1_fields
                0x00000000080090a0      0x108 decoder/STM32F30x_decoder.o
                0x00000000080090a0                EXTI_IMR1_fields
 .rodata.TSC_IOASCR_fields
                0x00000000080091a8      0x108 decoder/STM32F30x_decoder.o
                0x00000000080091a8                TSC_IOASCR_fields
 .rodata.RCC_CFGR2_fields
                0x00000000080092b0       0x20 decoder/STM32F30x_decoder.o
                0x00000000080092b0                RCC_CFGR2_fields
 .rodata.TIM1_PSC_fields
                0x00000000080092d0       0x10 decoder/STM32F30x_decoder.o
                0x00000000080092d0                TIM1_PSC_fields
 .rodata.Flash_KEYR_fields
                0x00000000080092e0       0x10 decoder/STM32F30x_decoder.o
                0x00000000080092e0                Flash_KEYR_fields
 .rodata.TIM8_CR2_fields
                0x00000000080092f0       0x80 decoder/STM32F30x_decoder.o
                0x00000000080092f0                TIM8_CR2_fields
 .rodata.ADC1_CFGR_fields
                0x0000000008009370       0xa0 decoder/STM32F30x_decoder.o
                0x0000000008009370                ADC1_CFGR_fields
 .rodata.TIM17_EGR_fields
                0x0000000008009410       0x30 decoder/STM32F30x_decoder.o
                0x0000000008009410                TIM17_EGR_fields
 .rodata.TSC_IOGCSR_fields
                0x0000000008009440       0x88 decoder/STM32F30x_decoder.o
                0x0000000008009440                TSC_IOGCSR_fields
 .rodata.NVIC_IPR0_fields
                0x00000000080094c8       0x28 decoder/STM32F30x_decoder.o
                0x00000000080094c8                NVIC_IPR0_fields
 .rodata.NVIC_IPR8_fields
                0x00000000080094f0       0x28 decoder/STM32F30x_decoder.o
                0x00000000080094f0                NVIC_IPR8_fields
 .rodata.RTC_WUTR_fields
                0x0000000008009518       0x10 decoder/STM32F30x_decoder.o
                0x0000000008009518                RTC_WUTR_fields
 .rodata.GPIOB_OSPEEDR_fields
                0x0000000008009528       0x88 decoder/STM32F30x_decoder.o
                0x0000000008009528                GPIOB_OSPEEDR_fields
 .rodata.ADC1_ISR_fields
                0x00000000080095b0       0x60 decoder/STM32F30x_decoder.o
                0x00000000080095b0                ADC1_ISR_fields
 .rodata.NVIC_ICER1_fields
                0x0000000008009610       0x10 decoder/STM32F30x_decoder.o
                0x0000000008009610                NVIC_ICER1_fields
 .rodata.RTC_BKP7R_fields
                0x0000000008009620       0x10 decoder/STM32F30x_decoder.o
                0x0000000008009620                RTC_BKP7R_fields
 .rodata.CAN_RF0R_fields
                0x0000000008009630       0x28 decoder/STM32F30x_decoder.o
                0x0000000008009630                CAN_RF0R_fields
 .rodata.CAN_FS1R_fields
                0x0000000008009658       0xe8 decoder/STM32F30x_decoder.o
                0x0000000008009658                CAN_FS1R_fields
 .rodata.GPIOA_AFRL_fields
                0x0000000008009740       0x48 decoder/STM32F30x_decoder.o
                0x0000000008009740                GPIOA_AFRL_fields
 .rodata.DMA1_CMAR3_fields
                0x0000000008009788       0x10 decoder/STM32F30x_decoder.o
                0x0000000008009788                DMA1_CMAR3_fields
 .rodata.ADC1_SQR1_fields
                0x0000000008009798       0x30 decoder/STM32F30x_decoder.o
                0x0000000008009798                ADC1_SQR1_fields
 .rodata.CAN_F15R2_fields
                0x00000000080097c8      0x108 decoder/STM32F30x_decoder.o
                0x00000000080097c8                CAN_F15R2_fields
 .rodata.IWDG_PR_fields
                0x00000000080098d0       0x10 decoder/STM32F30x_decoder.o
                0x00000000080098d0                IWDG_PR_fields
 .rodata.TIM2_DMAR_fields
                0x00000000080098e0       0x10 decoder/STM32F30x_decoder.o
                0x00000000080098e0                TIM2_DMAR_fields
 .rodata.I2C1_TIMEOUTR_fields
                0x00000000080098f0       0x30 decoder/STM32F30x_decoder.o
                0x00000000080098f0                I2C1_TIMEOUTR_fields
 .rodata.GPIOB_LCKR_fields
                0x0000000008009920       0x90 decoder/STM32F30x_decoder.o
                0x0000000008009920                GPIOB_LCKR_fields
 .rodata.DAC_DHR8R1_fields
                0x00000000080099b0       0x10 decoder/STM32F30x_decoder.o
                0x00000000080099b0                DAC_DHR8R1_fields
 .rodata.TIM1_CCMR1_Output_fields
                0x00000000080099c0       0x68 decoder/STM32F30x_decoder.o
                0x00000000080099c0                TIM1_CCMR1_Output_fields
 .rodata.TIM1_CCR2_fields
                0x0000000008009a28       0x10 decoder/STM32F30x_decoder.o
                0x0000000008009a28                TIM1_CCR2_fields
 .rodata.TIM1_OR_fields
                0x0000000008009a38       0x18 decoder/STM32F30x_decoder.o
                0x0000000008009a38                TIM1_OR_fields
 .rodata.USART1_TDR_fields
                0x0000000008009a50       0x10 decoder/STM32F30x_decoder.o
                0x0000000008009a50                USART1_TDR_fields
 .rodata.NVIC_STIR_fields
                0x0000000008009a60       0x10 decoder/STM32F30x_decoder.o
                0x0000000008009a60                NVIC_STIR_fields
 .rodata.USB_FS_USB_EP7R_fields
                0x0000000008009a70       0x58 decoder/STM32F30x_decoder.o
                0x0000000008009a70                USB_FS_USB_EP7R_fields
 .rodata.ADC1_SQR4_fields
                0x0000000008009ac8       0x18 decoder/STM32F30x_decoder.o
                0x0000000008009ac8                ADC1_SQR4_fields
 .rodata.SYSCFG_registers
                0x0000000008009ae0       0x60 decoder/STM32F30x_decoder.o
                0x0000000008009ae0                SYSCFG_registers
 .rodata.PWR_CSR_fields
                0x0000000008009b40       0x30 decoder/STM32F30x_decoder.o
                0x0000000008009b40                PWR_CSR_fields
 .rodata.GPIOB_AFRH_fields
                0x0000000008009b70       0x48 decoder/STM32F30x_decoder.o
                0x0000000008009b70                GPIOB_AFRH_fields
 .rodata.FPU_FPCCR_fields
                0x0000000008009bb8       0x50 decoder/STM32F30x_decoder.o
                0x0000000008009bb8                FPU_FPCCR_fields
 .rodata.DBGMCU_APB2FZ_fields
                0x0000000008009c08       0x28 decoder/STM32F30x_decoder.o
                0x0000000008009c08                DBGMCU_APB2FZ_fields
 .rodata.TIM8_CCR1_fields
                0x0000000008009c30       0x10 decoder/STM32F30x_decoder.o
                0x0000000008009c30                TIM8_CCR1_fields
 .rodata.WWDG_SR_fields
                0x0000000008009c40       0x10 decoder/STM32F30x_decoder.o
                0x0000000008009c40                WWDG_SR_fields
 .rodata.TIM16_DIER_fields
                0x0000000008009c50       0x50 decoder/STM32F30x_decoder.o
                0x0000000008009c50                TIM16_DIER_fields
 .rodata.TIM1_CCR5_fields
                0x0000000008009ca0       0x28 decoder/STM32F30x_decoder.o
                0x0000000008009ca0                TIM1_CCR5_fields
 .rodata.TIM8_BDTR_fields
                0x0000000008009cc8       0x68 decoder/STM32F30x_decoder.o
                0x0000000008009cc8                TIM8_BDTR_fields
 .rodata.Flash_CR_fields
                0x0000000008009d30       0x60 decoder/STM32F30x_decoder.o
                0x0000000008009d30                Flash_CR_fields
 .rodata.RTC_BKP26R_fields
                0x0000000008009d90       0x10 decoder/STM32F30x_decoder.o
                0x0000000008009d90                RTC_BKP26R_fields
 .rodata.Flash_OBR_fields
                0x0000000008009da0       0x60 decoder/STM32F30x_decoder.o
                0x0000000008009da0                Flash_OBR_fields
 .rodata.ADC1_AWD2CR_fields
                0x0000000008009e00       0x10 decoder/STM32F30x_decoder.o
                0x0000000008009e00                ADC1_AWD2CR_fields
 .rodata.FPU_registers
                0x0000000008009e10       0x54 decoder/STM32F30x_decoder.o
                0x0000000008009e10                FPU_registers
 .rodata.DAC_CR_fields
                0x0000000008009e64       0x88 decoder/STM32F30x_decoder.o
                0x0000000008009e64                DAC_CR_fields
 .rodata.NVIC_IPR10_fields
                0x0000000008009eec       0x28 decoder/STM32F30x_decoder.o
                0x0000000008009eec                NVIC_IPR10_fields
 .rodata.TIM15_CCR1_fields
                0x0000000008009f14       0x10 decoder/STM32F30x_decoder.o
                0x0000000008009f14                TIM15_CCR1_fields
 .rodata.RTC_ALRMAR_fields
                0x0000000008009f24       0x78 decoder/STM32F30x_decoder.o
                0x0000000008009f24                RTC_ALRMAR_fields
 .rodata.GPIOA_BSRR_fields
                0x0000000008009f9c      0x108 decoder/STM32F30x_decoder.o
                0x0000000008009f9c                GPIOA_BSRR_fields
 .rodata.TIM16_SR_fields
                0x000000000800a0a4       0x38 decoder/STM32F30x_decoder.o
                0x000000000800a0a4                TIM16_SR_fields
 .rodata.CAN_F6R1_fields
                0x000000000800a0dc      0x108 decoder/STM32F30x_decoder.o
                0x000000000800a0dc                CAN_F6R1_fields
 .rodata.ADC1_OFR1_fields
                0x000000000800a1e4       0x20 decoder/STM32F30x_decoder.o
                0x000000000800a1e4                ADC1_OFR1_fields
 .rodata.TIM15_CR1_fields
                0x000000000800a204       0x40 decoder/STM32F30x_decoder.o
                0x000000000800a204                TIM15_CR1_fields
 .rodata.NVIC_IABR2_fields
                0x000000000800a244       0x10 decoder/STM32F30x_decoder.o
                0x000000000800a244                NVIC_IABR2_fields
 .rodata.DMA1_CCR2_fields
                0x000000000800a254       0x68 decoder/STM32F30x_decoder.o
                0x000000000800a254                DMA1_CCR2_fields
 .rodata.NVIC_IPR13_fields
                0x000000000800a2bc       0x28 decoder/STM32F30x_decoder.o
                0x000000000800a2bc                NVIC_IPR13_fields
 .rodata.CAN_F22R2_fields
                0x000000000800a2e4      0x108 decoder/STM32F30x_decoder.o
                0x000000000800a2e4                CAN_F22R2_fields
 .rodata.CAN_F0R2_fields
                0x000000000800a3ec      0x108 decoder/STM32F30x_decoder.o
                0x000000000800a3ec                CAN_F0R2_fields
 .rodata.RTC_BKP0R_fields
                0x000000000800a4f4       0x10 decoder/STM32F30x_decoder.o
                0x000000000800a4f4                RTC_BKP0R_fields
 .rodata.CAN_F19R1_fields
                0x000000000800a504      0x108 decoder/STM32F30x_decoder.o
                0x000000000800a504                CAN_F19R1_fields
 .rodata.DMA1_IFCR_fields
                0x000000000800a60c       0xe8 decoder/STM32F30x_decoder.o
                0x000000000800a60c                DMA1_IFCR_fields
 .rodata.TIM16_CCMR1_Input_fields
                0x000000000800a6f4       0x20 decoder/STM32F30x_decoder.o
                0x000000000800a6f4                TIM16_CCMR1_Input_fields
 .rodata.TIM2_SMCR_fields
                0x000000000800a714       0x50 decoder/STM32F30x_decoder.o
                0x000000000800a714                TIM2_SMCR_fields
 .rodata.CAN_TDT1R_fields
                0x000000000800a764       0x20 decoder/STM32F30x_decoder.o
                0x000000000800a764                CAN_TDT1R_fields
 .rodata.COMP_COMP6_CSR_fields
                0x000000000800a784       0x60 decoder/STM32F30x_decoder.o
                0x000000000800a784                COMP_COMP6_CSR_fields
 .rodata.I2C1_CR2_fields
                0x000000000800a7e4       0x70 decoder/STM32F30x_decoder.o
                0x000000000800a7e4                I2C1_CR2_fields
 .rodata.TIM1_CR1_fields
                0x000000000800a854       0x50 decoder/STM32F30x_decoder.o
                0x000000000800a854                TIM1_CR1_fields
 .rodata.CAN_F26R2_fields
                0x000000000800a8a4      0x108 decoder/STM32F30x_decoder.o
                0x000000000800a8a4                CAN_F26R2_fields
 .rodata.RTC_BKP10R_fields
                0x000000000800a9ac       0x10 decoder/STM32F30x_decoder.o
                0x000000000800a9ac                RTC_BKP10R_fields
 .rodata.DMA1_CMAR6_fields
                0x000000000800a9bc       0x10 decoder/STM32F30x_decoder.o
                0x000000000800a9bc                DMA1_CMAR6_fields
 .rodata.CAN_F23R1_fields
                0x000000000800a9cc      0x108 decoder/STM32F30x_decoder.o
                0x000000000800a9cc                CAN_F23R1_fields
 .rodata.NVIC_IPR20_fields
                0x000000000800aad4       0x28 decoder/STM32F30x_decoder.o
                0x000000000800aad4                NVIC_IPR20_fields
 .rodata.ADC1_DR_fields
                0x000000000800aafc       0x10 decoder/STM32F30x_decoder.o
                0x000000000800aafc                ADC1_DR_fields
 .rodata.CAN_F16R1_fields
                0x000000000800ab0c      0x108 decoder/STM32F30x_decoder.o
                0x000000000800ab0c                CAN_F16R1_fields
 .rodata.TSC_registers
                0x000000000800ac14       0xd8 decoder/STM32F30x_decoder.o
                0x000000000800ac14                TSC_registers
 .rodata.ADC1_registers
                0x000000000800acec      0x150 decoder/STM32F30x_decoder.o
                0x000000000800acec                ADC1_registers
 .rodata.TIM17_CR2_fields
                0x000000000800ae3c       0x30 decoder/STM32F30x_decoder.o
                0x000000000800ae3c                TIM17_CR2_fields
 .rodata.PWR_registers
                0x000000000800ae6c       0x24 decoder/STM32F30x_decoder.o
                0x000000000800ae6c                PWR_registers
 .rodata.TIM8_ARR_fields
                0x000000000800ae90       0x10 decoder/STM32F30x_decoder.o
                0x000000000800ae90                TIM8_ARR_fields
 .rodata.EXTI_RTSR1_fields
                0x000000000800aea0       0xd8 decoder/STM32F30x_decoder.o
                0x000000000800aea0                EXTI_RTSR1_fields
 .rodata.RCC_APB2ENR_fields
                0x000000000800af78       0x48 decoder/STM32F30x_decoder.o
                0x000000000800af78                RCC_APB2ENR_fields
 .rodata.NVIC_IPR3_fields
                0x000000000800afc0       0x28 decoder/STM32F30x_decoder.o
                0x000000000800afc0                NVIC_IPR3_fields
 .rodata.I2C1_TIMINGR_fields
                0x000000000800afe8       0x30 decoder/STM32F30x_decoder.o
                0x000000000800afe8                I2C1_TIMINGR_fields
 .rodata.USART1_CR1_fields
                0x000000000800b018       0xa8 decoder/STM32F30x_decoder.o
                0x000000000800b018                USART1_CR1_fields
 .rodata.CAN_F13R1_fields
                0x000000000800b0c0      0x108 decoder/STM32F30x_decoder.o
                0x000000000800b0c0                CAN_F13R1_fields
 .rodata.RCC_CSR_fields
                0x000000000800b1c8       0x58 decoder/STM32F30x_decoder.o
                0x000000000800b1c8                RCC_CSR_fields
 .rodata.GPIOB_BSRR_fields
                0x000000000800b220      0x108 decoder/STM32F30x_decoder.o
                0x000000000800b220                GPIOB_BSRR_fields
 .rodata.DES_UID0_fields
                0x000000000800b328       0x18 decoder/STM32F30x_decoder.o
                0x000000000800b328                DES_UID0_fields
 .rodata.NVIC_IABR0_fields
                0x000000000800b340       0x10 decoder/STM32F30x_decoder.o
                0x000000000800b340                NVIC_IABR0_fields
 .rodata.TIM2_EGR_fields
                0x000000000800b350       0x38 decoder/STM32F30x_decoder.o
                0x000000000800b350                TIM2_EGR_fields
 .rodata.USART1_CR3_fields
                0x000000000800b388       0xa0 decoder/STM32F30x_decoder.o
                0x000000000800b388                USART1_CR3_fields
 .rodata.TIM2_DIER_fields
                0x000000000800b428       0x68 decoder/STM32F30x_decoder.o
                0x000000000800b428                TIM2_DIER_fields
 .rodata.CAN_MSR_fields
                0x000000000800b490       0x50 decoder/STM32F30x_decoder.o
                0x000000000800b490                CAN_MSR_fields
 .rodata.DAC_DHR12L1_fields
                0x000000000800b4e0       0x10 decoder/STM32F30x_decoder.o
                0x000000000800b4e0                DAC_DHR12L1_fields
 .rodata.FPU_MVFR0_fields
                0x000000000800b4f0       0x48 decoder/STM32F30x_decoder.o
                0x000000000800b4f0                FPU_MVFR0_fields
 .rodata.SPI1_CR1_fields
                0x000000000800b538       0x78 decoder/STM32F30x_decoder.o
                0x000000000800b538                SPI1_CR1_fields
 .rodata.EXTI_registers
                0x000000000800b5b0       0x9c decoder/STM32F30x_decoder.o
                0x000000000800b5b0                EXTI_registers
 .rodata.USB_FS_DADDR_fields
                0x000000000800b64c       0x48 decoder/STM32F30x_decoder.o
                0x000000000800b64c                USB_FS_DADDR_fields
 .rodata.RTC_BKP8R_fields
                0x000000000800b694       0x10 decoder/STM32F30x_decoder.o
                0x000000000800b694                RTC_BKP8R_fields
 .rodata.CAN_F2R1_fields
                0x000000000800b6a4      0x108 decoder/STM32F30x_decoder.o
                0x000000000800b6a4                CAN_F2R1_fields
 .rodata.TIM8_CCR4_fields
                0x000000000800b7ac       0x10 decoder/STM32F30x_decoder.o
                0x000000000800b7ac                TIM8_CCR4_fields
 .rodata.USB_FS_USB_EP4R_fields
                0x000000000800b7bc       0x58 decoder/STM32F30x_decoder.o
                0x000000000800b7bc                USB_FS_USB_EP4R_fields
 .rodata.TIM8_CNT_fields
                0x000000000800b814       0x18 decoder/STM32F30x_decoder.o
                0x000000000800b814                TIM8_CNT_fields
 .rodata.RTC_PRER_fields
                0x000000000800b82c       0x18 decoder/STM32F30x_decoder.o
                0x000000000800b82c                RTC_PRER_fields
 .rodata.TIM1_SR_fields
                0x000000000800b844       0x80 decoder/STM32F30x_decoder.o
                0x000000000800b844                TIM1_SR_fields
 .rodata.DMA1_CPAR2_fields
                0x000000000800b8c4       0x10 decoder/STM32F30x_decoder.o
                0x000000000800b8c4                DMA1_CPAR2_fields
 .rodata.NVIC_IPR15_fields
                0x000000000800b8d4       0x28 decoder/STM32F30x_decoder.o
                0x000000000800b8d4                NVIC_IPR15_fields
 .rodata.TSC_CR_fields
                0x000000000800b8fc       0x68 decoder/STM32F30x_decoder.o
                0x000000000800b8fc                TSC_CR_fields
 .rodata.SPI1_SR_fields
                0x000000000800b964       0x60 decoder/STM32F30x_decoder.o
                0x000000000800b964                SPI1_SR_fields
 .rodata.ADC1_JDR3_fields
                0x000000000800b9c4       0x10 decoder/STM32F30x_decoder.o
                0x000000000800b9c4                ADC1_JDR3_fields
 .rodata.NVIC_ICTR_fields
                0x000000000800b9d4       0x10 decoder/STM32F30x_decoder.o
                0x000000000800b9d4                NVIC_ICTR_fields
 .rodata.RTC_BKP30R_fields
                0x000000000800b9e4       0x10 decoder/STM32F30x_decoder.o
                0x000000000800b9e4                RTC_BKP30R_fields
 .rodata.RTC_BKP23R_fields
                0x000000000800b9f4       0x10 decoder/STM32F30x_decoder.o
                0x000000000800b9f4                RTC_BKP23R_fields
 .rodata.I2C1_OAR2_fields
                0x000000000800ba04       0x20 decoder/STM32F30x_decoder.o
                0x000000000800ba04                I2C1_OAR2_fields
 .rodata.DMA1_CNDTR3_fields
                0x000000000800ba24       0x10 decoder/STM32F30x_decoder.o
                0x000000000800ba24                DMA1_CNDTR3_fields
 .rodata.RTC_registers
                0x000000000800ba34      0x264 decoder/STM32F30x_decoder.o
                0x000000000800ba34                RTC_registers
 .rodata.CAN_F2R2_fields
                0x000000000800bc98      0x108 decoder/STM32F30x_decoder.o
                0x000000000800bc98                CAN_F2R2_fields
 .rodata.NVIC_ISPR2_fields
                0x000000000800bda0       0x10 decoder/STM32F30x_decoder.o
                0x000000000800bda0                NVIC_ISPR2_fields
 .rodata.DMA1_CPAR5_fields
                0x000000000800bdb0       0x10 decoder/STM32F30x_decoder.o
                0x000000000800bdb0                DMA1_CPAR5_fields
 .rodata.TIM2_CCR4_fields
                0x000000000800bdc0       0x18 decoder/STM32F30x_decoder.o
                0x000000000800bdc0                TIM2_CCR4_fields
 .rodata.GPIOB_IDR_fields
                0x000000000800bdd8       0x88 decoder/STM32F30x_decoder.o
                0x000000000800bdd8                GPIOB_IDR_fields
 .rodata.ADC1_OFR4_fields
                0x000000000800be60       0x20 decoder/STM32F30x_decoder.o
                0x000000000800be60                ADC1_OFR4_fields
 .rodata.CAN_RI1R_fields
                0x000000000800be80       0x28 decoder/STM32F30x_decoder.o
                0x000000000800be80                CAN_RI1R_fields
 .rodata.CAN_F18R1_fields
                0x000000000800bea8      0x108 decoder/STM32F30x_decoder.o
                0x000000000800bea8                CAN_F18R1_fields
 .rodata.TSC_IOG5CR_fields
                0x000000000800bfb0       0x10 decoder/STM32F30x_decoder.o
                0x000000000800bfb0                TSC_IOG5CR_fields
 .rodata.DAC_DOR2_fields
                0x000000000800bfc0       0x10 decoder/STM32F30x_decoder.o
                0x000000000800bfc0                DAC_DOR2_fields
 .rodata.DMA1_CCR5_fields
                0x000000000800bfd0       0x68 decoder/STM32F30x_decoder.o
                0x000000000800bfd0                DMA1_CCR5_fields
 .rodata.DMA1_CNDTR6_fields
                0x000000000800c038       0x10 decoder/STM32F30x_decoder.o
                0x000000000800c038                DMA1_CNDTR6_fields
 .rodata.EXTI_SWIER2_fields
                0x000000000800c048       0x18 decoder/STM32F30x_decoder.o
                0x000000000800c048                EXTI_SWIER2_fields
 .rodata.CAN_RDH0R_fields
                0x000000000800c060       0x28 decoder/STM32F30x_decoder.o
                0x000000000800c060                CAN_RDH0R_fields
 .rodata.TIM6_PSC_fields
                0x000000000800c088       0x10 decoder/STM32F30x_decoder.o
                0x000000000800c088                TIM6_PSC_fields
 .rodata.CAN_TSR_fields
                0x000000000800c098       0xb8 decoder/STM32F30x_decoder.o
                0x000000000800c098                CAN_TSR_fields
 .rodata.CAN_TDL0R_fields
                0x000000000800c150       0x28 decoder/STM32F30x_decoder.o
                0x000000000800c150                CAN_TDL0R_fields
 .rodata.CAN_F5R2_fields
                0x000000000800c178      0x108 decoder/STM32F30x_decoder.o
                0x000000000800c178                CAN_F5R2_fields
 .rodata.TSC_IOG1CR_fields
                0x000000000800c280       0x10 decoder/STM32F30x_decoder.o
                0x000000000800c280                TSC_IOG1CR_fields
 .rodata.CAN_F11R1_fields
                0x000000000800c290      0x108 decoder/STM32F30x_decoder.o
                0x000000000800c290                CAN_F11R1_fields
 .rodata.TIM6_CR2_fields
                0x000000000800c398       0x10 decoder/STM32F30x_decoder.o
                0x000000000800c398                TIM6_CR2_fields
 .rodata.CAN_F25R1_fields
                0x000000000800c3a8      0x108 decoder/STM32F30x_decoder.o
                0x000000000800c3a8                CAN_F25R1_fields
 .rodata.CAN_RDL0R_fields
                0x000000000800c4b0       0x28 decoder/STM32F30x_decoder.o
                0x000000000800c4b0                CAN_RDL0R_fields
 .rodata.USART1_registers
                0x000000000800c4d8       0x90 decoder/STM32F30x_decoder.o
                0x000000000800c4d8                USART1_registers
 .rodata.DAC_SWTRIGR_fields
                0x000000000800c568       0x18 decoder/STM32F30x_decoder.o
                0x000000000800c568                DAC_SWTRIGR_fields
 .rodata.CAN_F12R2_fields
                0x000000000800c580      0x108 decoder/STM32F30x_decoder.o
                0x000000000800c580                CAN_F12R2_fields
 .rodata.RTC_BKP4R_fields
                0x000000000800c688       0x10 decoder/STM32F30x_decoder.o
                0x000000000800c688                RTC_BKP4R_fields
 .rodata.RTC_TAFCR_fields
                0x000000000800c698       0x98 decoder/STM32F30x_decoder.o
                0x000000000800c698                RTC_TAFCR_fields
 .rodata.TIM17_ARR_fields
                0x000000000800c730       0x10 decoder/STM32F30x_decoder.o
                0x000000000800c730                TIM17_ARR_fields
 .rodata.CAN_F16R2_fields